<html>
<body>
<pre>
<h1>礦ision Build Log</h1>
<h2>Tool Versions:</h2>
IDE-Version: μVision V5.26.2.0
Copyright (C) 2018 ARM Ltd and ARM Germany GmbH. All rights reserved.
License Information: 12 Administrator, 123, LIC=03CY8-31RM3-11QPY-I3F8R-DFA8E-1BIHQ
 
Tool Versions:
Toolchain:       MDK-ARM Plus  Version: 5.26.2.0
Toolchain Path:  D:\keils5\ARM\ARMCC\Bin
C Compiler:      Armcc.exe V5.06 update 6 (build 750)
Assembler:       Armasm.exe V5.06 update 6 (build 750)
Linker/Locator:  ArmLink.exe V5.06 update 6 (build 750)
Library Manager: ArmAr.exe V5.06 update 6 (build 750)
Hex Converter:   FromElf.exe V5.06 update 6 (build 750)
CPU DLL:         SARMCM3.DLL V5.26.2.0
Dialog DLL:      DCM.DLL V1.17.2.0
Target DLL:      Segger\JL2CM3.dll V2.99.31.0
Dialog DLL:      TCM.DLL V1.36.1.0
 
<h2>Project:</h2>
C:\Users\Administrator\Desktop\例程更替\英雄v3.1(中期)\Project\standard.uvprojx
Project File Date:  01/03/2021

<h2>Output:</h2>
*** Using Compiler 'V5.06 update 6 (build 750)', folder: 'D:\keils5\ARM\ARMCC\Bin'
Rebuild target 'standard'
assembling startup_stm32f427xx.s...
compiling stm32f4xx_exti.c...
compiling stm32f4xx_gpio.c...
compiling misc.c...
compiling stm32f4xx_it.c...
compiling stm32f4xx_can.c...
compiling system_stm32f4xx.c...
compiling stm32f4xx_rcc.c...
compiling stm32f4xx_spi.c...
compiling stm32f4xx_flash.c...
compiling stm32f4xx_tim.c...
compiling stm32f4xx_usart.c...
compiling stm32f4xx_sdio.c...
compiling stm32f4xx_adc.c...
compiling stm32f4xx_rng.c...
compiling stm32f4xx_syscfg.c...
compiling stm32f4xx_dma.c...
compiling list.c...
compiling croutine.c...
compiling timers.c...
compiling event_groups.c...
compiling queue.c...
compiling heap_4.c...
compiling port.c...
compiling Chassis.c...
compiling main.c...
compiling help.c...
compiling feedback.c...
compiling get_bullet.c...
compiling tasks.c...
compiling gimbal.c...
compiling start_task.c...
compiling shoot.c...
compiling CAN.c...
compiling led.c...
compiling PWM.c...
compiling Time.c...
compiling spi.c...
compiling sys.c...
compiling imu.c...
compiling power.c...
compiling FreeRTOS_middleware.c...
compiling delay.c...
compiling usart.c...
linking...
Program Size: Code=32688 RO-data=720 RW-data=840 ZI-data=136112  
FromELF: creating hex file...
".\Objects\infantry.axf" - 0 Error(s), 0 Warning(s).

<h2>Software Packages used:</h2>

Package Vendor: Keil
                http://www.keil.com/pack/Keil.STM32F4xx_DFP.2.13.0.pack
                Keil.STM32F4xx_DFP.2.13.0
                STMicroelectronics STM32F4 Series Device Support, Drivers and Examples

<h2>Collection of Component include folders:</h2>
  .\RTE\_standard
  D:\keils5\ARM\PACK\Keil\STM32F4xx_DFP\2.13.0\Drivers\CMSIS\Device\ST\STM32F4xx\Include

<h2>Collection of Component Files used:</h2>
Build Time Elapsed:  00:00:20
</pre>
</body>
</html>
