Component: ARM Compiler 5.06 update 6 (build 750) Tool: armlink [4d35ed]

==============================================================================

Section Cross References

    startup_stm32f427xx.o(STACK) refers (Special) to heapauxi.o(.text) for __use_two_region_memory
    startup_stm32f427xx.o(HEAP) refers (Special) to heapauxi.o(.text) for __use_two_region_memory
    startup_stm32f427xx.o(RESET) refers (Special) to heapauxi.o(.text) for __use_two_region_memory
    startup_stm32f427xx.o(RESET) refers to startup_stm32f427xx.o(STACK) for __initial_sp
    startup_stm32f427xx.o(RESET) refers to startup_stm32f427xx.o(.text) for Reset_Handler
    startup_stm32f427xx.o(RESET) refers to stm32f4xx_it.o(i.NMI_Handler) for NMI_Handler
    startup_stm32f427xx.o(RESET) refers to stm32f4xx_it.o(i.HardFault_Handler) for HardFault_Handler
    startup_stm32f427xx.o(RESET) refers to stm32f4xx_it.o(i.MemManage_Handler) for MemManage_Handler
    startup_stm32f427xx.o(RESET) refers to stm32f4xx_it.o(i.BusFault_Handler) for BusFault_Handler
    startup_stm32f427xx.o(RESET) refers to stm32f4xx_it.o(i.UsageFault_Handler) for UsageFault_Handler
    startup_stm32f427xx.o(RESET) refers to port.o(.emb_text) for SVC_Handler
    startup_stm32f427xx.o(RESET) refers to stm32f4xx_it.o(i.DebugMon_Handler) for DebugMon_Handler
    startup_stm32f427xx.o(RESET) refers to freertos_middleware.o(i.SysTick_Handler) for SysTick_Handler
    startup_stm32f427xx.o(RESET) refers to feedback.o(i.CAN1_RX0_IRQHandler) for CAN1_RX0_IRQHandler
    startup_stm32f427xx.o(RESET) refers to freertos_middleware.o(i.TIM3_IRQHandler) for TIM3_IRQHandler
    startup_stm32f427xx.o(RESET) refers to usart.o(i.USART1_IRQHandler) for USART1_IRQHandler
    startup_stm32f427xx.o(RESET) refers to time.o(i.TIM5_IRQHandler) for TIM5_IRQHandler
    startup_stm32f427xx.o(RESET) refers to feedback.o(i.CAN2_RX0_IRQHandler) for CAN2_RX0_IRQHandler
    startup_stm32f427xx.o(RESET) refers to usart.o(i.DMA2_Stream5_IRQHandler) for DMA2_Stream5_IRQHandler
    startup_stm32f427xx.o(RESET) refers to usart.o(i.USART6_IRQHandler) for USART6_IRQHandler
    startup_stm32f427xx.o(.text) refers (Special) to heapauxi.o(.text) for __use_two_region_memory
    startup_stm32f427xx.o(.text) refers to system_stm32f4xx.o(i.SystemInit) for SystemInit
    startup_stm32f427xx.o(.text) refers to __main.o(!!!main) for __main
    startup_stm32f427xx.o(.text) refers to startup_stm32f427xx.o(HEAP) for Heap_Mem
    startup_stm32f427xx.o(.text) refers to startup_stm32f427xx.o(STACK) for Stack_Mem
    system_stm32f4xx.o(i.SystemCoreClockUpdate) refers to system_stm32f4xx.o(.data) for SystemCoreClock
    system_stm32f4xx.o(i.SystemInit) refers to system_stm32f4xx.o(i.SetSysClock) for SetSysClock
    stm32f4xx_can.o(i.CAN_DeInit) refers to stm32f4xx_rcc.o(i.RCC_APB1PeriphResetCmd) for RCC_APB1PeriphResetCmd
    stm32f4xx_can.o(i.CAN_GetITStatus) refers to stm32f4xx_can.o(i.CheckITStatus) for CheckITStatus
    stm32f4xx_gpio.o(i.GPIO_DeInit) refers to stm32f4xx_rcc.o(i.RCC_AHB1PeriphResetCmd) for RCC_AHB1PeriphResetCmd
    stm32f4xx_rcc.o(i.RCC_GetClocksFreq) refers to stm32f4xx_rcc.o(.data) for APBAHBPrescTable
    stm32f4xx_rcc.o(i.RCC_WaitForHSEStartUp) refers to stm32f4xx_rcc.o(i.RCC_GetFlagStatus) for RCC_GetFlagStatus
    stm32f4xx_sdio.o(i.SDIO_DeInit) refers to stm32f4xx_rcc.o(i.RCC_APB2PeriphResetCmd) for RCC_APB2PeriphResetCmd
    stm32f4xx_tim.o(i.TIM_DeInit) refers to stm32f4xx_rcc.o(i.RCC_APB2PeriphResetCmd) for RCC_APB2PeriphResetCmd
    stm32f4xx_tim.o(i.TIM_DeInit) refers to stm32f4xx_rcc.o(i.RCC_APB1PeriphResetCmd) for RCC_APB1PeriphResetCmd
    stm32f4xx_tim.o(i.TIM_ETRClockMode1Config) refers to stm32f4xx_tim.o(i.TIM_ETRConfig) for TIM_ETRConfig
    stm32f4xx_tim.o(i.TIM_ETRClockMode2Config) refers to stm32f4xx_tim.o(i.TIM_ETRConfig) for TIM_ETRConfig
    stm32f4xx_tim.o(i.TIM_ICInit) refers to stm32f4xx_tim.o(i.TI1_Config) for TI1_Config
    stm32f4xx_tim.o(i.TIM_ICInit) refers to stm32f4xx_tim.o(i.TIM_SetIC1Prescaler) for TIM_SetIC1Prescaler
    stm32f4xx_tim.o(i.TIM_ICInit) refers to stm32f4xx_tim.o(i.TI2_Config) for TI2_Config
    stm32f4xx_tim.o(i.TIM_ICInit) refers to stm32f4xx_tim.o(i.TIM_SetIC2Prescaler) for TIM_SetIC2Prescaler
    stm32f4xx_tim.o(i.TIM_ICInit) refers to stm32f4xx_tim.o(i.TI3_Config) for TI3_Config
    stm32f4xx_tim.o(i.TIM_ICInit) refers to stm32f4xx_tim.o(i.TIM_SetIC3Prescaler) for TIM_SetIC3Prescaler
    stm32f4xx_tim.o(i.TIM_ICInit) refers to stm32f4xx_tim.o(i.TI4_Config) for TI4_Config
    stm32f4xx_tim.o(i.TIM_ICInit) refers to stm32f4xx_tim.o(i.TIM_SetIC4Prescaler) for TIM_SetIC4Prescaler
    stm32f4xx_tim.o(i.TIM_ITRxExternalClockConfig) refers to stm32f4xx_tim.o(i.TIM_SelectInputTrigger) for TIM_SelectInputTrigger
    stm32f4xx_tim.o(i.TIM_PWMIConfig) refers to stm32f4xx_tim.o(i.TI1_Config) for TI1_Config
[...]
    FMC_IRQHandler                           0x08000371   Thumb Code     0  startup_stm32f427xx.o(.text)
    FPU_IRQHandler                           0x08000371   Thumb Code     0  startup_stm32f427xx.o(.text)
    HASH_RNG_IRQHandler                      0x08000371   Thumb Code     0  startup_stm32f427xx.o(.text)
    I2C1_ER_IRQHandler                       0x08000371   Thumb Code     0  startup_stm32f427xx.o(.text)
    I2C1_EV_IRQHandler                       0x08000371   Thumb Code     0  startup_stm32f427xx.o(.text)
    I2C2_ER_IRQHandler                       0x08000371   Thumb Code     0  startup_stm32f427xx.o(.text)
    I2C2_EV_IRQHandler                       0x08000371   Thumb Code     0  startup_stm32f427xx.o(.text)
    I2C3_ER_IRQHandler                       0x08000371   Thumb Code     0  startup_stm32f427xx.o(.text)
    I2C3_EV_IRQHandler                       0x08000371   Thumb Code     0  startup_stm32f427xx.o(.text)
    OTG_FS_IRQHandler                        0x08000371   Thumb Code     0  startup_stm32f427xx.o(.text)
    OTG_FS_WKUP_IRQHandler                   0x08000371   Thumb Code     0  startup_stm32f427xx.o(.text)
    OTG_HS_EP1_IN_IRQHandler                 0x08000371   Thumb Code     0  startup_stm32f427xx.o(.text)
    OTG_HS_EP1_OUT_IRQHandler                0x08000371   Thumb Code     0  startup_stm32f427xx.o(.text)
    OTG_HS_IRQHandler                        0x08000371   Thumb Code     0  startup_stm32f427xx.o(.text)
    OTG_HS_WKUP_IRQHandler                   0x08000371   Thumb Code     0  startup_stm32f427xx.o(.text)
    PVD_IRQHandler                           0x08000371   Thumb Code     0  startup_stm32f427xx.o(.text)
    RCC_IRQHandler                           0x08000371   Thumb Code     0  startup_stm32f427xx.o(.text)
    RTC_Alarm_IRQHandler                     0x08000371   Thumb Code     0  startup_stm32f427xx.o(.text)
    RTC_WKUP_IRQHandler                      0x08000371   Thumb Code     0  startup_stm32f427xx.o(.text)
    SAI1_IRQHandler                          0x08000371   Thumb Code     0  startup_stm32f427xx.o(.text)
    SDIO_IRQHandler                          0x08000371   Thumb Code     0  startup_stm32f427xx.o(.text)
    SPI1_IRQHandler                          0x08000371   Thumb Code     0  startup_stm32f427xx.o(.text)
    SPI2_IRQHandler                          0x08000371   Thumb Code     0  startup_stm32f427xx.o(.text)
    SPI3_IRQHandler                          0x08000371   Thumb Code     0  startup_stm32f427xx.o(.text)
    SPI4_IRQHandler                          0x08000371   Thumb Code     0  startup_stm32f427xx.o(.text)
    SPI5_IRQHandler                          0x08000371   Thumb Code     0  startup_stm32f427xx.o(.text)
    SPI6_IRQHandler                          0x08000371   Thumb Code     0  startup_stm32f427xx.o(.text)
    TAMP_STAMP_IRQHandler                    0x08000371   Thumb Code     0  startup_stm32f427xx.o(.text)
    TIM1_BRK_TIM9_IRQHandler                 0x08000371   Thumb Code     0  startup_stm32f427xx.o(.text)
    TIM1_CC_IRQHandler                       0x08000371   Thumb Code     0  startup_stm32f427xx.o(.text)
    TIM1_TRG_COM_TIM11_IRQHandler            0x08000371   Thumb Code     0  startup_stm32f427xx.o(.text)
    TIM1_UP_TIM10_IRQHandler                 0x08000371   Thumb Code     0  startup_stm32f427xx.o(.text)
    TIM2_IRQHandler                          0x08000371   Thumb Code     0  startup_stm32f427xx.o(.text)
    TIM4_IRQHandler                          0x08000371   Thumb Code     0  startup_stm32f427xx.o(.text)
    TIM6_DAC_IRQHandler                      0x08000371   Thumb Code     0  startup_stm32f427xx.o(.text)
    TIM7_IRQHandler                          0x08000371   Thumb Code     0  startup_stm32f427xx.o(.text)
    TIM8_BRK_TIM12_IRQHandler                0x08000371   Thumb Code     0  startup_stm32f427xx.o(.text)
    TIM8_CC_IRQHandler                       0x08000371   Thumb Code     0  startup_stm32f427xx.o(.text)
    TIM8_TRG_COM_TIM14_IRQHandler            0x08000371   Thumb Code     0  startup_stm32f427xx.o(.text)
    TIM8_UP_TIM13_IRQHandler                 0x08000371   Thumb Code     0  startup_stm32f427xx.o(.text)
    UART4_IRQHandler                         0x08000371   Thumb Code     0  startup_stm32f427xx.o(.text)
    UART5_IRQHandler                         0x08000371   Thumb Code     0  startup_stm32f427xx.o(.text)
    UART7_IRQHandler                         0x08000371   Thumb Code     0  startup_stm32f427xx.o(.text)
    UART8_IRQHandler                         0x08000371   Thumb Code     0  startup_stm32f427xx.o(.text)
    USART2_IRQHandler                        0x08000371   Thumb Code     0  startup_stm32f427xx.o(.text)
    USART3_IRQHandler                        0x08000371   Thumb Code     0  startup_stm32f427xx.o(.text)
    WWDG_IRQHandler                          0x08000371   Thumb Code     0  startup_stm32f427xx.o(.text)
    __user_initial_stackheap                 0x08000375   Thumb Code     0  startup_stm32f427xx.o(.text)
    __use_no_semihosting                     0x08000399   Thumb Code     2  use_no_semi_2.o(.text)
    __2printf                                0x0800039d   Thumb Code    20  noretval__2printf.o(.text)
    __printf                                 0x080003b5   Thumb Code   104  __printf.o(.text)
    _printf_str                              0x0800041d   Thumb Code    82  _printf_str.o(.text)
    __aeabi_memcpy                           0x0800046f   Thumb Code     0  rt_memcpy_v6.o(.text)
    __rt_memcpy                              0x0800046f   Thumb Code   138  rt_memcpy_v6.o(.text)
    _memcpy_lastbytes                        0x080004d5   Thumb Code     0  rt_memcpy_v6.o(.text)
    __aeabi_memcpy4                          0x080004f9   Thumb Code     0  rt_memcpy_w.o(.text)
    __aeabi_memcpy8                          0x080004f9   Thumb Code     0  rt_memcpy_w.o(.text)
    __rt_memcpy_w                            0x080004f9   Thumb Code   100  rt_memcpy_w.o(.text)
    _memcpy_lastbytes_aligned                0x08000541   Thumb Code     0  rt_memcpy_w.o(.text)
    __aeabi_memset                           0x0800055d   Thumb Code    16  aeabi_memset.o(.text)
    __use_two_region_memory                  0x0800056d   Thumb Code     2  heapauxi.o(.text)
    __rt_heap_escrow$2region                 0x0800056f   Thumb Code     2  heapauxi.o(.text)
    __rt_heap_expand$2region                 0x08000571   Thumb Code     2  heapauxi.o(.text)
    __I$use$semihosting                      0x08000573   Thumb Code     0  use_no_semi.o(.text)
    __use_no_semihosting_swi                 0x08000573   Thumb Code     2  use_no_semi.o(.text)
    __read_errno                             0x08000575   Thumb Code    10  _rserrno.o(.text)
    __set_errno                              0x0800057f   Thumb Code    12  _rserrno.o(.text)
    _printf_char_common                      0x08000597   Thumb Code    32  _printf_char_common.o(.text)
    _printf_cs_common                        0x080005bd   Thumb Code    20  _printf_char.o(.text)
    _printf_char                             0x080005d1   Thumb Code    16  _printf_char.o(.text)
    _printf_string                           0x080005e1   Thumb Code     8  _printf_char.o(.text)
    _printf_char_file                        0x080005e9   Thumb Code    32  _printf_char_file.o(.text)
    __aeabi_memclr                           0x0800060d   Thumb Code     0  rt_memclr.o(.text)
    __rt_memclr                              0x0800060d   Thumb Code    68  rt_memclr.o(.text)
    _memset                                  0x08000611   Thumb Code     0  rt_memclr.o(.text)
    __aeabi_errno_addr                       0x08000651   Thumb Code     8  rt_errno_addr_intlibspace.o(.text)
    __errno$intlibspace                      0x08000651   Thumb Code     0  rt_errno_addr_intlibspace.o(.text)
    __rt_errno_addr$intlibspace              0x08000651   Thumb Code     0  rt_errno_addr_intlibspace.o(.text)
    ferror                                   0x08000659   Thumb Code     8  ferror.o(.text)
    __aeabi_memclr4                          0x08000661   Thumb Code     0  rt_memclr_w.o(.text)
    __aeabi_memclr8                          0x08000661   Thumb Code     0  rt_memclr_w.o(.text)
    __rt_memclr_w                            0x08000661   Thumb Code    78  rt_memclr_w.o(.text)
    _memset_w                                0x08000665   Thumb Code     0  rt_memclr_w.o(.text)
    __user_libspace                          0x080006b1   Thumb Code     8  libspace.o(.text)
    __user_perproc_libspace                  0x080006b1   Thumb Code     0  libspace.o(.text)
    __user_perthread_libspace                0x080006b1   Thumb Code     0  libspace.o(.text)
    __user_setup_stackheap                   0x080006b9   Thumb Code    74  sys_stackheap_outer.o(.text)
    exit                                     0x08000703   Thumb Code    18  exit.o(.text)
    BSP_init                                 0x08000715   Thumb Code    92  main.o(i.BSP_init)
    BusFault_Handler                         0x08000771   Thumb Code     4  stm32f4xx_it.o(i.BusFault_Handler)
    CAN1_RX0_IRQHandler                      0x08000775   Thumb Code   574  feedback.o(i.CAN1_RX0_IRQHandler)
    CAN1_Send_Msg                            0x080009d9   Thumb Code   108  can.o(i.CAN1_Send_Msg)
    CAN1_mode_init                           0x08000a49   Thumb Code   264  can.o(i.CAN1_mode_init)
    CAN2_RX0_IRQHandler                      0x08000b59   Thumb Code   110  feedback.o(i.CAN2_RX0_IRQHandler)
    CAN2_Send_Msg                            0x08000bd1   Thumb Code   104  can.o(i.CAN2_Send_Msg)
    CAN2_mode_init                           0x08000c41   Thumb Code   268  can.o(i.CAN2_mode_init)
    CAN_FilterInit                           0x08000d55   Thumb Code   258  stm32f4xx_can.o(i.CAN_FilterInit)
    CAN_ITConfig                             0x08000e5d   Thumb Code    18  stm32f4xx_can.o(i.CAN_ITConfig)
    CAN_Init                                 0x08000e6f   Thumb Code   276  stm32f4xx_can.o(i.CAN_Init)
    CAN_MessagePending                       0x08000f83   Thumb Code    30  stm32f4xx_can.o(i.CAN_MessagePending)
    CAN_Receive                              0x08000fa1   Thumb Code   240  stm32f4xx_can.o(i.CAN_Receive)
    CAN_Transmit                             0x08001091   Thumb Code   294  stm32f4xx_can.o(i.CAN_Transmit)
    CAN_TransmitStatus                       0x080011b9   Thumb Code   138  stm32f4xx_can.o(i.CAN_TransmitStatus)
    DMA2_Stream5_IRQHandler                  0x08001259   Thumb Code   302  usart.o(i.DMA2_Stream5_IRQHandler)
    DMA_ClearFlag                            0x0800139d   Thumb Code    38  stm32f4xx_dma.o(i.DMA_ClearFlag)
    DMA_ClearITPendingBit                    0x080013d1   Thumb Code    38  stm32f4xx_dma.o(i.DMA_ClearITPendingBit)
    DMA_Cmd                                  0x08001405   Thumb Code    22  stm32f4xx_dma.o(i.DMA_Cmd)
    DMA_DeInit                               0x0800141d   Thumb Code   324  stm32f4xx_dma.o(i.DMA_DeInit)
    DMA_GetITStatus                          0x08001575   Thumb Code    82  stm32f4xx_dma.o(i.DMA_GetITStatus)
    DMA_ITConfig                             0x080015d9   Thumb Code    58  stm32f4xx_dma.o(i.DMA_ITConfig)
    DMA_Init                                 0x08001615   Thumb Code    82  stm32f4xx_dma.o(i.DMA_Init)
    DebugMon_Handler                         0x0800166d   Thumb Code     2  stm32f4xx_it.o(i.DebugMon_Handler)
    GPIO_Init                                0x0800166f   Thumb Code   144  stm32f4xx_gpio.o(i.GPIO_Init)
    GPIO_PinAFConfig                         0x080016ff   Thumb Code    70  stm32f4xx_gpio.o(i.GPIO_PinAFConfig)
    GPIO_SetBits                             0x08001745   Thumb Code     4  stm32f4xx_gpio.o(i.GPIO_SetBits)
    GetPitchYawGxGyGz                        0x08001749   Thumb Code   100  imu.o(i.GetPitchYawGxGyGz)
    Get_Time_Micros                          0x080017cd   Thumb Code     8  imu.o(i.Get_Time_Micros)
    HardFault_Handler                        0x080017d5   Thumb Code     4  stm32f4xx_it.o(i.HardFault_Handler)
    IMU_AHRSupdate                           0x080017d9   Thumb Code  1920  imu.o(i.IMU_AHRSupdate)
    IMU_getQ                                 0x08001f9d   Thumb Code    56  imu.o(i.IMU_getQ)
    IMU_getValues                            0x08001fe9   Thumb Code  1744  imu.o(i.IMU_getValues)
    IMU_getYawPitchRoll                      0x08002709   Thumb Code   552  imu.o(i.IMU_getYawPitchRoll)
    MPU6500_Init                             0x08002945   Thumb Code    74  imu.o(i.MPU6500_Init)
    MPU6500_Read_Reg                         0x08002999   Thumb Code    52  imu.o(i.MPU6500_Read_Reg)
    MPU6500_Read_Regs                        0x080029dd   Thumb Code    30  imu.o(i.MPU6500_Read_Regs)
    MPU6500_Write_Reg                        0x08002a05   Thumb Code    50  imu.o(i.MPU6500_Write_Reg)
    MemManage_Handler                        0x08002a45   Thumb Code     4  stm32f4xx_it.o(i.MemManage_Handler)
    NMI_Handler                              0x08002a49   Thumb Code     2  stm32f4xx_it.o(i.NMI_Handler)
    NVIC_Init                                0x08002a4d   Thumb Code   106  misc.o(i.NVIC_Init)
    NVIC_PriorityGroupConfig                 0x08002ac5   Thumb Code    10  misc.o(i.NVIC_PriorityGroupConfig)
    PWM_Init                                 0x08002ad9   Thumb Code   306  pwm.o(i.PWM_Init)
    RCC_AHB1PeriphClockCmd                   0x08002c1d   Thumb Code    26  stm32f4xx_rcc.o(i.RCC_AHB1PeriphClockCmd)
    RCC_APB1PeriphClockCmd                   0x08002c3d   Thumb Code    26  stm32f4xx_rcc.o(i.RCC_APB1PeriphClockCmd)
    RCC_APB1PeriphResetCmd                   0x08002c5d   Thumb Code    26  stm32f4xx_rcc.o(i.RCC_APB1PeriphResetCmd)
    RCC_APB2PeriphClockCmd                   0x08002c7d   Thumb Code    26  stm32f4xx_rcc.o(i.RCC_APB2PeriphClockCmd)
    RCC_APB2PeriphResetCmd                   0x08002c9d   Thumb Code    26  stm32f4xx_rcc.o(i.RCC_APB2PeriphResetCmd)
    RCC_GetClocksFreq                        0x08002cbd   Thumb Code   214  stm32f4xx_rcc.o(i.RCC_GetClocksFreq)
    SPI5_Init                                0x08002da5   Thumb Code   272  spi.o(i.SPI5_Init)
    SPI5_ReadWriteByte                       0x08002ec1   Thumb Code    82  spi.o(i.SPI5_ReadWriteByte)
    SPI5_SetSpeed                            0x08002f19   Thumb Code    36  spi.o(i.SPI5_SetSpeed)
    SPI_Cmd                                  0x08002f41   Thumb Code    24  stm32f4xx_spi.o(i.SPI_Cmd)
    SPI_I2S_GetFlagStatus                    0x08002f59   Thumb Code    18  stm32f4xx_spi.o(i.SPI_I2S_GetFlagStatus)
    SPI_I2S_ReceiveData                      0x08002f6b   Thumb Code     6  stm32f4xx_spi.o(i.SPI_I2S_ReceiveData)
    SPI_I2S_SendData                         0x08002f71   Thumb Code     4  stm32f4xx_spi.o(i.SPI_I2S_SendData)
    SPI_Init                                 0x08002f75   Thumb Code    60  stm32f4xx_spi.o(i.SPI_Init)
    SysTick_CLKSourceConfig                  0x080030d1   Thumb Code    40  misc.o(i.SysTick_CLKSourceConfig)
    SysTick_Handler                          0x080030f9   Thumb Code    16  freertos_middleware.o(i.SysTick_Handler)
    SystemInit                               0x08003109   Thumb Code    88  system_stm32f4xx.o(i.SystemInit)
    TIM2_Int_Init                            0x08003171   Thumb Code    64  time.o(i.TIM2_Int_Init)
    TIM3_IRQHandler                          0x080031b1   Thumb Code    40  freertos_middleware.o(i.TIM3_IRQHandler)
    TIM5_IRQHandler                          0x080031e1   Thumb Code    34  time.o(i.TIM5_IRQHandler)
    TIM_ARRPreloadConfig                     0x0800320d   Thumb Code    24  stm32f4xx_tim.o(i.TIM_ARRPreloadConfig)
    TIM_ClearFlag                            0x08003225   Thumb Code     6  stm32f4xx_tim.o(i.TIM_ClearFlag)
    TIM_ClearITPendingBit                    0x0800322b   Thumb Code     6  stm32f4xx_tim.o(i.TIM_ClearITPendingBit)
    TIM_Cmd                                  0x08003231   Thumb Code    24  stm32f4xx_tim.o(i.TIM_Cmd)
    TIM_CtrlPWMOutputs                       0x08003249   Thumb Code    30  stm32f4xx_tim.o(i.TIM_CtrlPWMOutputs)
    TIM_GetITStatus                          0x08003267   Thumb Code    34  stm32f4xx_tim.o(i.TIM_GetITStatus)
    TIM_ITConfig                             0x08003289   Thumb Code    18  stm32f4xx_tim.o(i.TIM_ITConfig)
    TIM_OC1Init                              0x0800329d   Thumb Code   114  stm32f4xx_tim.o(i.TIM_OC1Init)
    TIM_OC1PreloadConfig                     0x08003319   Thumb Code    18  stm32f4xx_tim.o(i.TIM_OC1PreloadConfig)
    TIM_OC4Init                              0x0800332d   Thumb Code   112  stm32f4xx_tim.o(i.TIM_OC4Init)
    TIM_OC4PreloadConfig                     0x080033a5   Thumb Code    26  stm32f4xx_tim.o(i.TIM_OC4PreloadConfig)
    TIM_SetCompare1                          0x080033bf   Thumb Code     4  stm32f4xx_tim.o(i.TIM_SetCompare1)
    TIM_SetCompare4                          0x080033c3   Thumb Code     4  stm32f4xx_tim.o(i.TIM_SetCompare4)
    TIM_TimeBaseInit                         0x080033c9   Thumb Code   104  stm32f4xx_tim.o(i.TIM_TimeBaseInit)
    Tick_TIM5_Init                           0x0800344d   Thumb Code    88  time.o(i.Tick_TIM5_Init)
    USART1_Configuration                     0x080034a9   Thumb Code   294  usart.o(i.USART1_Configuration)
    USART1_IRQHandler                        0x080035e9   Thumb Code    26  usart.o(i.USART1_IRQHandler)
    USART6_IRQHandler                        0x08003609   Thumb Code    54  usart.o(i.USART6_IRQHandler)
    USART_ClearFlag                          0x0800364d   Thumb Code    18  stm32f4xx_usart.o(i.USART_ClearFlag)
    USART_ClearITPendingBit                  0x0800365f   Thumb Code    30  stm32f4xx_usart.o(i.USART_ClearITPendingBit)
    USART_Cmd                                0x0800367d   Thumb Code    24  stm32f4xx_usart.o(i.USART_Cmd)
    USART_DMACmd                             0x08003695   Thumb Code    18  stm32f4xx_usart.o(i.USART_DMACmd)
    USART_DeInit                             0x080036a9   Thumb Code   206  stm32f4xx_usart.o(i.USART_DeInit)
    USART_GetITStatus                        0x08003799   Thumb Code    84  stm32f4xx_usart.o(i.USART_GetITStatus)
    USART_ITConfig                           0x080037ed   Thumb Code    74  stm32f4xx_usart.o(i.USART_ITConfig)
    USART_Init                               0x08003839   Thumb Code   204  stm32f4xx_usart.o(i.USART_Init)
    USART_ReceiveData                        0x0800390d   Thumb Code    10  stm32f4xx_usart.o(i.USART_ReceiveData)
    UsageFault_Handler                       0x08003917   Thumb Code     4  stm32f4xx_it.o(i.UsageFault_Handler)
    __ARM_fpclassify                         0x0800391b   Thumb Code    48  fpclassify.o(i.__ARM_fpclassify)
    __hardfp_asin                            0x08003951   Thumb Code   770  asin.o(i.__hardfp_asin)
    __hardfp_atan                            0x08003cb1   Thumb Code   622  atan.o(i.__hardfp_atan)
    __hardfp_atan2                           0x08003f89   Thumb Code   432  atan2.o(i.__hardfp_atan2)
    __hardfp_sqrt                            0x08004179   Thumb Code   122  sqrt.o(i.__hardfp_sqrt)
    __kernel_poly                            0x080041f3   Thumb Code   248  poly.o(i.__kernel_poly)
    __mathlib_dbl_infnan                     0x080042eb   Thumb Code    20  dunder.o(i.__mathlib_dbl_infnan)
    __mathlib_dbl_infnan2                    0x080042ff   Thumb Code    20  dunder.o(i.__mathlib_dbl_infnan2)
    __mathlib_dbl_invalid                    0x08004319   Thumb Code    24  dunder.o(i.__mathlib_dbl_invalid)
    __mathlib_dbl_underflow                  0x08004339   Thumb Code    24  dunder.o(i.__mathlib_dbl_underflow)
    _sys_exit                                0x08004359   Thumb Code     4  usart.o(i._sys_exit)
    angleConversion                          0x0800435d   Thumb Code   460  gimbal.o(i.angleConversion)
    angleFeedback                            0x08004581   Thumb Code    26  gimbal.o(i.angleFeedback)
    atan                                     0x080045b5   Thumb Code    16  atan.o(i.atan)
    chassisConversion                        0x080045c5   Thumb Code   536  chassis.o(i.chassisConversion)
    chassisFeedback                          0x08004831   Thumb Code    34  chassis.o(i.chassisFeedback)
    chassisInit                              0x08004875   Thumb Code    30  chassis.o(i.chassisInit)
    chassisSend                              0x080049e9   Thumb Code    74  chassis.o(i.chassisSend)
    chassisSpeedSet                          0x08004a35   Thumb Code   232  chassis.o(i.chassisSpeedSet)
    chassisTask                              0x08004b41   Thumb Code    16  chassis.o(i.chassisTask)
    chassis_task                             0x08004b51   Thumb Code    18  chassis.o(i.chassis_task)
    delay_init                               0x08004b65   Thumb Code    90  delay.o(i.delay_init)
    delay_ms                                 0x08004bd1   Thumb Code    76  delay.o(i.delay_ms)
    fabs                                     0x08004c21   Thumb Code    24  fabs.o(i.fabs)
    flow_led_off                             0x08004c39   Thumb Code    20  led.o(i.flow_led_off)
    fputc                                    0x08004c51   Thumb Code    24  usart.o(i.fputc)
    gimbalInit                               0x08004c6d   Thumb Code    82  gimbal.o(i.gimbalInit)
    gimbalSend                               0x08004e21   Thumb Code    58  gimbal.o(i.gimbalSend)
    gimbalTask                               0x08004e5b   Thumb Code    20  gimbal.o(i.gimbalTask)
    gimbal_Task                              0x08004e6f   Thumb Code    18  gimbal.o(i.gimbal_Task)
    invSqrt                                  0x08004e81   Thumb Code    56  imu.o(i.invSqrt)
    led_configuration                        0x08004ebd   Thumb Code    94  led.o(i.led_configuration)
    led_green_off                            0x08004f29   Thumb Code    14  led.o(i.led_green_off)
    led_red_off                              0x08004f3d   Thumb Code    14  led.o(i.led_red_off)
    limitSet                                 0x08004f51   Thumb Code    34  gimbal.o(i.limitSet)
    main                                     0x08004f85   Thumb Code    16  main.o(i.main)
    powerInit                                0x08004f95   Thumb Code   144  power.o(i.powerInit)
    pvPortMalloc                             0x08005a59   Thumb Code   296  heap_4.o(i.pvPortMalloc)
    pvTaskIncrementMutexHeldCount            0x08005b95   Thumb Code    26  tasks.o(i.pvTaskIncrementMutexHeldCount)
    pxPortInitialiseStack                    0x08005bb5   Thumb Code    38  port.o(i.pxPortInitialiseStack)
    set_fric                                 0x08005be1   Thumb Code    24  pwm.o(i.set_fric)
    shootConversion                          0x08005bfd   Thumb Code    74  shoot.o(i.shootConversion)
    shootFeedback                            0x08005c5d   Thumb Code    26  shoot.o(i.shootFeedback)
    shootInit                                0x08005c91   Thumb Code    56  shoot.o(i.shootInit)
    shootSend                                0x08005e31   Thumb Code    58  shoot.o(i.shootSend)
    shootSpeedSet                            0x08005e6d   Thumb Code   176  shoot.o(i.shootSpeedSet)
    shootTask                                0x08005f3d   Thumb Code    16  shoot.o(i.shootTask)
    shoot_task                               0x08005f4d   Thumb Code    18  shoot.o(i.shoot_task)
    speedSet                                 0x08005f61   Thumb Code   288  gimbal.o(i.speedSet)
    sqrt                                     0x080060c1   Thumb Code   110  sqrt.o(i.sqrt)
    start_rob_task                           0x08006131   Thumb Code    88  start_task.o(i.start_rob_task)
    start_task                               0x080061c9   Thumb Code    24  start_task.o(i.start_task)
    usart6_Init                              0x080061f9   Thumb Code   186  usart.o(i.usart6_Init)
    uxListRemove                             0x080062bd   Thumb Code    40  list.o(i.uxListRemove)
    vListInitialise                          0x080062e5   Thumb Code    26  list.o(i.vListInitialise)
    vListInitialiseItem                      0x080062ff   Thumb Code     6  list.o(i.vListInitialiseItem)
    vListInsert                              0x08006305   Thumb Code    52  list.o(i.vListInsert)
    vListInsertEnd                           0x08006339   Thumb Code    24  list.o(i.vListInsertEnd)
    vPortEnterCritical                       0x08006351   Thumb Code    76  port.o(i.vPortEnterCritical)
    vPortExitCritical                        0x080063a5   Thumb Code    56  port.o(i.vPortExitCritical)
    vPortFree                                0x080063e1   Thumb Code   140  heap_4.o(i.vPortFree)
    vPortSetupTimerInterrupt                 0x08006475   Thumb Code     2  freertos_middleware.o(i.vPortSetupTimerInterrupt)
    vPortValidateInterruptPriority           0x08006479   Thumb Code   106  port.o(i.vPortValidateInterruptPriority)
    vQueueAddToRegistry                      0x080064f1   Thumb Code    38  queue.o(i.vQueueAddToRegistry)
    vQueueWaitForMessageRestricted           0x0800651d   Thumb Code    74  queue.o(i.vQueueWaitForMessageRestricted)
    vTaskDelay                               0x08006569   Thumb Code    82  tasks.o(i.vTaskDelay)
    vTaskDelete                              0x080065c5   Thumb Code   202  tasks.o(i.vTaskDelete)
    vTaskMissedYield                         0x080066b9   Thumb Code     8  tasks.o(i.vTaskMissedYield)
    vTaskPlaceOnEventList                    0x080066c5   Thumb Code    52  tasks.o(i.vTaskPlaceOnEventList)
    vTaskPlaceOnEventListRestricted          0x080066fd   Thumb Code    60  tasks.o(i.vTaskPlaceOnEventListRestricted)
    vTaskPriorityInherit                     0x0800673d   Thumb Code   164  tasks.o(i.vTaskPriorityInherit)
    vTaskSetTimeOutState                     0x080067ed   Thumb Code    38  tasks.o(i.vTaskSetTimeOutState)
    vTaskStartScheduler                      0x0800681d   Thumb Code   118  tasks.o(i.vTaskStartScheduler)
    vTaskSuspendAll                          0x080068b1   Thumb Code    12  tasks.o(i.vTaskSuspendAll)
    vTaskSwitchContext                       0x080068c1   Thumb Code   118  tasks.o(i.vTaskSwitchContext)
    xPortStartScheduler                      0x0800694d   Thumb Code   288  port.o(i.xPortStartScheduler)
    xPortSysTickHandler                      0x08006a89   Thumb Code    46  port.o(i.xPortSysTickHandler)
    xQueueGenericCreate                      0x08006abd   Thumb Code    88  queue.o(i.xQueueGenericCreate)
    xQueueGenericReceive                     0x08006b15   Thumb Code   446  queue.o(i.xQueueGenericReceive)
    xQueueGenericReset                       0x08006cd9   Thumb Code   146  queue.o(i.xQueueGenericReset)
    xQueueGenericSend                        0x08006d71   Thumb Code   452  queue.o(i.xQueueGenericSend)
    xQueueGenericSendFromISR                 0x08006f39   Thumb Code   264  queue.o(i.xQueueGenericSendFromISR)
    xTaskCheckForTimeOut                     0x08007041   Thumb Code   132  tasks.o(i.xTaskCheckForTimeOut)
    xTaskCreate                              0x080070cd   Thumb Code    96  tasks.o(i.xTaskCreate)
    xTaskGetSchedulerState                   0x0800712d   Thumb Code    24  tasks.o(i.xTaskGetSchedulerState)
    xTaskGetTickCount                        0x0800714d   Thumb Code     6  tasks.o(i.xTaskGetTickCount)
    xTaskIncrementTick                       0x08007159   Thumb Code   282  tasks.o(i.xTaskIncrementTick)
    xTaskPriorityDisinherit                  0x080072a1   Thumb Code   188  tasks.o(i.xTaskPriorityDisinherit)
    xTaskRemoveFromEventList                 0x08007369   Thumb Code   128  tasks.o(i.xTaskRemoveFromEventList)
    xTaskResumeAll                           0x08007401   Thumb Code   224  tasks.o(i.xTaskResumeAll)
    xTimerCreateTimerTask                    0x08007505   Thumb Code    64  timers.o(i.xTimerCreateTimerTask)
    xTimerGenericCommand                     0x08007559   Thumb Code   126  timers.o(i.xTimerGenericCommand)
    __aeabi_dneg                             0x080075dd   Thumb Code     0  basic.o(x$fpl$basic)
    _dneg                                    0x080075dd   Thumb Code     6  basic.o(x$fpl$basic)
    __aeabi_fneg                             0x080075e3   Thumb Code     0  basic.o(x$fpl$basic)
    _fneg                                    0x080075e3   Thumb Code     6  basic.o(x$fpl$basic)
    _dabs                                    0x080075e9   Thumb Code     6  basic.o(x$fpl$basic)
    _fabs                                    0x080075ef   Thumb Code     6  basic.o(x$fpl$basic)
    __aeabi_d2f                              0x080075f5   Thumb Code     0  d2f.o(x$fpl$d2f)
    _d2f                                     0x080075f5   Thumb Code    98  d2f.o(x$fpl$d2f)
    __aeabi_dadd                             0x08007659   Thumb Code     0  daddsub_clz.o(x$fpl$dadd)
    _dadd                                    0x08007659   Thumb Code   332  daddsub_clz.o(x$fpl$dadd)
    __aeabi_ddiv                             0x080077a9   Thumb Code     0  ddiv.o(x$fpl$ddiv)
    _ddiv                                    0x080077a9   Thumb Code   552  ddiv.o(x$fpl$ddiv)
    __aeabi_d2iz                             0x08007a59   Thumb Code     0  dfix.o(x$fpl$dfix)
    _dfix                                    0x08007a59   Thumb Code    94  dfix.o(x$fpl$dfix)
    __aeabi_i2d                              0x08007ab7   Thumb Code     0  dflt_clz.o(x$fpl$dflt)
    _dflt                                    0x08007ab7   Thumb Code    46  dflt_clz.o(x$fpl$dflt)
    __aeabi_dmul                             0x08007ae5   Thumb Code     0  dmul.o(x$fpl$dmul)
    _dmul                                    0x08007ae5   Thumb Code   332  dmul.o(x$fpl$dmul)
    __fpl_dnaninf                            0x08007c39   Thumb Code   156  dnaninf.o(x$fpl$dnaninf)
    __fpl_dretinf                            0x08007cd5   Thumb Code    12  dretinf.o(x$fpl$dretinf)
    __aeabi_drsub                            0x08007ce1   Thumb Code     0  daddsub_clz.o(x$fpl$drsb)
    _drsb                                    0x08007ce1   Thumb Code    22  daddsub_clz.o(x$fpl$drsb)
    _dsqrt                                   0x08007cf9   Thumb Code   404  dsqrt_umaal.o(x$fpl$dsqrt)
    __aeabi_dsub                             0x08007e91   Thumb Code     0  daddsub_clz.o(x$fpl$dsub)
    _dsub                                    0x08007e91   Thumb Code   464  daddsub_clz.o(x$fpl$dsub)
    __aeabi_f2d                              0x08008065   Thumb Code     0  f2d.o(x$fpl$f2d)
    _f2d                                     0x08008065   Thumb Code    86  f2d.o(x$fpl$f2d)
    __fpl_fnaninf                            0x080080bb   Thumb Code   140  fnaninf.o(x$fpl$fnaninf)
    _fp_init                                 0x08008147   Thumb Code    10  fpinit.o(x$fpl$fpinit)
    __fplib_config_fpu_vfp                   0x0800814f   Thumb Code     0  fpinit.o(x$fpl$fpinit)
    __fplib_config_pureend_doubles           0x0800814f   Thumb Code     0  fpinit.o(x$fpl$fpinit)
    __fpl_fretinf                            0x08008151   Thumb Code    10  fretinf.o(x$fpl$fretinf)
    __I$use$fp                               0x0800815a   Number         0  usenofp.o(x$fpl$usenofp)
    __mathlib_zero                           0x08008258   Data           8  qnan.o(.constdata)
    Region$$Table$$Base                      0x08008260   Number         0  anon$$obj.o(Region$$Table)
    Region$$Table$$Limit                     0x08008280   Number         0  anon$$obj.o(Region$$Table)
    SystemCoreClock                          0x20000000   Data           4  system_stm32f4xx.o(.data)
    AHBPrescTable                            0x20000004   Data          16  system_stm32f4xx.o(.data)
    pxCurrentTCB                             0x2000005c   Data           4  tasks.o(.data)
    inputVxData                              0x20000098   Data           2  chassis.o(.data)
    inputVyData                              0x2000009a   Data           2  chassis.o(.data)
    inputWzData                              0x2000009c   Data           2  chassis.o(.data)
    Yaw_flag                                 0x2000009e   Data           2  chassis.o(.data)
    setVx                                    0x200000a0   Data           2  chassis.o(.data)
    setVy                                    0x200000a2   Data           2  chassis.o(.data)
    setWz                                    0x200000a4   Data           2  chassis.o(.data)
    addVx                                    0x200000a6   Data           2  chassis.o(.data)
    addVy                                    0x200000a8   Data           2  chassis.o(.data)
    addWz                                    0x200000aa   Data           2  chassis.o(.data)
    nowM1Speed                               0x200000ac   Data           2  chassis.o(.data)
    nowM2Speed                               0x200000ae   Data           2  chassis.o(.data)
    nowM3Speed                               0x200000b0   Data           2  chassis.o(.data)
    nowM4Speed                               0x200000b2   Data           2  chassis.o(.data)
    setM1Speed                               0x200000b4   Data           2  chassis.o(.data)
    setM2Speed                               0x200000b6   Data           2  chassis.o(.data)
    setM3Speed                               0x200000b8   Data           2  chassis.o(.data)
    setM4Speed                               0x200000ba   Data           2  chassis.o(.data)
    speedControl                             0x200000bc   Data           4  chassis.o(.data)
    M3508_1                                  0x200000c0   Data           8  feedback.o(.data)
    M3508_2                                  0x200000c8   Data           8  feedback.o(.data)
    M3508_3                                  0x200000d0   Data           8  feedback.o(.data)
    M3508_4                                  0x200000d8   Data           8  feedback.o(.data)
    M3508_5                                  0x200000e0   Data           8  feedback.o(.data)
    M3508_6                                  0x200000e8   Data           8  feedback.o(.data)
    M3508_7                                  0x200000f0   Data           8  feedback.o(.data)
    GM6020_Yaw                               0x200000f8   Data           8  feedback.o(.data)
    GM6020_Pitch                             0x20000100   Data           8  feedback.o(.data)
    GM6020_Roll                              0x20000108   Data           8  feedback.o(.data)
    M2006_1                                  0x20000110   Data           8  feedback.o(.data)
    M2006_2                                  0x20000118   Data           8  feedback.o(.data)
    GM6020_give                              0x20000120   Data           8  feedback.o(.data)
    GM6020_Pitch2                            0x20000128   Data           8  feedback.o(.data)
    num                                      0x20000130   Data           4  feedback.o(.data)
    inputYawData                             0x20000134   Data           2  gimbal.o(.data)
    inputPitchData                           0x20000136   Data           2  gimbal.o(.data)
    setYaw                                   0x20000138   Data           2  gimbal.o(.data)
    setPitch                                 0x2000013a   Data           2  gimbal.o(.data)
    setRoll                                  0x2000013c   Data           2  gimbal.o(.data)
    addYaw                                   0x2000013e   Data           2  gimbal.o(.data)
    addPitch                                 0x20000140   Data           2  gimbal.o(.data)
    leftLimit                                0x20000142   Data           2  gimbal.o(.data)
    rightLimit                               0x20000144   Data           2  gimbal.o(.data)
    upLimit                                  0x20000146   Data           2  gimbal.o(.data)
    downLimit                                0x20000148   Data           2  gimbal.o(.data)
    nowYaw                                   0x2000014a   Data           2  gimbal.o(.data)
    nowPitch                                 0x2000014c   Data           2  gimbal.o(.data)
    nowRoll                                  0x2000014e   Data           2  gimbal.o(.data)
    oldYaw                                   0x20000150   Data           2  gimbal.o(.data)
    yawSpeed                                 0x20000152   Data           2  gimbal.o(.data)
    pitchSpeed                               0x20000154   Data           2  gimbal.o(.data)
    rollSpeed                                0x20000156   Data           2  gimbal.o(.data)
    speed                                    0x20000158   Data           2  gimbal.o(.data)
    yaw_direction                            0x2000015c   Data           4  gimbal.o(.data)
    yaw_direction_flag                       0x20000160   Data           2  gimbal.o(.data)
    multiple                                 0x20000170   Data           4  gimbal.o(.data)
    inputShootData                           0x20000174   Data           2  shoot.o(.data)
    setShootSpeed                            0x20000176   Data           2  shoot.o(.data)
    shootMotor2006_1                         0x20000178   Data           2  shoot.o(.data)
    shootM4Speed                             0x2000017a   Data           2  shoot.o(.data)
    dErr_M3                                  0x2000017c   Data           6  shoot.o(.data)
    dErr_M2006                               0x20000182   Data           2  shoot.o(.data)
    nowM5Speed                               0x20000184   Data           2  shoot.o(.data)
    nowM6Speed                               0x20000186   Data           2  shoot.o(.data)
    nowM7Speed                               0x20000188   Data           2  shoot.o(.data)
    nowGM4Speed                              0x2000018a   Data           2  shoot.o(.data)
    setM5Speed                               0x2000018c   Data           2  shoot.o(.data)
    setM6Speed                               0x2000018e   Data           2  shoot.o(.data)
    setM7Speed                               0x20000190   Data           2  shoot.o(.data)
    setGM4Speed                              0x20000192   Data           2  shoot.o(.data)
    setSpeed2006_1                           0x20000194   Data           2  shoot.o(.data)
    nowSpeed2006_1                           0x20000196   Data           2  shoot.o(.data)
    setA2006_1                               0x20000198   Data           2  shoot.o(.data)
    setGM4Speed_out                          0x2000019a   Data           2  shoot.o(.data)
    inputFireData_2006_1                     0x2000019c   Data           1  shoot.o(.data)
    pressTime_l                              0x2000019e   Data           2  shoot.o(.data)
    pressTime_r                              0x200001a0   Data           2  shoot.o(.data)
    open                                     0x200001a2   Data           1  shoot.o(.data)
    en                                       0x200001a3   Data           1  shoot.o(.data)
    delay                                    0x200001a4   Data           2  shoot.o(.data)
    fire                                     0x200001a6   Data           1  shoot.o(.data)
    lastAngle2006_1                          0x200001a8   Data           2  shoot.o(.data)
    first                                    0x200001aa   Data           1  shoot.o(.data)
    StartTask_Handler                        0x200001ac   Data           4  start_task.o(.data)
    ChassisTask_Handler                      0x200001b0   Data           4  start_task.o(.data)
    GIMBALTask_Handler                       0x200001b4   Data           4  start_task.o(.data)
    SHOOTTask_Handler                        0x200001b8   Data           4  start_task.o(.data)
    yaw_angle                                0x200001bc   Data           4  imu.o(.data)
    pitch_angle                              0x200001c0   Data           4  imu.o(.data)
    roll_angle                               0x200001c4   Data           4  imu.o(.data)
    gg_x                                     0x200001c8   Data           4  imu.o(.data)
    gg_z                                     0x200001cc   Data           4  imu.o(.data)
    gg_y                                     0x200001d0   Data           4  imu.o(.data)
    ga_x                                     0x200001d4   Data           4  imu.o(.data)
    ga_y                                     0x200001d8   Data           4  imu.o(.data)
    ga_z                                     0x200001dc   Data           4  imu.o(.data)
    angle1                                   0x200001e0   Data           4  imu.o(.data)
    angle_dot                                0x200001e4   Data           4  imu.o(.data)
    ga_y1                                    0x200001e8   Data           4  imu.o(.data)
    kg                                       0x200001ec   Data           4  imu.o(.data)
    angle2                                   0x200001f0   Data           4  imu.o(.data)
    angle_dot2                               0x200001f4   Data           4  imu.o(.data)
    ga_y2                                    0x200001f8   Data           4  imu.o(.data)
    kg2                                      0x200001fc   Data           4  imu.o(.data)
    angle3                                   0x20000200   Data           4  imu.o(.data)
    angle_dot3                               0x20000204   Data           4  imu.o(.data)
    ga_y3                                    0x20000208   Data           4  imu.o(.data)
    kg3                                      0x2000020c   Data           4  imu.o(.data)
    ga_y22                                   0x20000210   Data           4  imu.o(.data)
    ga_y33                                   0x20000214   Data           4  imu.o(.data)
    exInt                                    0x20000218   Data           4  imu.o(.data)
    eyInt                                    0x2000021c   Data           4  imu.o(.data)
    ezInt                                    0x20000220   Data           4  imu.o(.data)
    q0                                       0x20000224   Data           4  imu.o(.data)
    q1                                       0x20000228   Data           4  imu.o(.data)
    q2                                       0x2000022c   Data           4  imu.o(.data)
    q3                                       0x20000230   Data           4  imu.o(.data)
    lastUpdate                               0x20000258   Data           4  imu.o(.data)
    now                                      0x2000025c   Data           4  imu.o(.data)
    yaw_temp                                 0x20000260   Data           4  imu.o(.data)
    pitch_temp                               0x20000264   Data           4  imu.o(.data)
    roll_temp                                0x20000268   Data           4  imu.o(.data)
    last_yaw_temp                            0x2000026c   Data           4  imu.o(.data)
    last_pitch_temp                          0x20000270   Data           4  imu.o(.data)
    last_roll_temp                           0x20000274   Data           4  imu.o(.data)
    MPU_id                                   0x20000278   Data           1  imu.o(.data)
    eff                                      0x2000027a   Data           2  imu.o(.data)
    eff2                                     0x2000027c   Data           2  imu.o(.data)
    eff3                                     0x2000027e   Data           2  imu.o(.data)
    gy_z                                     0x20000280   Data           2  imu.o(.data)
    C_Gyo_z                                  0x20000284   Data           4  imu.o(.data)
    Eff                                      0x20000288   Data         160  imu.o(.data)
    __stdout                                 0x20000330   Data           4  usart.o(.data)
    FreeRTOSRunTimeTicks                     0x20000340   Data           8  freertos_middleware.o(.data)
    xQueueRegistry                           0x20000348   Data          64  queue.o(.bss)
    chassisPid                               0x20020694   Data          48  chassis.o(.bss)
    gimbalPid_yaw                            0x200206d8   Data          48  gimbal.o(.bss)
    gimbalPid_pitch                          0x20020708   Data          48  gimbal.o(.bss)
    gimbalPid_roll                           0x20020738   Data          48  gimbal.o(.bss)
    shootPid2006_1                           0x20020768   Data          48  shoot.o(.bss)
    shootPid_5_6                             0x20020798   Data          48  shoot.o(.bss)
    shootPid_7                               0x200207c8   Data          48  shoot.o(.bss)
    shootPid6020                             0x200207f8   Data          48  shoot.o(.bss)
    TxMessage                                0x20020828   Data          20  can.o(.bss)
    mygetqval                                0x2002083c   Data          36  imu.o(.bss)
    angle                                    0x20020870   Data          12  imu.o(.bss)
    imu_data                                 0x2002087c   Data          20  imu.o(.bss)
    imu_data_offest                          0x20020890   Data          20  imu.o(.bss)
    MPU6050_read_data                        0x200208a4   Data          32  imu.o(.bss)
    MPU6050_Real_Data                        0x200208c4   Data          32  imu.o(.bss)
    MPU6050_FIFO                             0x200208e4   Data        2424  imu.o(.bss)
    sbus_rx_buffer                           0x2002125c   Data          25  usart.o(.bss)
    RC_Ctl                                   0x20021275   Data          32  usart.o(.bss)
    __libspace_start                         0x20021298   Data          96  libspace.o(.bss)
    __temporary_stack_top$libspace           0x200212f8   Data           0  libspace.o(.bss)



==============================================================================

Memory Map of the image

  Image Entry point : 0x080001ad

  Load Region LR_IROM1 (Base: 0x08000000, Size: 0x000085c8, Max: 0x00200000, ABSOLUTE, COMPRESSED[0x00008350])

    Execution Region ER_IROM1 (Exec base: 0x08000000, Load base: 0x08000000, Size: 0x00008280, Max: 0x00200000, ABSOLUTE)

    Exec Addr    Load Addr    Size         Type   Attr      Idx    E Section Name        Object

    0x08000000   0x08000000   0x000001ac   Data   RO            3    RESET               startup_stm32f427xx.o
    0x080001ac   0x080001ac   0x00000008   Code   RO         5155  * !!!main             c_w.l(__main.o)
    0x080001b4   0x080001b4   0x00000034   Code   RO         5462    !!!scatter          c_w.l(__scatter.o)
    0x080001e8   0x080001e8   0x0000005a   Code   RO         5460    !!dczerorl2         c_w.l(__dczerorl2.o)
    0x08000242   0x08000242   0x00000002   PAD
    0x08000244   0x08000244   0x0000001c   Code   RO         5464    !!handler_zi        c_w.l(__scatter_zi.o)
    0x08000260   0x08000260   0x00000000   Code   RO         5142    .ARM.Collect$$_printf_percent$$00000000  c_w.l(_printf_percent.o)
    0x08000260   0x08000260   0x00000006   Code   RO         5140    .ARM.Collect$$_printf_percent$$00000013  c_w.l(_printf_c.o)
    0x08000266   0x08000266   0x00000004   Code   RO         5246    .ARM.Collect$$_printf_percent$$00000017  c_w.l(_printf_percent_end.o)
    0x0800026a   0x0800026a   0x00000002   Code   RO         5337    .ARM.Collect$$libinit$$00000000  c_w.l(libinit.o)
    0x0800026c   0x0800026c   0x00000004   Code   RO         5340    .ARM.Collect$$libinit$$00000001  c_w.l(libinit2.o)
    0x08000270   0x08000270   0x00000000   Code   RO         5343    .ARM.Collect$$libinit$$00000004  c_w.l(libinit2.o)
    0x08000270   0x08000270   0x00000000   Code   RO         5346    .ARM.Collect$$libinit$$0000000A  c_w.l(libinit2.o)
    0x08000270   0x08000270   0x00000000   Code   RO         5348    .ARM.Collect$$libinit$$0000000C  c_w.l(libinit2.o)
    0x08000270   0x08000270   0x00000000   Code   RO         5350    .ARM.Collect$$libinit$$0000000E  c_w.l(libinit2.o)
    0x08000270   0x08000270   0x00000000   Code   RO         5353    .ARM.Collect$$libinit$$00000011  c_w.l(libinit2.o)
    0x08000270   0x08000270   0x00000000   Code   RO         5355    .ARM.Collect$$libinit$$00000013  c_w.l(libinit2.o)
    0x08000270   0x08000270   0x00000000   Code   RO         5357    .ARM.Collect$$libinit$$00000015  c_w.l(libinit2.o)
    0x08000270   0x08000270   0x00000000   Code   RO         5359    .ARM.Collect$$libinit$$00000017  c_w.l(libinit2.o)
    0x08000270   0x08000270   0x00000000   Code   RO         5361    .ARM.Collect$$libinit$$00000019  c_w.l(libinit2.o)
    0x08000270   0x08000270   0x00000000   Code   RO         5363    .ARM.Collect$$libinit$$0000001B  c_w.l(libinit2.o)
    0x08000270   0x08000270   0x00000000   Code   RO         5365    .ARM.Collect$$libinit$$0000001D  c_w.l(libinit2.o)
    0x08000270   0x08000270   0x00000000   Code   RO         5367    .ARM.Collect$$libinit$$0000001F  c_w.l(libinit2.o)
    0x08000270   0x08000270   0x00000000   Code   RO         5369    .ARM.Collect$$libinit$$00000021  c_w.l(libinit2.o)
    0x08000270   0x08000270   0x00000000   Code   RO         5371    .ARM.Collect$$libinit$$00000023  c_w.l(libinit2.o)
    0x08000270   0x08000270   0x00000000   Code   RO         5373    .ARM.Collect$$libinit$$00000025  c_w.l(libinit2.o)
    0x08000270   0x08000270   0x00000000   Code   RO         5377    .ARM.Collect$$libinit$$0000002C  c_w.l(libinit2.o)
    0x08000270   0x08000270   0x00000000   Code   RO         5379    .ARM.Collect$$libinit$$0000002E  c_w.l(libinit2.o)
    0x08000270   0x08000270   0x00000000   Code   RO         5381    .ARM.Collect$$libinit$$00000030  c_w.l(libinit2.o)
    0x08000270   0x08000270   0x00000000   Code   RO         5383    .ARM.Collect$$libinit$$00000032  c_w.l(libinit2.o)
    0x08000270   0x08000270   0x00000002   Code   RO         5384    .ARM.Collect$$libinit$$00000033  c_w.l(libinit2.o)
    0x08000272   0x08000272   0x00000002   Code   RO         5402    .ARM.Collect$$libshutdown$$00000000  c_w.l(libshutdown.o)
    0x08000274   0x08000274   0x00000000   Code   RO         5412    .ARM.Collect$$libshutdown$$00000002  c_w.l(libshutdown2.o)
    0x08000274   0x08000274   0x00000000   Code   RO         5414    .ARM.Collect$$libshutdown$$00000004  c_w.l(libshutdown2.o)
    0x08000274   0x08000274   0x00000000   Code   RO         5417    .ARM.Collect$$libshutdown$$00000007  c_w.l(libshutdown2.o)
    0x08000274   0x08000274   0x00000000   Code   RO         5420    .ARM.Collect$$libshutdown$$0000000A  c_w.l(libshutdown2.o)
    0x08000274   0x08000274   0x00000000   Code   RO         5422    .ARM.Collect$$libshutdown$$0000000C  c_w.l(libshutdown2.o)
    0x08000274   0x08000274   0x00000000   Code   RO         5425    .ARM.Collect$$libshutdown$$0000000F  c_w.l(libshutdown2.o)
    0x08000274   0x08000274   0x00000002   Code   RO         5426    .ARM.Collect$$libshutdown$$00000010  c_w.l(libshutdown2.o)
    0x08000276   0x08000276   0x00000000   Code   RO         5233    .ARM.Collect$$rtentry$$00000000  c_w.l(__rtentry.o)
    0x08000276   0x08000276   0x00000000   Code   RO         5296    .ARM.Collect$$rtentry$$00000002  c_w.l(__rtentry2.o)
    0x08000276   0x08000276   0x00000006   Code   RO         5308    .ARM.Collect$$rtentry$$00000004  c_w.l(__rtentry4.o)
    0x0800027c   0x0800027c   0x00000000   Code   RO         5298    .ARM.Collect$$rtentry$$00000009  c_w.l(__rtentry2.o)
    0x0800027c   0x0800027c   0x00000004   Code   RO         5299    .ARM.Collect$$rtentry$$0000000A  c_w.l(__rtentry2.o)
    0x08000280   0x08000280   0x00000000   Code   RO         5301    .ARM.Collect$$rtentry$$0000000C  c_w.l(__rtentry2.o)
    0x08000280   0x08000280   0x00000008   Code   RO         5302    .ARM.Collect$$rtentry$$0000000D  c_w.l(__rtentry2.o)
    0x08000288   0x08000288   0x00000002   Code   RO         5338    .ARM.Collect$$rtexit$$00000000  c_w.l(rtexit.o)
    0x0800028a   0x0800028a   0x00000000   Code   RO         5386    .ARM.Collect$$rtexit$$00000002  c_w.l(rtexit2.o)
    0x0800028a   0x0800028a   0x00000004   Code   RO         5387    .ARM.Collect$$rtexit$$00000003  c_w.l(rtexit2.o)
    0x0800028e   0x0800028e   0x00000006   Code   RO         5388    .ARM.Collect$$rtexit$$00000004  c_w.l(rtexit2.o)
    0x08000294   0x08000294   0x000000b6   Code   RO         3559    .emb_text           port.o
    0x0800034a   0x0800034a   0x00000002   PAD
    0x0800034c   0x0800034c   0x0000004c   Code   RO            4    .text               startup_stm32f427xx.o
    0x08000398   0x08000398   0x00000002   Code   RO         5104    .text               c_w.l(use_no_semi_2.o)
    0x0800039a   0x0800039a   0x00000002   PAD
    0x0800039c   0x0800039c   0x00000018   Code   RO         5110    .text               c_w.l(noretval__2printf.o)
    0x080003b4   0x080003b4   0x00000068   Code   RO         5114    .text               c_w.l(__printf.o)
    0x0800041c   0x0800041c   0x00000052   Code   RO         5116    .text               c_w.l(_printf_str.o)
    0x0800046e   0x0800046e   0x0000008a   Code   RO         5147    .text               c_w.l(rt_memcpy_v6.o)
    0x080004f8   0x080004f8   0x00000064   Code   RO         5149    .text               c_w.l(rt_memcpy_w.o)
    0x0800055c   0x0800055c   0x00000010   Code   RO         5151    .text               c_w.l(aeabi_memset.o)
    0x0800056c   0x0800056c   0x00000006   Code   RO         5153    .text               c_w.l(heapauxi.o)
    0x08000572   0x08000572   0x00000002   Code   RO         5231    .text               c_w.l(use_no_semi.o)
    0x08000574   0x08000574   0x00000016   Code   RO         5234    .text               c_w.l(_rserrno.o)
    0x0800058a   0x0800058a   0x00000002   PAD
    0x0800058c   0x0800058c   0x00000030   Code   RO         5238    .text               c_w.l(_printf_char_common.o)
    0x080005bc   0x080005bc   0x0000002c   Code   RO         5242    .text               c_w.l(_printf_char.o)
    0x080005e8   0x080005e8   0x00000024   Code   RO         5244    .text               c_w.l(_printf_char_file.o)
    0x0800060c   0x0800060c   0x00000044   Code   RO         5247    .text               c_w.l(rt_memclr.o)
    0x08000650   0x08000650   0x00000008   Code   RO         5313    .text               c_w.l(rt_errno_addr_intlibspace.o)
    0x08000658   0x08000658   0x00000008   Code   RO         5317    .text               c_w.l(ferror.o)
    0x08000660   0x08000660   0x0000004e   Code   RO         5321    .text               c_w.l(rt_memclr_w.o)
    0x080006ae   0x080006ae   0x00000002   PAD
    0x080006b0   0x080006b0   0x00000008   Code   RO         5325    .text               c_w.l(libspace.o)
    0x080006b8   0x080006b8   0x0000004a   Code   RO         5328    .text               c_w.l(sys_stackheap_outer.o)
    0x08000702   0x08000702   0x00000012   Code   RO         5330    .text               c_w.l(exit.o)
    0x08000714   0x08000714   0x0000005c   Code   RO         3642    i.BSP_init          main.o
    0x08000770   0x08000770   0x00000004   Code   RO           13    i.BusFault_Handler  stm32f4xx_it.o
    0x08000774   0x08000774   0x00000264   Code   RO         4174    i.CAN1_RX0_IRQHandler  feedback.o
    0x080009d8   0x080009d8   0x00000070   Code   RO         4527    i.CAN1_Send_Msg     can.o
    0x08000a48   0x08000a48   0x00000110   Code   RO         4528    i.CAN1_mode_init    can.o
    0x08000b58   0x08000b58   0x00000078   Code   RO         4175    i.CAN2_RX0_IRQHandler  feedback.o
    0x08000bd0   0x08000bd0   0x00000070   Code   RO         4529    i.CAN2_Send_Msg     can.o
    0x08000c40   0x08000c40   0x00000114   Code   RO         4530    i.CAN2_mode_init    can.o
    0x08000d54   0x08000d54   0x00000108   Code   RO          335    i.CAN_FilterInit    stm32f4xx_can.o
    0x08000e5c   0x08000e5c   0x00000012   Code   RO          341    i.CAN_ITConfig      stm32f4xx_can.o
    0x08000e6e   0x08000e6e   0x00000114   Code   RO          342    i.CAN_Init          stm32f4xx_can.o
    0x08000f82   0x08000f82   0x0000001e   Code   RO          343    i.CAN_MessagePending  stm32f4xx_can.o
    0x08000fa0   0x08000fa0   0x000000f0   Code   RO          345    i.CAN_Receive       stm32f4xx_can.o
    0x08001090   0x08001090   0x00000126   Code   RO          350    i.CAN_Transmit      stm32f4xx_can.o
    0x080011b6   0x080011b6   0x00000002   PAD
    0x080011b8   0x080011b8   0x000000a0   Code   RO          351    i.CAN_TransmitStatus  stm32f4xx_can.o
    0x08001258   0x08001258   0x00000144   Code   RO         4939    i.DMA2_Stream5_IRQHandler  usart.o
    0x0800139c   0x0800139c   0x00000034   Code   RO         2696    i.DMA_ClearFlag     stm32f4xx_dma.o
    0x080013d0   0x080013d0   0x00000034   Code   RO         2697    i.DMA_ClearITPendingBit  stm32f4xx_dma.o
    0x08001404   0x08001404   0x00000016   Code   RO         2698    i.DMA_Cmd           stm32f4xx_dma.o
    0x0800141a   0x0800141a   0x00000002   PAD
    0x0800141c   0x0800141c   0x00000158   Code   RO         2699    i.DMA_DeInit        stm32f4xx_dma.o
    0x08001574   0x08001574   0x00000064   Code   RO         2708    i.DMA_GetITStatus   stm32f4xx_dma.o
    0x080015d8   0x080015d8   0x0000003a   Code   RO         2709    i.DMA_ITConfig      stm32f4xx_dma.o
    0x08001612   0x08001612   0x00000002   PAD
    0x08001614   0x08001614   0x00000058   Code   RO         2710    i.DMA_Init          stm32f4xx_dma.o
    0x0800166c   0x0800166c   0x00000002   Code   RO           14    i.DebugMon_Handler  stm32f4xx_it.o
    0x0800166e   0x0800166e   0x00000090   Code   RO          563    i.GPIO_Init         stm32f4xx_gpio.o
    0x080016fe   0x080016fe   0x00000046   Code   RO          564    i.GPIO_PinAFConfig  stm32f4xx_gpio.o
    0x08001744   0x08001744   0x00000004   Code   RO          571    i.GPIO_SetBits      stm32f4xx_gpio.o
    0x08001748   0x08001748   0x00000084   Code   RO         4777    i.GetPitchYawGxGyGz  imu.o
    0x080017cc   0x080017cc   0x00000008   Code   RO         4778    i.Get_Time_Micros   imu.o
    0x080017d4   0x080017d4   0x00000004   Code   RO           15    i.HardFault_Handler  stm32f4xx_it.o
    0x080017d8   0x080017d8   0x000007c4   Code   RO         4779    i.IMU_AHRSupdate    imu.o
    0x08001f9c   0x08001f9c   0x0000004c   Code   RO         4780    i.IMU_getQ          imu.o
    0x08001fe8   0x08001fe8   0x00000720   Code   RO         4781    i.IMU_getValues     imu.o
    0x08002708   0x08002708   0x0000023c   Code   RO         4782    i.IMU_getYawPitchRoll  imu.o
    0x08002944   0x08002944   0x00000054   Code   RO         4787    i.MPU6500_Init      imu.o
    0x08002998   0x08002998   0x00000044   Code   RO         4788    i.MPU6500_Read_Reg  imu.o
    0x080029dc   0x080029dc   0x00000028   Code   RO         4789    i.MPU6500_Read_Regs  imu.o
    0x08002a04   0x08002a04   0x00000040   Code   RO         4792    i.MPU6500_Write_Reg  imu.o
    0x08002a44   0x08002a44   0x00000004   Code   RO           16    i.MemManage_Handler  stm32f4xx_it.o
    0x08002a48   0x08002a48   0x00000002   Code   RO           17    i.NMI_Handler       stm32f4xx_it.o
    0x08002a4a   0x08002a4a   0x00000002   PAD
    0x08002a4c   0x08002a4c   0x00000078   Code   RO          281    i.NVIC_Init         misc.o
    0x08002ac4   0x08002ac4   0x00000014   Code   RO          282    i.NVIC_PriorityGroupConfig  misc.o
    0x08002ad8   0x08002ad8   0x00000144   Code   RO         4650    i.PWM_Init          pwm.o
    0x08002c1c   0x08002c1c   0x00000020   Code   RO          664    i.RCC_AHB1PeriphClockCmd  stm32f4xx_rcc.o
    0x08002c3c   0x08002c3c   0x00000020   Code   RO          673    i.RCC_APB1PeriphClockCmd  stm32f4xx_rcc.o
    0x08002c5c   0x08002c5c   0x00000020   Code   RO          675    i.RCC_APB1PeriphResetCmd  stm32f4xx_rcc.o
    0x08002c7c   0x08002c7c   0x00000020   Code   RO          676    i.RCC_APB2PeriphClockCmd  stm32f4xx_rcc.o
    0x08002c9c   0x08002c9c   0x00000020   Code   RO          678    i.RCC_APB2PeriphResetCmd  stm32f4xx_rcc.o
    0x08002cbc   0x08002cbc   0x000000e8   Code   RO          685    i.RCC_GetClocksFreq  stm32f4xx_rcc.o
    0x08002da4   0x08002da4   0x0000011c   Code   RO         4741    i.SPI5_Init         spi.o
    0x08002ec0   0x08002ec0   0x00000058   Code   RO         4742    i.SPI5_ReadWriteByte  spi.o
    0x08002f18   0x08002f18   0x00000028   Code   RO         4743    i.SPI5_SetSpeed     spi.o
    0x08002f40   0x08002f40   0x00000018   Code   RO         2210    i.SPI_Cmd           stm32f4xx_spi.o
    0x08002f58   0x08002f58   0x00000012   Code   RO         2218    i.SPI_I2S_GetFlagStatus  stm32f4xx_spi.o
    0x08002f6a   0x08002f6a   0x00000006   Code   RO         2221    i.SPI_I2S_ReceiveData  stm32f4xx_spi.o
    0x08002f70   0x08002f70   0x00000004   Code   RO         2222    i.SPI_I2S_SendData  stm32f4xx_spi.o
    0x08002f74   0x08002f74   0x0000003c   Code   RO         2223    i.SPI_Init          stm32f4xx_spi.o
    0x08002fb0   0x08002fb0   0x00000120   Code   RO          240    i.SetSysClock       system_stm32f4xx.o
    0x080030d0   0x080030d0   0x00000028   Code   RO          285    i.SysTick_CLKSourceConfig  misc.o
    0x080030f8   0x080030f8   0x00000010   Code   RO         5055    i.SysTick_Handler   freertos_middleware.o
    0x08003108   0x08003108   0x00000068   Code   RO          242    i.SystemInit        system_stm32f4xx.o
    0x08003170   0x08003170   0x00000040   Code   RO         4698    i.TIM2_Int_Init     time.o
    0x080031b0   0x080031b0   0x00000030   Code   RO         5056    i.TIM3_IRQHandler   freertos_middleware.o
    0x080031e0   0x080031e0   0x0000002c   Code   RO         4699    i.TIM5_IRQHandler   time.o
    0x0800320c   0x0800320c   0x00000018   Code   RO         1204    i.TIM_ARRPreloadConfig  stm32f4xx_tim.o
    0x08003224   0x08003224   0x00000006   Code   RO         1210    i.TIM_ClearFlag     stm32f4xx_tim.o
    0x0800322a   0x0800322a   0x00000006   Code   RO         1211    i.TIM_ClearITPendingBit  stm32f4xx_tim.o
    0x08003230   0x08003230   0x00000018   Code   RO         1216    i.TIM_Cmd           stm32f4xx_tim.o
    0x08003248   0x08003248   0x0000001e   Code   RO         1218    i.TIM_CtrlPWMOutputs  stm32f4xx_tim.o
    0x08003266   0x08003266   0x00000022   Code   RO         1237    i.TIM_GetITStatus   stm32f4xx_tim.o
    0x08003288   0x08003288   0x00000012   Code   RO         1241    i.TIM_ITConfig      stm32f4xx_tim.o
    0x0800329a   0x0800329a   0x00000002   PAD
    0x0800329c   0x0800329c   0x0000007c   Code   RO         1245    i.TIM_OC1Init       stm32f4xx_tim.o
    0x08003318   0x08003318   0x00000012   Code   RO         1248    i.TIM_OC1PreloadConfig  stm32f4xx_tim.o
    0x0800332a   0x0800332a   0x00000002   PAD
    0x0800332c   0x0800332c   0x00000078   Code   RO         1260    i.TIM_OC4Init       stm32f4xx_tim.o
    0x080033a4   0x080033a4   0x0000001a   Code   RO         1262    i.TIM_OC4PreloadConfig  stm32f4xx_tim.o
    0x080033be   0x080033be   0x00000004   Code   RO         1278    i.TIM_SetCompare1   stm32f4xx_tim.o
    0x080033c2   0x080033c2   0x00000004   Code   RO         1281    i.TIM_SetCompare4   stm32f4xx_tim.o
    0x080033c6   0x080033c6   0x00000002   PAD
    0x080033c8   0x080033c8   0x00000084   Code   RO         1288    i.TIM_TimeBaseInit  stm32f4xx_tim.o
    0x0800344c   0x0800344c   0x0000005c   Code   RO         4700    i.Tick_TIM5_Init    time.o
    0x080034a8   0x080034a8   0x00000140   Code   RO         4940    i.USART1_Configuration  usart.o
    0x080035e8   0x080035e8   0x00000020   Code   RO         4941    i.USART1_IRQHandler  usart.o
    0x08003608   0x08003608   0x00000044   Code   RO         4942    i.USART6_IRQHandler  usart.o
    0x0800364c   0x0800364c   0x00000012   Code   RO         1766    i.USART_ClearFlag   stm32f4xx_usart.o
    0x0800365e   0x0800365e   0x0000001e   Code   RO         1767    i.USART_ClearITPendingBit  stm32f4xx_usart.o
    0x0800367c   0x0800367c   0x00000018   Code   RO         1770    i.USART_Cmd         stm32f4xx_usart.o
    0x08003694   0x08003694   0x00000012   Code   RO         1771    i.USART_DMACmd      stm32f4xx_usart.o
    0x080036a6   0x080036a6   0x00000002   PAD
    0x080036a8   0x080036a8   0x000000f0   Code   RO         1772    i.USART_DeInit      stm32f4xx_usart.o
    0x08003798   0x08003798   0x00000054   Code   RO         1774    i.USART_GetITStatus  stm32f4xx_usart.o
    0x080037ec   0x080037ec   0x0000004a   Code   RO         1776    i.USART_ITConfig    stm32f4xx_usart.o
    0x08003836   0x08003836   0x00000002   PAD
    0x08003838   0x08003838   0x000000d4   Code   RO         1777    i.USART_Init        stm32f4xx_usart.o
    0x0800390c   0x0800390c   0x0000000a   Code   RO         1784    i.USART_ReceiveData  stm32f4xx_usart.o
    0x08003916   0x08003916   0x00000004   Code   RO           18    i.UsageFault_Handler  stm32f4xx_it.o
    0x0800391a   0x0800391a   0x00000030   Code   RO         5290    i.__ARM_fpclassify  m_wm.l(fpclassify.o)
    0x0800394a   0x0800394a   0x00000006   PAD
    0x08003950   0x08003950   0x00000360   Code   RO         5187    i.__hardfp_asin     m_wm.l(asin.o)
    0x08003cb0   0x08003cb0   0x000002d8   Code   RO         5262    i.__hardfp_atan     m_wm.l(atan.o)
    0x08003f88   0x08003f88   0x000001f0   Code   RO         5201    i.__hardfp_atan2    m_wm.l(atan2.o)
    0x08004178   0x08004178   0x0000007a   Code   RO         5219    i.__hardfp_sqrt     m_wm.l(sqrt.o)
    0x080041f2   0x080041f2   0x000000f8   Code   RO         5292    i.__kernel_poly     m_wm.l(poly.o)
    0x080042ea   0x080042ea   0x00000014   Code   RO         5277    i.__mathlib_dbl_infnan  m_wm.l(dunder.o)
    0x080042fe   0x080042fe   0x00000014   Code   RO         5278    i.__mathlib_dbl_infnan2  m_wm.l(dunder.o)
    0x08004312   0x08004312   0x00000006   PAD
    0x08004318   0x08004318   0x00000020   Code   RO         5279    i.__mathlib_dbl_invalid  m_wm.l(dunder.o)
    0x08004338   0x08004338   0x00000020   Code   RO         5282    i.__mathlib_dbl_underflow  m_wm.l(dunder.o)
    0x08004358   0x08004358   0x00000004   Code   RO         4944    i._sys_exit         usart.o
    0x0800435c   0x0800435c   0x00000224   Code   RO         4278    i.angleConversion   gimbal.o
    0x08004580   0x08004580   0x00000034   Code   RO         4279    i.angleFeedback     gimbal.o
    0x080045b4   0x080045b4   0x00000010   Code   RO         5264    i.atan              m_wm.l(atan.o)
    0x080045c4   0x080045c4   0x0000026c   Code   RO         4097    i.chassisConversion  chassis.o
    0x08004830   0x08004830   0x00000044   Code   RO         4098    i.chassisFeedback   chassis.o
    0x08004874   0x08004874   0x00000034   Code   RO         4099    i.chassisInit       chassis.o
    0x080048a8   0x080048a8   0x00000110   Code   RO         4100    i.chassisPidContr0l  chassis.o
    0x080049b8   0x080049b8   0x00000030   Code   RO         4101    i.chassisPidInit    chassis.o
    0x080049e8   0x080049e8   0x0000004a   Code   RO         4102    i.chassisSend       chassis.o
    0x08004a32   0x08004a32   0x00000002   PAD
    0x08004a34   0x08004a34   0x0000010c   Code   RO         4103    i.chassisSpeedSet   chassis.o
    0x08004b40   0x08004b40   0x00000010   Code   RO         4104    i.chassisTask       chassis.o
    0x08004b50   0x08004b50   0x00000012   Code   RO         4105    i.chassis_task      chassis.o
    0x08004b62   0x08004b62   0x00000002   PAD
    0x08004b64   0x08004b64   0x0000006c   Code   RO         5016    i.delay_init        delay.o
    0x08004bd0   0x08004bd0   0x00000050   Code   RO         5017    i.delay_ms          delay.o
    0x08004c20   0x08004c20   0x00000018   Code   RO         5215    i.fabs              m_wm.l(fabs.o)
    0x08004c38   0x08004c38   0x00000018   Code   RO         4572    i.flow_led_off      led.o
    0x08004c50   0x08004c50   0x0000001c   Code   RO         4945    i.fputc             usart.o
    0x08004c6c   0x08004c6c   0x00000088   Code   RO         4280    i.gimbalInit        gimbal.o
    0x08004cf4   0x08004cf4   0x000000fc   Code   RO         4281    i.gimbalPidContr0l  gimbal.o
    0x08004df0   0x08004df0   0x00000030   Code   RO         4282    i.gimbalPidInit     gimbal.o
    0x08004e20   0x08004e20   0x0000003a   Code   RO         4283    i.gimbalSend        gimbal.o
    0x08004e5a   0x08004e5a   0x00000014   Code   RO         4284    i.gimbalTask        gimbal.o
    0x08004e6e   0x08004e6e   0x00000012   Code   RO         4285    i.gimbal_Task       gimbal.o
    0x08004e80   0x08004e80   0x0000003c   Code   RO         4794    i.invSqrt           imu.o
    0x08004ebc   0x08004ebc   0x0000006c   Code   RO         4575    i.led_configuration  led.o
    0x08004f28   0x08004f28   0x00000014   Code   RO         4576    i.led_green_off     led.o
    0x08004f3c   0x08004f3c   0x00000014   Code   RO         4579    i.led_red_off       led.o
    0x08004f50   0x08004f50   0x00000034   Code   RO         4286    i.limitSet          gimbal.o
    0x08004f84   0x08004f84   0x00000010   Code   RO         3643    i.main              main.o
    0x08004f94   0x08004f94   0x00000098   Code   RO         4915    i.powerInit         power.o
    0x0800502c   0x0800502c   0x00000098   Code   RO         3721    i.prvAddCurrentTaskToDelayedList  tasks.o
    0x080050c4   0x080050c4   0x000000b8   Code   RO         3722    i.prvAddNewTaskToReadyList  tasks.o
    0x0800517c   0x0800517c   0x00000064   Code   RO         3356    i.prvCheckForValidListAndQueue  timers.o
    0x080051e0   0x080051e0   0x00000064   Code   RO         3723    i.prvCheckTasksWaitingTermination  tasks.o
    0x08005244   0x08005244   0x0000002a   Code   RO         3112    i.prvCopyDataFromQueue  queue.o
    0x0800526e   0x0800526e   0x0000007c   Code   RO         3113    i.prvCopyDataToQueue  queue.o
    0x080052ea   0x080052ea   0x00000012   Code   RO         3724    i.prvDeleteTCB      tasks.o
    0x080052fc   0x080052fc   0x00000028   Code   RO         3357    i.prvGetNextExpireTime  timers.o
    0x08005324   0x08005324   0x0000007c   Code   RO         3498    i.prvHeapInit       heap_4.o
    0x080053a0   0x080053a0   0x00000028   Code   RO         3725    i.prvIdleTask       tasks.o
    0x080053c8   0x080053c8   0x0000002e   Code   RO         3115    i.prvInitialiseNewQueue  queue.o
    0x080053f6   0x080053f6   0x000000b4   Code   RO         3726    i.prvInitialiseNewTask  tasks.o
    0x080054aa   0x080054aa   0x00000002   PAD
    0x080054ac   0x080054ac   0x00000068   Code   RO         3727    i.prvInitialiseTaskLists  tasks.o
    0x08005514   0x08005514   0x00000068   Code   RO         3499    i.prvInsertBlockIntoFreeList  heap_4.o
    0x0800557c   0x0800557c   0x00000058   Code   RO         3359    i.prvInsertTimerInActiveList  timers.o
    0x080055d4   0x080055d4   0x0000001a   Code   RO         3116    i.prvIsQueueEmpty   queue.o
    0x080055ee   0x080055ee   0x0000001e   Code   RO         3117    i.prvIsQueueFull    queue.o
    0x0800560c   0x0800560c   0x00000090   Code   RO         3118    i.prvNotifyQueueSetContainer  queue.o
    0x0800569c   0x0800569c   0x00000064   Code   RO         3360    i.prvProcessExpiredTimer  timers.o
    0x08005700   0x08005700   0x000000f8   Code   RO         3361    i.prvProcessReceivedCommands  timers.o
    0x080057f8   0x080057f8   0x00000074   Code   RO         3362    i.prvProcessTimerOrBlockTask  timers.o
    0x0800586c   0x0800586c   0x00000034   Code   RO         3729    i.prvResetNextTaskUnblockTime  tasks.o
    0x080058a0   0x080058a0   0x0000002c   Code   RO         3363    i.prvSampleTimeNow  timers.o
    0x080058cc   0x080058cc   0x000000a0   Code   RO         3364    i.prvSwitchTimerLists  timers.o
    0x0800596c   0x0800596c   0x00000040   Code   RO         3560    i.prvTaskExitError  port.o
    0x080059ac   0x080059ac   0x0000001a   Code   RO         3365    i.prvTimerTask      timers.o
    0x080059c6   0x080059c6   0x00000092   Code   RO         3119    i.prvUnlockQueue    queue.o
    0x08005a58   0x08005a58   0x0000013c   Code   RO         3500    i.pvPortMalloc      heap_4.o
    0x08005b94   0x08005b94   0x00000020   Code   RO         3734    i.pvTaskIncrementMutexHeldCount  tasks.o
    0x08005bb4   0x08005bb4   0x0000002c   Code   RO         3561    i.pxPortInitialiseStack  port.o
    0x08005be0   0x08005be0   0x0000001c   Code   RO         4653    i.set_fric          pwm.o
    0x08005bfc   0x08005bfc   0x00000060   Code   RO         4420    i.shootConversion   shoot.o
    0x08005c5c   0x08005c5c   0x00000034   Code   RO         4421    i.shootFeedback     shoot.o
    0x08005c90   0x08005c90   0x00000058   Code   RO         4422    i.shootInit         shoot.o
    0x08005ce8   0x08005ce8   0x00000118   Code   RO         4423    i.shootPidControl   shoot.o
    0x08005e00   0x08005e00   0x00000030   Code   RO         4424    i.shootPidInit      shoot.o
    0x08005e30   0x08005e30   0x0000003a   Code   RO         4425    i.shootSend         shoot.o
    0x08005e6a   0x08005e6a   0x00000002   PAD
    0x08005e6c   0x08005e6c   0x000000d0   Code   RO         4426    i.shootSpeedSet     shoot.o
    0x08005f3c   0x08005f3c   0x00000010   Code   RO         4427    i.shootTask         shoot.o
    0x08005f4c   0x08005f4c   0x00000012   Code   RO         4428    i.shoot_task        shoot.o
    0x08005f5e   0x08005f5e   0x00000002   PAD
    0x08005f60   0x08005f60   0x00000160   Code   RO         4287    i.speedSet          gimbal.o
    0x080060c0   0x080060c0   0x0000006e   Code   RO         5221    i.sqrt              m_wm.l(sqrt.o)
    0x0800612e   0x0800612e   0x00000002   PAD
    0x08006130   0x08006130   0x00000098   Code   RO         4494    i.start_rob_task    start_task.o
    0x080061c8   0x080061c8   0x00000030   Code   RO         4495    i.start_task        start_task.o
    0x080061f8   0x080061f8   0x000000c4   Code   RO         4946    i.usart6_Init       usart.o
    0x080062bc   0x080062bc   0x00000028   Code   RO         3063    i.uxListRemove      list.o
    0x080062e4   0x080062e4   0x0000001a   Code   RO         3064    i.vListInitialise   list.o
    0x080062fe   0x080062fe   0x00000006   Code   RO         3065    i.vListInitialiseItem  list.o
    0x08006304   0x08006304   0x00000034   Code   RO         3066    i.vListInsert       list.o
    0x08006338   0x08006338   0x00000018   Code   RO         3067    i.vListInsertEnd    list.o
    0x08006350   0x08006350   0x00000054   Code   RO         3563    i.vPortEnterCritical  port.o
    0x080063a4   0x080063a4   0x0000003c   Code   RO         3564    i.vPortExitCritical  port.o
    0x080063e0   0x080063e0   0x00000094   Code   RO         3501    i.vPortFree         heap_4.o
    0x08006474   0x08006474   0x00000002   Code   RO         5057    i.vPortSetupTimerInterrupt  freertos_middleware.o
    0x08006476   0x08006476   0x00000002   PAD
    0x08006478   0x08006478   0x00000078   Code   RO         3565    i.vPortValidateInterruptPriority  port.o
    0x080064f0   0x080064f0   0x0000002c   Code   RO         3125    i.vQueueAddToRegistry  queue.o
    0x0800651c   0x0800651c   0x0000004a   Code   RO         3129    i.vQueueWaitForMessageRestricted  queue.o
    0x08006566   0x08006566   0x00000002   PAD
    0x08006568   0x08006568   0x0000005c   Code   RO         3743    i.vTaskDelay        tasks.o
    0x080065c4   0x080065c4   0x000000f4   Code   RO         3745    i.vTaskDelete       tasks.o
    0x080066b8   0x080066b8   0x0000000c   Code   RO         3749    i.vTaskMissedYield  tasks.o
    0x080066c4   0x080066c4   0x00000038   Code   RO         3751    i.vTaskPlaceOnEventList  tasks.o
    0x080066fc   0x080066fc   0x00000040   Code   RO         3752    i.vTaskPlaceOnEventListRestricted  tasks.o
    0x0800673c   0x0800673c   0x000000b0   Code   RO         3754    i.vTaskPriorityInherit  tasks.o
    0x080067ec   0x080067ec   0x00000030   Code   RO         3758    i.vTaskSetTimeOutState  tasks.o
    0x0800681c   0x0800681c   0x00000094   Code   RO         3759    i.vTaskStartScheduler  tasks.o
    0x080068b0   0x080068b0   0x00000010   Code   RO         3761    i.vTaskSuspendAll   tasks.o
    0x080068c0   0x080068c0   0x0000008c   Code   RO         3762    i.vTaskSwitchContext  tasks.o
    0x0800694c   0x0800694c   0x0000013c   Code   RO         3566    i.xPortStartScheduler  port.o
    0x08006a88   0x08006a88   0x00000034   Code   RO         3567    i.xPortSysTickHandler  port.o
    0x08006abc   0x08006abc   0x00000058   Code   RO         3134    i.xQueueGenericCreate  queue.o
    0x08006b14   0x08006b14   0x000001c4   Code   RO         3135    i.xQueueGenericReceive  queue.o
    0x08006cd8   0x08006cd8   0x00000098   Code   RO         3136    i.xQueueGenericReset  queue.o
    0x08006d70   0x08006d70   0x000001c8   Code   RO         3137    i.xQueueGenericSend  queue.o
    0x08006f38   0x08006f38   0x00000108   Code   RO         3138    i.xQueueGenericSendFromISR  queue.o
    0x08007040   0x08007040   0x0000008c   Code   RO         3763    i.xTaskCheckForTimeOut  tasks.o
    0x080070cc   0x080070cc   0x00000060   Code   RO         3764    i.xTaskCreate       tasks.o
    0x0800712c   0x0800712c   0x00000020   Code   RO         3769    i.xTaskGetSchedulerState  tasks.o
    0x0800714c   0x0800714c   0x0000000c   Code   RO         3770    i.xTaskGetTickCount  tasks.o
    0x08007158   0x08007158   0x00000148   Code   RO         3772    i.xTaskIncrementTick  tasks.o
    0x080072a0   0x080072a0   0x000000c8   Code   RO         3775    i.xTaskPriorityDisinherit  tasks.o
    0x08007368   0x08007368   0x00000098   Code   RO         3776    i.xTaskRemoveFromEventList  tasks.o
    0x08007400   0x08007400   0x00000104   Code   RO         3778    i.xTaskResumeAll    tasks.o
    0x08007504   0x08007504   0x00000054   Code   RO         3369    i.xTimerCreateTimerTask  timers.o
    0x08007558   0x08007558   0x00000084   Code   RO         3370    i.xTimerGenericCommand  timers.o
    0x080075dc   0x080075dc   0x00000018   Code   RO         5157    x$fpl$basic         fz_wm.l(basic.o)
    0x080075f4   0x080075f4   0x00000062   Code   RO         5159    x$fpl$d2f           fz_wm.l(d2f.o)
    0x08007656   0x08007656   0x00000002   PAD
    0x08007658   0x08007658   0x00000150   Code   RO         5161    x$fpl$dadd          fz_wm.l(daddsub_clz.o)
    0x080077a8   0x080077a8   0x000002b0   Code   RO         5168    x$fpl$ddiv          fz_wm.l(ddiv.o)
    0x08007a58   0x08007a58   0x0000005e   Code   RO         5171    x$fpl$dfix          fz_wm.l(dfix.o)
    0x08007ab6   0x08007ab6   0x0000002e   Code   RO         5176    x$fpl$dflt          fz_wm.l(dflt_clz.o)
    0x08007ae4   0x08007ae4   0x00000154   Code   RO         5181    x$fpl$dmul          fz_wm.l(dmul.o)
    0x08007c38   0x08007c38   0x0000009c   Code   RO         5251    x$fpl$dnaninf       fz_wm.l(dnaninf.o)
    0x08007cd4   0x08007cd4   0x0000000c   Code   RO         5253    x$fpl$dretinf       fz_wm.l(dretinf.o)
    0x08007ce0   0x08007ce0   0x00000016   Code   RO         5162    x$fpl$drsb          fz_wm.l(daddsub_clz.o)
    0x08007cf6   0x08007cf6   0x00000002   PAD
    0x08007cf8   0x08007cf8   0x00000198   Code   RO         5255    x$fpl$dsqrt         fz_wm.l(dsqrt_umaal.o)
    0x08007e90   0x08007e90   0x000001d4   Code   RO         5163    x$fpl$dsub          fz_wm.l(daddsub_clz.o)
    0x08008064   0x08008064   0x00000056   Code   RO         5185    x$fpl$f2d           fz_wm.l(f2d.o)
    0x080080ba   0x080080ba   0x0000008c   Code   RO         5257    x$fpl$fnaninf       fz_wm.l(fnaninf.o)
    0x08008146   0x08008146   0x0000000a   Code   RO         5394    x$fpl$fpinit        fz_wm.l(fpinit.o)
    0x08008150   0x08008150   0x0000000a   Code   RO         5259    x$fpl$fretinf       fz_wm.l(fretinf.o)
    0x0800815a   0x0800815a   0x00000000   Code   RO         5261    x$fpl$usenofp       fz_wm.l(usenofp.o)
    0x0800815a   0x0800815a   0x00000002   PAD
    0x0800815c   0x0800815c   0x00000014   Data   RO         4797    .constdata          imu.o
    0x08008170   0x08008170   0x00000050   Data   RO         5190    .constdata          m_wm.l(asin.o)
    0x080081c0   0x080081c0   0x00000098   Data   RO         5265    .constdata          m_wm.l(atan.o)
    0x08008258   0x08008258   0x00000008   Data   RO         5294    .constdata          m_wm.l(qnan.o)
    0x08008260   0x08008260   0x00000020   Data   RO         5458    Region$$Table       anon$$obj.o


    Execution Region RW_IRAM1 (Exec base: 0x20000000, Load base: 0x08008280, Size: 0x000216f8, Max: 0x00030000, ABSOLUTE, COMPRESSED[0x000000d0])

    Exec Addr    Load Addr    Size         Type   Attr      Idx    E Section Name        Object

    0x20000000   COMPRESSED   0x00000014   Data   RW          243    .data               system_stm32f4xx.o
    0x20000014   COMPRESSED   0x00000010   Data   RW          717    .data               stm32f4xx_rcc.o
    0x20000024   COMPRESSED   0x00000014   Data   RW         3376    .data               timers.o
    0x20000038   COMPRESSED   0x00000018   Data   RW         3506    .data               heap_4.o
    0x20000050   COMPRESSED   0x0000000c   Data   RW         3568    .data               port.o
    0x2000005c   COMPRESSED   0x0000003c   Data   RW         3781    .data               tasks.o
    0x20000098   COMPRESSED   0x00000028   Data   RW         4107    .data               chassis.o
    0x200000c0   COMPRESSED   0x00000074   Data   RW         4176    .data               feedback.o
    0x20000134   COMPRESSED   0x00000040   Data   RW         4289    .data               gimbal.o
    0x20000174   COMPRESSED   0x00000037   Data   RW         4430    .data               shoot.o
    0x200001ab   COMPRESSED   0x00000001   PAD
    0x200001ac   COMPRESSED   0x00000010   Data   RW         4496    .data               start_task.o
    0x200001bc   COMPRESSED   0x00000171   Data   RW         4798    .data               imu.o
    0x2000032d   COMPRESSED   0x00000003   PAD
    0x20000330   COMPRESSED   0x00000004   Data   RW         4948    .data               usart.o
    0x20000334   COMPRESSED   0x00000008   Data   RW         5019    .data               delay.o
    0x2000033c   COMPRESSED   0x00000004   PAD
    0x20000340   COMPRESSED   0x00000008   Data   RW         5058    .data               freertos_middleware.o
    0x20000348        -       0x00000040   Zero   RW         3149    .bss                queue.o
    0x20000388        -       0x00000028   Zero   RW         3375    .bss                timers.o
    0x200003b0        -       0x00020000   Zero   RW         3505    .bss                heap_4.o
    0x200203b0        -       0x000002e4   Zero   RW         3780    .bss                tasks.o
    0x20020694        -       0x00000044   Zero   RW         4106    .bss                chassis.o
    0x200206d8        -       0x00000090   Zero   RW         4288    .bss                gimbal.o
    0x20020768        -       0x000000c0   Zero   RW         4429    .bss                shoot.o
    0x20020828        -       0x00000014   Zero   RW         4531    .bss                can.o
    0x2002083c        -       0x00000a20   Zero   RW         4796    .bss                imu.o
    0x2002125c        -       0x00000039   Zero   RW         4947    .bss                usart.o
    0x20021295   COMPRESSED   0x00000003   PAD
    0x20021298        -       0x00000060   Zero   RW         5326    .bss                c_w.l(libspace.o)
    0x200212f8        -       0x00000000   Zero   RW            2    HEAP                startup_stm32f427xx.o
    0x200212f8        -       0x00000400   Zero   RW            1    STACK               startup_stm32f427xx.o


==============================================================================

Image component sizes


      Code (inc. data)   RO Data    RW Data    ZI Data      Debug   Object Name

       772         28          0          0         20       4406   can.o
      1436        190          0         40         68       7548   chassis.o
         0          0          0          0          0       7272   croutine.o
       188         22          0          8          0       1560   delay.o
         0          0          0          0          0      11924   event_groups.o
       732         58          0        116          0       2680   feedback.o
        66          8          0          8          0       2306   freertos_middleware.o
      1536        260          0         64        144       7756   gimbal.o
       692         62          0         24     131072       4559   heap_4.o
      4916        408         20        369       2592      11788   imu.o
       172         30          0          0          0       2149   led.o
       148          0          0          0          0       3378   list.o
       108          0          0          0          0       5990   main.o
       180         24          0          0          0       2129   misc.o
       922         86          0         12          0      11310   port.o
       152          8          0          0          0        624   power.o
       352         22          0          0          0       1290   pwm.o
      2088         22          0          0         64      17453   queue.o
       864        124          0         55        192       7144   shoot.o
       412         22          0          0          0       2049   spi.o
       200         88          0         16          0       1531   start_task.o
        76         28        428          0       1024        900   startup_stm32f427xx.o
      1282         28          0          0          0       5922   stm32f4xx_can.o
       716         72          0          0          0       5915   stm32f4xx_dma.o
       218          0          0          0          0       2378   stm32f4xx_gpio.o
        20          0          0          0          0     332129   stm32f4xx_it.o
       392         48          0         16          0       5957   stm32f4xx_rcc.o
       112          0          0          0          0       3582   stm32f4xx_spi.o
       570         46          0          0          0       9372   stm32f4xx_tim.o
       710         42          0          0          0       6932   stm32f4xx_usart.o
       392         32          0         20          0       1929   system_stm32f4xx.o
      3078        410          0         60        740      23959   tasks.o
       200         14          0          0          0       1759   time.o
      1138        116          0         20         40      17699   timers.o
       972         82          0          4         57       7463   usart.o

    ----------------------------------------------------------------------
     25846       2380        480        840     136016     542742   Object Totals
         0          0         32          0          0          0   (incl. Generated)
        34          0          0          8          3          0   (incl. Padding)

    ----------------------------------------------------------------------

      Code (inc. data)   RO Data    RW Data    ZI Data      Debug   Library Member Name

        90          0          0          0          0          0   __dczerorl2.o
         8          0          0          0          0         68   __main.o
       104          0          0          0          0         84   __printf.o
         0          0          0          0          0          0   __rtentry.o
        12          0          0          0          0          0   __rtentry2.o
         6          0          0          0          0          0   __rtentry4.o
        52          8          0          0          0          0   __scatter.o
        28          0          0          0          0          0   __scatter_zi.o
         6          0          0          0          0          0   _printf_c.o
        44          0          0          0          0        108   _printf_char.o
        48          6          0          0          0         96   _printf_char_common.o
        36          4          0          0          0         80   _printf_char_file.o
         0          0          0          0          0          0   _printf_percent.o
         4          0          0          0          0          0   _printf_percent_end.o
        82          0          0          0          0         80   _printf_str.o
        22          0          0          0          0        100   _rserrno.o
        16          0          0          0          0         68   aeabi_memset.o
        18          0          0          0          0         80   exit.o
         8          0          0          0          0         68   ferror.o
         6          0          0          0          0        152   heapauxi.o
         2          0          0          0          0          0   libinit.o
         6          0          0          0          0          0   libinit2.o
         2          0          0          0          0          0   libshutdown.o
         2          0          0          0          0          0   libshutdown2.o
         8          4          0          0         96         68   libspace.o
        24          4          0          0          0         84   noretval__2printf.o
         8          4          0          0          0         68   rt_errno_addr_intlibspace.o
        68          0          0          0          0         68   rt_memclr.o
        78          0          0          0          0         80   rt_memclr_w.o
       138          0          0          0          0         68   rt_memcpy_v6.o
       100          0          0          0          0         80   rt_memcpy_w.o
         2          0          0          0          0          0   rtexit.o
        10          0          0          0          0          0   rtexit2.o
        74          0          0          0          0         80   sys_stackheap_outer.o
         2          0          0          0          0         68   use_no_semi.o
         2          0          0          0          0         68   use_no_semi_2.o
        24          0          0          0          0        164   basic.o
        98          4          0          0          0        140   d2f.o
       826         16          0          0          0        492   daddsub_clz.o
       688        140          0          0          0        256   ddiv.o
        94          4          0          0          0        140   dfix.o
        46          0          0          0          0        116   dflt_clz.o
       340         12          0          0          0        152   dmul.o
       156          4          0          0          0        140   dnaninf.o
        12          0          0          0          0        116   dretinf.o
       408         56          0          0          0        168   dsqrt_umaal.o
        86          4          0          0          0        132   f2d.o
       140          4          0          0          0        132   fnaninf.o
        10          0          0          0          0        116   fpinit.o
        10          0          0          0          0        116   fretinf.o
         0          0          0          0          0          0   usenofp.o
       864         94         80          0          0        280   asin.o
       744        106        152          0          0        352   atan.o
       496         64          0          0          0        192   atan2.o
       104         16          0          0          0        496   dunder.o
        24          0          0          0          0        124   fabs.o
        48          0          0          0          0        124   fpclassify.o
       248          0          0          0          0        152   poly.o
         0          0          8          0          0          0   qnan.o
       232          0          0          0          0        296   sqrt.o

    ----------------------------------------------------------------------
      6842        554        240          0         96       6112   Library Totals
        28          0          0          0          0          0   (incl. Padding)

    ----------------------------------------------------------------------

      Code (inc. data)   RO Data    RW Data    ZI Data      Debug   Library Name

      1116         30          0          0         96       1716   c_w.l
      2938        244          0          0          0       2380   fz_wm.l
      2760        280        240          0          0       2016   m_wm.l

    ----------------------------------------------------------------------
      6842        554        240          0         96       6112   Library Totals

    ----------------------------------------------------------------------

==============================================================================


      Code (inc. data)   RO Data    RW Data    ZI Data      Debug   

     32688       2934        720        840     136112     525470   Grand Totals
     32688       2934        720        208     136112     525470   ELF Image Totals (compressed)
     32688       2934        720        208          0          0   ROM Totals

==============================================================================

    Total RO  Size (Code + RO Data)                33408 (  32.63kB)
    Total RW  Size (RW Data + ZI Data)            136952 ( 133.74kB)
    Total ROM Size (Code + RO Data + RW Data)      33616 (  32.83kB)

==============================================================================

