<html>
<body>
<pre>
<h1>礦ision Build Log</h1>
<h2>Tool Versions:</h2>
IDE-Version: μVision V5.26.2.0
Copyright (C) 2018 ARM Ltd and ARM Germany GmbH. All rights reserved.
License Information: 12 Administrator, 123, LIC=03CY8-31RM3-11QPY-I3F8R-DFA8E-1BIHQ
 
Tool Versions:
Toolchain:       MDK-ARM Plus  Version: 5.26.2.0
Toolchain Path:  D:\keils5\ARM\ARMCC\Bin
C Compiler:      Armcc.exe V5.06 update 6 (build 750)
Assembler:       Armasm.exe V5.06 update 6 (build 750)
Linker/Locator:  ArmLink.exe V5.06 update 6 (build 750)
Library Manager: ArmAr.exe V5.06 update 6 (build 750)
Hex Converter:   FromElf.exe V5.06 update 6 (build 750)
CPU DLL:         SARMCM3.DLL V5.26.2.0
Dialog DLL:      DCM.DLL V1.17.2.0
Target DLL:      Segger\JL2CM3.dll V2.99.31.0
Dialog DLL:      TCM.DLL V1.36.1.0
 
<h2>Project:</h2>
C:\Users\Administrator\Desktop\例程更替\英雄V1.3(只有底盘代码)\Project\standard.uvprojx
Project File Date:  12/12/2020

<h2>Output:</h2>
*** Using Compiler 'V5.06 update 6 (build 750)', folder: 'D:\keils5\ARM\ARMCC\Bin'
Rebuild target 'standard'
assembling startup_stm32f427xx.s...
compiling stm32f4xx_gpio.c...
compiling stm32f4xx_exti.c...
compiling misc.c...
compiling system_stm32f4xx.c...
compiling stm32f4xx_can.c...
compiling stm32f4xx_it.c...
compiling stm32f4xx_rcc.c...
compiling stm32f4xx_sdio.c...
compiling stm32f4xx_usart.c...
compiling stm32f4xx_rng.c...
compiling stm32f4xx_adc.c...
compiling stm32f4xx_flash.c...
compiling stm32f4xx_spi.c...
compiling stm32f4xx_tim.c...
compiling stm32f4xx_syscfg.c...
compiling stm32f4xx_dma.c...
compiling croutine.c...
compiling tasks.c...
compiling queue.c...
compiling event_groups.c...
compiling list.c...
compiling timers.c...
compiling heap_4.c...
compiling port.c...
compiling led.c...
compiling CAN.c...
compiling user_lib.c...
compiling main.c...
..\user\main.c(24): warning:  #1295-D: Deprecated declaration BSP_init - give arg types
  void BSP_init();
..\user\main.c: 1 warning, 0 errors
compiling power.c...
compiling sys.c...
compiling usart.c...
compiling PWM.c...
compiling Control.c...
compiling timer.c...
compiling Chassis.c...
..\user\APP\Chassis.c(199): warning:  #111-D: statement is unreachable
  	led_red_on();
..\user\APP\Chassis.c: 1 warning, 0 errors
compiling help.c...
compiling feedback.c...
..\user\APP\feedback.c(170): warning:  #940-D: missing return statement at end of non-void function "CAN1_RX0_IRQHandler" 
  }
..\user\APP\feedback.c(19): warning:  #177-D: variable "t_fb"  was declared but never referenced
  static u16 t_fb=0;
..\user\APP\feedback.c(20): warning:  #177-D: variable "last_angle"  was declared but never referenced
  static int16_t last_angle = 9000;
..\user\APP\feedback.c(21): warning:  #177-D: variable "count"  was declared but never referenced
  static int16_t count=0;
..\user\APP\feedback.c: 4 warnings, 0 errors
compiling get_bullet.c...
compiling gimbal.c...
compiling delay.c...
compiling start_task.c...
compiling shoot.c...
linking...
Program Size: Code=18960 RO-data=460 RW-data=312 ZI-data=133184  
FromELF: creating hex file...
".\Objects\infantry.axf" - 0 Error(s), 6 Warning(s).

<h2>Software Packages used:</h2>

Package Vendor: ARM
                http://www.keil.com/pack/ARM.CMSIS.5.4.0.pack
                ARM.CMSIS.5.4.0
                CMSIS (Cortex Microcontroller Software Interface Standard)
   * Component: CORE Version: 5.1.2
   * Component: DSP Version: 1.5.2

Package Vendor: Keil
                http://www.keil.com/pack/Keil.STM32F4xx_DFP.2.13.0.pack
                Keil.STM32F4xx_DFP.2.13.0
                STMicroelectronics STM32F4 Series Device Support, Drivers and Examples

<h2>Collection of Component include folders:</h2>
  .\RTE\_standard
  D:\keils5\ARM\PACK\ARM\CMSIS\5.4.0\CMSIS\Core\Include
  D:\keils5\ARM\PACK\ARM\CMSIS\5.4.0\CMSIS\DSP\Include
  D:\keils5\ARM\PACK\Keil\STM32F4xx_DFP\2.13.0\Drivers\CMSIS\Device\ST\STM32F4xx\Include

<h2>Collection of Component Files used:</h2>

   * Component: ARM::CMSIS:CORE:5.1.2

   * Component: ARM::CMSIS:DSP:1.5.2
      Include file:  CMSIS\DSP\Include\arm_math.h
      Library file:  CMSIS\Lib\ARM\arm_cortexM4lf_math.lib
Build Time Elapsed:  00:00:18
</pre>
</body>
</html>
