Component: ARM Compiler 5.06 update 6 (build 750) Tool: armlink [4d35ed]

==============================================================================

Section Cross References

    startup_stm32f427xx.o(STACK) refers (Special) to heapauxi.o(.text) for __use_two_region_memory
    startup_stm32f427xx.o(HEAP) refers (Special) to heapauxi.o(.text) for __use_two_region_memory
    startup_stm32f427xx.o(RESET) refers (Special) to heapauxi.o(.text) for __use_two_region_memory
    startup_stm32f427xx.o(RESET) refers to startup_stm32f427xx.o(STACK) for __initial_sp
    startup_stm32f427xx.o(RESET) refers to startup_stm32f427xx.o(.text) for Reset_Handler
    startup_stm32f427xx.o(RESET) refers to stm32f4xx_it.o(i.NMI_Handler) for NMI_Handler
    startup_stm32f427xx.o(RESET) refers to stm32f4xx_it.o(i.HardFault_Handler) for HardFault_Handler
    startup_stm32f427xx.o(RESET) refers to stm32f4xx_it.o(i.MemManage_Handler) for MemManage_Handler
    startup_stm32f427xx.o(RESET) refers to stm32f4xx_it.o(i.BusFault_Handler) for BusFault_Handler
    startup_stm32f427xx.o(RESET) refers to stm32f4xx_it.o(i.UsageFault_Handler) for UsageFault_Handler
    startup_stm32f427xx.o(RESET) refers to port.o(.emb_text) for SVC_Handler
    startup_stm32f427xx.o(RESET) refers to stm32f4xx_it.o(i.DebugMon_Handler) for DebugMon_Handler
    startup_stm32f427xx.o(RESET) refers to freertos_middleware.o(i.SysTick_Handler) for SysTick_Handler
    startup_stm32f427xx.o(RESET) refers to feedback.o(i.CAN1_RX0_IRQHandler) for CAN1_RX0_IRQHandler
    startup_stm32f427xx.o(RESET) refers to freertos_middleware.o(i.TIM3_IRQHandler) for TIM3_IRQHandler
    startup_stm32f427xx.o(RESET) refers to usart.o(i.USART1_IRQHandler) for USART1_IRQHandler
    startup_stm32f427xx.o(RESET) refers to time.o(i.TIM5_IRQHandler) for TIM5_IRQHandler
    startup_stm32f427xx.o(RESET) refers to feedback.o(i.CAN2_RX0_IRQHandler) for CAN2_RX0_IRQHandler
    startup_stm32f427xx.o(RESET) refers to usart.o(i.DMA2_Stream5_IRQHandler) for DMA2_Stream5_IRQHandler
    startup_stm32f427xx.o(RESET) refers to usart.o(i.USART6_IRQHandler) for USART6_IRQHandler
    startup_stm32f427xx.o(.text) refers (Special) to heapauxi.o(.text) for __use_two_region_memory
    startup_stm32f427xx.o(.text) refers to system_stm32f4xx.o(i.SystemInit) for SystemInit
    startup_stm32f427xx.o(.text) refers to __main.o(!!!main) for __main
    startup_stm32f427xx.o(.text) refers to startup_stm32f427xx.o(HEAP) for Heap_Mem
    startup_stm32f427xx.o(.text) refers to startup_stm32f427xx.o(STACK) for Stack_Mem
    system_stm32f4xx.o(i.SystemCoreClockUpdate) refers to system_stm32f4xx.o(.data) for SystemCoreClock
    system_stm32f4xx.o(i.SystemInit) refers to system_stm32f4xx.o(i.SetSysClock) for SetSysClock
    stm32f4xx_can.o(i.CAN_DeInit) refers to stm32f4xx_rcc.o(i.RCC_APB1PeriphResetCmd) for RCC_APB1PeriphResetCmd
    stm32f4xx_can.o(i.CAN_GetITStatus) refers to stm32f4xx_can.o(i.CheckITStatus) for CheckITStatus
    stm32f4xx_gpio.o(i.GPIO_DeInit) refers to stm32f4xx_rcc.o(i.RCC_AHB1PeriphResetCmd) for RCC_AHB1PeriphResetCmd
    stm32f4xx_rcc.o(i.RCC_GetClocksFreq) refers to stm32f4xx_rcc.o(.data) for APBAHBPrescTable
    stm32f4xx_rcc.o(i.RCC_WaitForHSEStartUp) refers to stm32f4xx_rcc.o(i.RCC_GetFlagStatus) for RCC_GetFlagStatus
    stm32f4xx_sdio.o(i.SDIO_DeInit) refers to stm32f4xx_rcc.o(i.RCC_APB2PeriphResetCmd) for RCC_APB2PeriphResetCmd
    stm32f4xx_tim.o(i.TIM_DeInit) refers to stm32f4xx_rcc.o(i.RCC_APB2PeriphResetCmd) for RCC_APB2PeriphResetCmd
    stm32f4xx_tim.o(i.TIM_DeInit) refers to stm32f4xx_rcc.o(i.RCC_APB1PeriphResetCmd) for RCC_APB1PeriphResetCmd
    stm32f4xx_tim.o(i.TIM_ETRClockMode1Config) refers to stm32f4xx_tim.o(i.TIM_ETRConfig) for TIM_ETRConfig
    stm32f4xx_tim.o(i.TIM_ETRClockMode2Config) refers to stm32f4xx_tim.o(i.TIM_ETRConfig) for TIM_ETRConfig
    stm32f4xx_tim.o(i.TIM_ICInit) refers to stm32f4xx_tim.o(i.TI1_Config) for TI1_Config
    stm32f4xx_tim.o(i.TIM_ICInit) refers to stm32f4xx_tim.o(i.TIM_SetIC1Prescaler) for TIM_SetIC1Prescaler
    stm32f4xx_tim.o(i.TIM_ICInit) refers to stm32f4xx_tim.o(i.TI2_Config) for TI2_Config
    stm32f4xx_tim.o(i.TIM_ICInit) refers to stm32f4xx_tim.o(i.TIM_SetIC2Prescaler) for TIM_SetIC2Prescaler
    stm32f4xx_tim.o(i.TIM_ICInit) refers to stm32f4xx_tim.o(i.TI3_Config) for TI3_Config
    stm32f4xx_tim.o(i.TIM_ICInit) refers to stm32f4xx_tim.o(i.TIM_SetIC3Prescaler) for TIM_SetIC3Prescaler
    stm32f4xx_tim.o(i.TIM_ICInit) refers to stm32f4xx_tim.o(i.TI4_Config) for TI4_Config
    stm32f4xx_tim.o(i.TIM_ICInit) refers to stm32f4xx_tim.o(i.TIM_SetIC4Prescaler) for TIM_SetIC4Prescaler
    stm32f4xx_tim.o(i.TIM_ITRxExternalClockConfig) refers to stm32f4xx_tim.o(i.TIM_SelectInputTrigger) for TIM_SelectInputTrigger
    stm32f4xx_tim.o(i.TIM_PWMIConfig) refers to stm32f4xx_tim.o(i.TI1_Config) for TI1_Config
[...]
    __read_errno                             0x08000575   Thumb Code    10  _rserrno.o(.text)
    __set_errno                              0x0800057f   Thumb Code    12  _rserrno.o(.text)
    _printf_char_common                      0x08000597   Thumb Code    32  _printf_char_common.o(.text)
    _printf_cs_common                        0x080005bd   Thumb Code    20  _printf_char.o(.text)
    _printf_char                             0x080005d1   Thumb Code    16  _printf_char.o(.text)
    _printf_string                           0x080005e1   Thumb Code     8  _printf_char.o(.text)
    _printf_char_file                        0x080005e9   Thumb Code    32  _printf_char_file.o(.text)
    __aeabi_memclr                           0x0800060d   Thumb Code     0  rt_memclr.o(.text)
    __rt_memclr                              0x0800060d   Thumb Code    68  rt_memclr.o(.text)
    _memset                                  0x08000611   Thumb Code     0  rt_memclr.o(.text)
    __aeabi_errno_addr                       0x08000651   Thumb Code     8  rt_errno_addr_intlibspace.o(.text)
    __errno$intlibspace                      0x08000651   Thumb Code     0  rt_errno_addr_intlibspace.o(.text)
    __rt_errno_addr$intlibspace              0x08000651   Thumb Code     0  rt_errno_addr_intlibspace.o(.text)
    ferror                                   0x08000659   Thumb Code     8  ferror.o(.text)
    __aeabi_memclr4                          0x08000661   Thumb Code     0  rt_memclr_w.o(.text)
    __aeabi_memclr8                          0x08000661   Thumb Code     0  rt_memclr_w.o(.text)
    __rt_memclr_w                            0x08000661   Thumb Code    78  rt_memclr_w.o(.text)
    _memset_w                                0x08000665   Thumb Code     0  rt_memclr_w.o(.text)
    __user_libspace                          0x080006b1   Thumb Code     8  libspace.o(.text)
    __user_perproc_libspace                  0x080006b1   Thumb Code     0  libspace.o(.text)
    __user_perthread_libspace                0x080006b1   Thumb Code     0  libspace.o(.text)
    __user_setup_stackheap                   0x080006b9   Thumb Code    74  sys_stackheap_outer.o(.text)
    exit                                     0x08000703   Thumb Code    18  exit.o(.text)
    BSP_init                                 0x08000715   Thumb Code    96  main.o(i.BSP_init)
    BusFault_Handler                         0x08000775   Thumb Code     4  stm32f4xx_it.o(i.BusFault_Handler)
    CAN1_RX0_IRQHandler                      0x08000779   Thumb Code   446  feedback.o(i.CAN1_RX0_IRQHandler)
    CAN1_Send_Msg                            0x08000955   Thumb Code   108  can.o(i.CAN1_Send_Msg)
    CAN1_mode_init                           0x080009c5   Thumb Code   264  can.o(i.CAN1_mode_init)
    CAN2_RX0_IRQHandler                      0x08000ad5   Thumb Code   110  feedback.o(i.CAN2_RX0_IRQHandler)
    CAN2_Send_Msg                            0x08000b4d   Thumb Code   104  can.o(i.CAN2_Send_Msg)
    CAN2_mode_init                           0x08000bbd   Thumb Code   268  can.o(i.CAN2_mode_init)
    CAN_FilterInit                           0x08000cd1   Thumb Code   258  stm32f4xx_can.o(i.CAN_FilterInit)
    CAN_ITConfig                             0x08000dd9   Thumb Code    18  stm32f4xx_can.o(i.CAN_ITConfig)
    CAN_Init                                 0x08000deb   Thumb Code   276  stm32f4xx_can.o(i.CAN_Init)
    CAN_MessagePending                       0x08000eff   Thumb Code    30  stm32f4xx_can.o(i.CAN_MessagePending)
    CAN_Receive                              0x08000f1d   Thumb Code   240  stm32f4xx_can.o(i.CAN_Receive)
    CAN_Transmit                             0x0800100d   Thumb Code   294  stm32f4xx_can.o(i.CAN_Transmit)
    CAN_TransmitStatus                       0x08001135   Thumb Code   138  stm32f4xx_can.o(i.CAN_TransmitStatus)
    DMA2_Stream5_IRQHandler                  0x080011d5   Thumb Code   302  usart.o(i.DMA2_Stream5_IRQHandler)
    DMA_ClearFlag                            0x08001319   Thumb Code    38  stm32f4xx_dma.o(i.DMA_ClearFlag)
    DMA_ClearITPendingBit                    0x0800134d   Thumb Code    38  stm32f4xx_dma.o(i.DMA_ClearITPendingBit)
    DMA_Cmd                                  0x08001381   Thumb Code    22  stm32f4xx_dma.o(i.DMA_Cmd)
    DMA_DeInit                               0x08001399   Thumb Code   324  stm32f4xx_dma.o(i.DMA_DeInit)
    DMA_GetITStatus                          0x080014f1   Thumb Code    82  stm32f4xx_dma.o(i.DMA_GetITStatus)
    DMA_ITConfig                             0x08001555   Thumb Code    58  stm32f4xx_dma.o(i.DMA_ITConfig)
    DMA_Init                                 0x08001591   Thumb Code    82  stm32f4xx_dma.o(i.DMA_Init)
    DebugMon_Handler                         0x080015e9   Thumb Code     2  stm32f4xx_it.o(i.DebugMon_Handler)
    GPIO_Init                                0x080015eb   Thumb Code   144  stm32f4xx_gpio.o(i.GPIO_Init)
    GPIO_PinAFConfig                         0x0800167b   Thumb Code    70  stm32f4xx_gpio.o(i.GPIO_PinAFConfig)
    GPIO_SetBits                             0x080016c1   Thumb Code     4  stm32f4xx_gpio.o(i.GPIO_SetBits)
    GetPitchYawGxGyGz                        0x080016c5   Thumb Code   122  imu.o(i.GetPitchYawGxGyGz)
    Get_Time_Micros                          0x08001761   Thumb Code     8  imu.o(i.Get_Time_Micros)
    HardFault_Handler                        0x08001769   Thumb Code     4  stm32f4xx_it.o(i.HardFault_Handler)
    IMU_AHRSupdate                           0x0800176d   Thumb Code  1920  imu.o(i.IMU_AHRSupdate)
    IMU_getQ                                 0x08001f31   Thumb Code    56  imu.o(i.IMU_getQ)
    IMU_getValues                            0x08001f7d   Thumb Code  1744  imu.o(i.IMU_getValues)
    IMU_getYawPitchRoll                      0x0800269d   Thumb Code   552  imu.o(i.IMU_getYawPitchRoll)
    MPU6500_Init                             0x080028d9   Thumb Code    74  imu.o(i.MPU6500_Init)
    MPU6500_Read_Reg                         0x0800292d   Thumb Code    52  imu.o(i.MPU6500_Read_Reg)
    MPU6500_Read_Regs                        0x08002971   Thumb Code    30  imu.o(i.MPU6500_Read_Regs)
    MPU6500_Write_Reg                        0x08002999   Thumb Code    50  imu.o(i.MPU6500_Write_Reg)
    MemManage_Handler                        0x080029d9   Thumb Code     4  stm32f4xx_it.o(i.MemManage_Handler)
    NMI_Handler                              0x080029dd   Thumb Code     2  stm32f4xx_it.o(i.NMI_Handler)
    NVIC_Init                                0x080029e1   Thumb Code   106  misc.o(i.NVIC_Init)
    NVIC_PriorityGroupConfig                 0x08002a59   Thumb Code    10  misc.o(i.NVIC_PriorityGroupConfig)
    PWM_Init                                 0x08002a6d   Thumb Code   500  pwm.o(i.PWM_Init)
    RCC_AHB1PeriphClockCmd                   0x08002c79   Thumb Code    26  stm32f4xx_rcc.o(i.RCC_AHB1PeriphClockCmd)
    RCC_APB1PeriphClockCmd                   0x08002c99   Thumb Code    26  stm32f4xx_rcc.o(i.RCC_APB1PeriphClockCmd)
    RCC_APB1PeriphResetCmd                   0x08002cb9   Thumb Code    26  stm32f4xx_rcc.o(i.RCC_APB1PeriphResetCmd)
    RCC_APB2PeriphClockCmd                   0x08002cd9   Thumb Code    26  stm32f4xx_rcc.o(i.RCC_APB2PeriphClockCmd)
    RCC_APB2PeriphResetCmd                   0x08002cf9   Thumb Code    26  stm32f4xx_rcc.o(i.RCC_APB2PeriphResetCmd)
    RCC_GetClocksFreq                        0x08002d19   Thumb Code   214  stm32f4xx_rcc.o(i.RCC_GetClocksFreq)
    SPI5_Init                                0x08002e01   Thumb Code   272  spi.o(i.SPI5_Init)
    SPI5_ReadWriteByte                       0x08002f1d   Thumb Code    82  spi.o(i.SPI5_ReadWriteByte)
    SPI5_SetSpeed                            0x08002f75   Thumb Code    36  spi.o(i.SPI5_SetSpeed)
    SPI_Cmd                                  0x08002f9d   Thumb Code    24  stm32f4xx_spi.o(i.SPI_Cmd)
    SPI_I2S_GetFlagStatus                    0x08002fb5   Thumb Code    18  stm32f4xx_spi.o(i.SPI_I2S_GetFlagStatus)
    SPI_I2S_ReceiveData                      0x08002fc7   Thumb Code     6  stm32f4xx_spi.o(i.SPI_I2S_ReceiveData)
    SPI_I2S_SendData                         0x08002fcd   Thumb Code     4  stm32f4xx_spi.o(i.SPI_I2S_SendData)
    SPI_Init                                 0x08002fd1   Thumb Code    60  stm32f4xx_spi.o(i.SPI_Init)
    SysTick_CLKSourceConfig                  0x0800312d   Thumb Code    40  misc.o(i.SysTick_CLKSourceConfig)
    SysTick_Handler                          0x08003155   Thumb Code    16  freertos_middleware.o(i.SysTick_Handler)
    SystemInit                               0x08003165   Thumb Code    88  system_stm32f4xx.o(i.SystemInit)
    TIM2_Int_Init                            0x080031cd   Thumb Code    64  time.o(i.TIM2_Int_Init)
    TIM3_IRQHandler                          0x0800320d   Thumb Code    40  freertos_middleware.o(i.TIM3_IRQHandler)
    TIM5_IRQHandler                          0x0800323d   Thumb Code    34  time.o(i.TIM5_IRQHandler)
    TIM_ARRPreloadConfig                     0x08003269   Thumb Code    24  stm32f4xx_tim.o(i.TIM_ARRPreloadConfig)
    TIM_ClearFlag                            0x08003281   Thumb Code     6  stm32f4xx_tim.o(i.TIM_ClearFlag)
    TIM_ClearITPendingBit                    0x08003287   Thumb Code     6  stm32f4xx_tim.o(i.TIM_ClearITPendingBit)
    TIM_Cmd                                  0x0800328d   Thumb Code    24  stm32f4xx_tim.o(i.TIM_Cmd)
    TIM_CtrlPWMOutputs                       0x080032a5   Thumb Code    30  stm32f4xx_tim.o(i.TIM_CtrlPWMOutputs)
    TIM_GetITStatus                          0x080032c3   Thumb Code    34  stm32f4xx_tim.o(i.TIM_GetITStatus)
    TIM_ITConfig                             0x080032e5   Thumb Code    18  stm32f4xx_tim.o(i.TIM_ITConfig)
    TIM_OC1Init                              0x080032f9   Thumb Code   114  stm32f4xx_tim.o(i.TIM_OC1Init)
    TIM_OC1PreloadConfig                     0x08003375   Thumb Code    18  stm32f4xx_tim.o(i.TIM_OC1PreloadConfig)
    TIM_OC4Init                              0x08003389   Thumb Code   112  stm32f4xx_tim.o(i.TIM_OC4Init)
    TIM_OC4PreloadConfig                     0x08003401   Thumb Code    26  stm32f4xx_tim.o(i.TIM_OC4PreloadConfig)
    TIM_SetCompare1                          0x0800341b   Thumb Code     4  stm32f4xx_tim.o(i.TIM_SetCompare1)
    TIM_SetCompare4                          0x0800341f   Thumb Code     4  stm32f4xx_tim.o(i.TIM_SetCompare4)
    TIM_TimeBaseInit                         0x08003425   Thumb Code   104  stm32f4xx_tim.o(i.TIM_TimeBaseInit)
    Tick_TIM5_Init                           0x080034a9   Thumb Code    88  time.o(i.Tick_TIM5_Init)
    USART1_Configuration                     0x08003505   Thumb Code   294  usart.o(i.USART1_Configuration)
    USART1_IRQHandler                        0x08003645   Thumb Code    26  usart.o(i.USART1_IRQHandler)
    USART6_IRQHandler                        0x08003665   Thumb Code    54  usart.o(i.USART6_IRQHandler)
    USART6_TX_Byte                           0x080036c1   Thumb Code    28  usart.o(i.USART6_TX_Byte)
    USART_ClearFlag                          0x080036e1   Thumb Code    18  stm32f4xx_usart.o(i.USART_ClearFlag)
    USART_ClearITPendingBit                  0x080036f3   Thumb Code    30  stm32f4xx_usart.o(i.USART_ClearITPendingBit)
    USART_Cmd                                0x08003711   Thumb Code    24  stm32f4xx_usart.o(i.USART_Cmd)
    USART_DMACmd                             0x08003729   Thumb Code    18  stm32f4xx_usart.o(i.USART_DMACmd)
    USART_DeInit                             0x0800373d   Thumb Code   206  stm32f4xx_usart.o(i.USART_DeInit)
    USART_GetFlagStatus                      0x0800382d   Thumb Code    26  stm32f4xx_usart.o(i.USART_GetFlagStatus)
    USART_GetITStatus                        0x08003847   Thumb Code    84  stm32f4xx_usart.o(i.USART_GetITStatus)
    USART_ITConfig                           0x0800389b   Thumb Code    74  stm32f4xx_usart.o(i.USART_ITConfig)
    USART_Init                               0x080038e5   Thumb Code   204  stm32f4xx_usart.o(i.USART_Init)
    USART_ReceiveData                        0x080039b9   Thumb Code    10  stm32f4xx_usart.o(i.USART_ReceiveData)
    USART_SendData                           0x080039c3   Thumb Code     8  stm32f4xx_usart.o(i.USART_SendData)
    UsageFault_Handler                       0x080039cb   Thumb Code     4  stm32f4xx_it.o(i.UsageFault_Handler)
    __ARM_fpclassify                         0x080039cf   Thumb Code    48  fpclassify.o(i.__ARM_fpclassify)
    __ARM_fpclassifyf                        0x080039ff   Thumb Code    38  fpclassifyf.o(i.__ARM_fpclassifyf)
    __hardfp_asin                            0x08003a39   Thumb Code   770  asin.o(i.__hardfp_asin)
    __hardfp_atan                            0x08003d99   Thumb Code   622  atan.o(i.__hardfp_atan)
    __hardfp_atan2                           0x08004071   Thumb Code   432  atan2.o(i.__hardfp_atan2)
    __hardfp_atan2f                          0x08004261   Thumb Code   502  atan2f.o(i.__hardfp_atan2f)
    __hardfp_cosf                            0x080044b1   Thumb Code   280  cosf.o(i.__hardfp_cosf)
    __hardfp_fmaxf                           0x08004601   Thumb Code    72  fmaxf.o(i.__hardfp_fmaxf)
    __hardfp_sinf                            0x08004649   Thumb Code   344  sinf.o(i.__hardfp_sinf)
    __hardfp_sqrt                            0x080047d9   Thumb Code   122  sqrt.o(i.__hardfp_sqrt)
    __hardfp_sqrtf                           0x08004853   Thumb Code    58  sqrtf.o(i.__hardfp_sqrtf)
    __kernel_poly                            0x0800488d   Thumb Code   248  poly.o(i.__kernel_poly)
    __mathlib_dbl_infnan                     0x08004985   Thumb Code    20  dunder.o(i.__mathlib_dbl_infnan)
    __mathlib_dbl_infnan2                    0x08004999   Thumb Code    20  dunder.o(i.__mathlib_dbl_infnan2)
    __mathlib_dbl_invalid                    0x080049b1   Thumb Code    24  dunder.o(i.__mathlib_dbl_invalid)
    __mathlib_dbl_underflow                  0x080049d1   Thumb Code    24  dunder.o(i.__mathlib_dbl_underflow)
    __mathlib_flt_infnan                     0x080049f1   Thumb Code     6  funder.o(i.__mathlib_flt_infnan)
    __mathlib_flt_infnan2                    0x080049f7   Thumb Code     6  funder.o(i.__mathlib_flt_infnan2)
    __mathlib_flt_invalid                    0x080049fd   Thumb Code    10  funder.o(i.__mathlib_flt_invalid)
    __mathlib_flt_underflow                  0x08004a0d   Thumb Code    10  funder.o(i.__mathlib_flt_underflow)
    __mathlib_rredf2                         0x08004a1d   Thumb Code   316  rredf.o(i.__mathlib_rredf2)
    _sys_exit                                0x08004b71   Thumb Code     4  usart.o(i._sys_exit)
    angleConversion                          0x08004b75   Thumb Code   454  gimbal.o(i.angleConversion)
    angleFeedback                            0x08004d81   Thumb Code    26  gimbal.o(i.angleFeedback)
    atan                                     0x08004db5   Thumb Code    16  atan.o(i.atan)
    chassisConversion                        0x08004dc5   Thumb Code  1654  chassis.o(i.chassisConversion)
    chassisFeedback                          0x0800549d   Thumb Code    34  chassis.o(i.chassisFeedback)
    chassisInit                              0x080054e1   Thumb Code    30  chassis.o(i.chassisInit)
    chassisSend                              0x08005655   Thumb Code    74  chassis.o(i.chassisSend)
    chassisSpeedSet                          0x080056a1   Thumb Code   232  chassis.o(i.chassisSpeedSet)
    chassisTask                              0x080057ad   Thumb Code    16  chassis.o(i.chassisTask)
    chassis_task                             0x080057bd   Thumb Code    18  chassis.o(i.chassis_task)
    delay_init                               0x080057d1   Thumb Code    90  delay.o(i.delay_init)
    delay_ms                                 0x0800583d   Thumb Code    76  delay.o(i.delay_ms)
    fabs                                     0x0800588d   Thumb Code    24  fabs.o(i.fabs)
    fashe                                    0x080058a5   Thumb Code    50  shoot.o(i.fashe)
    fix_speed                                0x080058e1   Thumb Code    90  chassis.o(i.fix_speed)
    flow_led_off                             0x08005949   Thumb Code    20  led.o(i.flow_led_off)
    fputc                                    0x08005961   Thumb Code    24  usart.o(i.fputc)
    gears_speed                              0x0800597d   Thumb Code   126  chassis.o(i.gears_speed)
    gimbalInit                               0x08005a19   Thumb Code    82  gimbal.o(i.gimbalInit)
    gimbalSend                               0x08005bcd   Thumb Code    58  gimbal.o(i.gimbalSend)
    gimbalTask                               0x08005c07   Thumb Code    20  gimbal.o(i.gimbalTask)
    gimbal_Task                              0x08005c1b   Thumb Code    18  gimbal.o(i.gimbal_Task)
    invSqrt                                  0x08005c2d   Thumb Code    56  imu.o(i.invSqrt)
    led_configuration                        0x08005c69   Thumb Code    94  led.o(i.led_configuration)
    led_green_off                            0x08005cd5   Thumb Code    14  led.o(i.led_green_off)
    led_red_off                              0x08005ce9   Thumb Code    14  led.o(i.led_red_off)
    limitSet                                 0x08005cfd   Thumb Code    34  gimbal.o(i.limitSet)
    main                                     0x08005d31   Thumb Code    20  main.o(i.main)
    powerInit                                0x08005d45   Thumb Code   144  power.o(i.powerInit)
    pvPortMalloc                             0x08006809   Thumb Code   296  heap_4.o(i.pvPortMalloc)
    pvTaskIncrementMutexHeldCount            0x08006945   Thumb Code    26  tasks.o(i.pvTaskIncrementMutexHeldCount)
    pxPortInitialiseStack                    0x08006965   Thumb Code    38  port.o(i.pxPortInitialiseStack)
    set_TIM8_fric1                           0x08006991   Thumb Code    14  pwm.o(i.set_TIM8_fric1)
    set_fric                                 0x080069a5   Thumb Code    24  pwm.o(i.set_fric)
    set_fric2                                0x080069c1   Thumb Code    24  pwm.o(i.set_fric2)
    shootAngleSet                            0x080069dd   Thumb Code    54  shoot.o(i.shootAngleSet)
    shootConversion                          0x08006a25   Thumb Code   110  shoot.o(i.shootConversion)
    shootFeedback                            0x08006aa1   Thumb Code    10  shoot.o(i.shootFeedback)
    shootInit                                0x08006ab5   Thumb Code    30  shoot.o(i.shootInit)
    shootSend                                0x08006c31   Thumb Code    28  shoot.o(i.shootSend)
    shootTask                                0x08006c4d   Thumb Code    26  shoot.o(i.shootTask)
    shoot_task                               0x08006c6d   Thumb Code    18  shoot.o(i.shoot_task)
    speedSet                                 0x08006c81   Thumb Code   288  gimbal.o(i.speedSet)
    sqrt                                     0x08006de1   Thumb Code   110  sqrt.o(i.sqrt)
    start_rob_task                           0x08006e51   Thumb Code    88  start_task.o(i.start_rob_task)
    start_task                               0x08006ee9   Thumb Code    24  start_task.o(i.start_task)
    test_keybord                             0x08006f19   Thumb Code    82  gimbal.o(i.test_keybord)
    top_speed                                0x08006f85   Thumb Code    60  gimbal.o(i.top_speed)
    usart6_Init                              0x08006fc9   Thumb Code   186  usart.o(i.usart6_Init)
    uxListRemove                             0x0800708d   Thumb Code    40  list.o(i.uxListRemove)
    vListInitialise                          0x080070b5   Thumb Code    26  list.o(i.vListInitialise)
    vListInitialiseItem                      0x080070cf   Thumb Code     6  list.o(i.vListInitialiseItem)
    vListInsert                              0x080070d5   Thumb Code    52  list.o(i.vListInsert)
    vListInsertEnd                           0x08007109   Thumb Code    24  list.o(i.vListInsertEnd)
    vPortEnterCritical                       0x08007121   Thumb Code    76  port.o(i.vPortEnterCritical)
    vPortExitCritical                        0x08007175   Thumb Code    56  port.o(i.vPortExitCritical)
    vPortFree                                0x080071b1   Thumb Code   140  heap_4.o(i.vPortFree)
    vPortSetupTimerInterrupt                 0x08007245   Thumb Code     2  freertos_middleware.o(i.vPortSetupTimerInterrupt)
    vPortValidateInterruptPriority           0x08007249   Thumb Code   106  port.o(i.vPortValidateInterruptPriority)
    vQueueAddToRegistry                      0x080072c1   Thumb Code    38  queue.o(i.vQueueAddToRegistry)
    vQueueWaitForMessageRestricted           0x080072ed   Thumb Code    74  queue.o(i.vQueueWaitForMessageRestricted)
    vTaskDelay                               0x08007339   Thumb Code    82  tasks.o(i.vTaskDelay)
    vTaskDelete                              0x08007395   Thumb Code   202  tasks.o(i.vTaskDelete)
    vTaskMissedYield                         0x08007489   Thumb Code     8  tasks.o(i.vTaskMissedYield)
    vTaskPlaceOnEventList                    0x08007495   Thumb Code    52  tasks.o(i.vTaskPlaceOnEventList)
    vTaskPlaceOnEventListRestricted          0x080074cd   Thumb Code    60  tasks.o(i.vTaskPlaceOnEventListRestricted)
    vTaskPriorityInherit                     0x0800750d   Thumb Code   164  tasks.o(i.vTaskPriorityInherit)
    vTaskSetTimeOutState                     0x080075bd   Thumb Code    38  tasks.o(i.vTaskSetTimeOutState)
    vTaskStartScheduler                      0x080075ed   Thumb Code   118  tasks.o(i.vTaskStartScheduler)
    vTaskSuspendAll                          0x08007681   Thumb Code    12  tasks.o(i.vTaskSuspendAll)
    vTaskSwitchContext                       0x08007691   Thumb Code   118  tasks.o(i.vTaskSwitchContext)
    xPortStartScheduler                      0x0800771d   Thumb Code   288  port.o(i.xPortStartScheduler)
    xPortSysTickHandler                      0x08007859   Thumb Code    46  port.o(i.xPortSysTickHandler)
    xQueueGenericCreate                      0x0800788d   Thumb Code    88  queue.o(i.xQueueGenericCreate)
    xQueueGenericReceive                     0x080078e5   Thumb Code   446  queue.o(i.xQueueGenericReceive)
    xQueueGenericReset                       0x08007aa9   Thumb Code   146  queue.o(i.xQueueGenericReset)
    xQueueGenericSend                        0x08007b41   Thumb Code   452  queue.o(i.xQueueGenericSend)
    xQueueGenericSendFromISR                 0x08007d09   Thumb Code   264  queue.o(i.xQueueGenericSendFromISR)
    xTaskCheckForTimeOut                     0x08007e11   Thumb Code   132  tasks.o(i.xTaskCheckForTimeOut)
    xTaskCreate                              0x08007e9d   Thumb Code    96  tasks.o(i.xTaskCreate)
    xTaskGetSchedulerState                   0x08007efd   Thumb Code    24  tasks.o(i.xTaskGetSchedulerState)
    xTaskGetTickCount                        0x08007f1d   Thumb Code     6  tasks.o(i.xTaskGetTickCount)
    xTaskIncrementTick                       0x08007f29   Thumb Code   282  tasks.o(i.xTaskIncrementTick)
    xTaskPriorityDisinherit                  0x08008071   Thumb Code   188  tasks.o(i.xTaskPriorityDisinherit)
    xTaskRemoveFromEventList                 0x08008139   Thumb Code   128  tasks.o(i.xTaskRemoveFromEventList)
    xTaskResumeAll                           0x080081d1   Thumb Code   224  tasks.o(i.xTaskResumeAll)
    xTimerCreateTimerTask                    0x080082d5   Thumb Code    64  timers.o(i.xTimerCreateTimerTask)
    xTimerGenericCommand                     0x08008329   Thumb Code   126  timers.o(i.xTimerGenericCommand)
    __aeabi_dneg                             0x080083ad   Thumb Code     0  basic.o(x$fpl$basic)
    _dneg                                    0x080083ad   Thumb Code     6  basic.o(x$fpl$basic)
    __aeabi_fneg                             0x080083b3   Thumb Code     0  basic.o(x$fpl$basic)
    _fneg                                    0x080083b3   Thumb Code     6  basic.o(x$fpl$basic)
    _dabs                                    0x080083b9   Thumb Code     6  basic.o(x$fpl$basic)
    _fabs                                    0x080083bf   Thumb Code     6  basic.o(x$fpl$basic)
    __aeabi_d2f                              0x080083c5   Thumb Code     0  d2f.o(x$fpl$d2f)
    _d2f                                     0x080083c5   Thumb Code    98  d2f.o(x$fpl$d2f)
    __aeabi_dadd                             0x08008429   Thumb Code     0  daddsub_clz.o(x$fpl$dadd)
    _dadd                                    0x08008429   Thumb Code   332  daddsub_clz.o(x$fpl$dadd)
    __aeabi_ddiv                             0x08008579   Thumb Code     0  ddiv.o(x$fpl$ddiv)
    _ddiv                                    0x08008579   Thumb Code   552  ddiv.o(x$fpl$ddiv)
    __aeabi_d2iz                             0x08008829   Thumb Code     0  dfix.o(x$fpl$dfix)
    _dfix                                    0x08008829   Thumb Code    94  dfix.o(x$fpl$dfix)
    __aeabi_i2d                              0x08008887   Thumb Code     0  dflt_clz.o(x$fpl$dflt)
    _dflt                                    0x08008887   Thumb Code    46  dflt_clz.o(x$fpl$dflt)
    __aeabi_dmul                             0x080088b5   Thumb Code     0  dmul.o(x$fpl$dmul)
    _dmul                                    0x080088b5   Thumb Code   332  dmul.o(x$fpl$dmul)
    __fpl_dnaninf                            0x08008a09   Thumb Code   156  dnaninf.o(x$fpl$dnaninf)
    __fpl_dretinf                            0x08008aa5   Thumb Code    12  dretinf.o(x$fpl$dretinf)
    __aeabi_drsub                            0x08008ab1   Thumb Code     0  daddsub_clz.o(x$fpl$drsb)
    _drsb                                    0x08008ab1   Thumb Code    22  daddsub_clz.o(x$fpl$drsb)
    _dsqrt                                   0x08008ac9   Thumb Code   404  dsqrt_umaal.o(x$fpl$dsqrt)
    __aeabi_dsub                             0x08008c61   Thumb Code     0  daddsub_clz.o(x$fpl$dsub)
    _dsub                                    0x08008c61   Thumb Code   464  daddsub_clz.o(x$fpl$dsub)
    __aeabi_f2d                              0x08008e35   Thumb Code     0  f2d.o(x$fpl$f2d)
    _f2d                                     0x08008e35   Thumb Code    86  f2d.o(x$fpl$f2d)
    __fcmp4                                  0x08008e8d   Thumb Code    24  fcmp4.o(x$fpl$fcmp4)
    __ARM_fcmp4                              0x08008ea5   Thumb Code     0  fcmp4.o(x$fpl$fcmp4)
    _fcmp4                                   0x08008ea5   Thumb Code    58  fcmp4.o(x$fpl$fcmp4)
    __fpl_fcmp_Inf                           0x08008edf   Thumb Code    24  fcmpi.o(x$fpl$fcmpinf)
    __fpl_fnaninf                            0x08008ef7   Thumb Code   140  fnaninf.o(x$fpl$fnaninf)
    _fp_init                                 0x08008f83   Thumb Code    10  fpinit.o(x$fpl$fpinit)
    __fplib_config_fpu_vfp                   0x08008f8b   Thumb Code     0  fpinit.o(x$fpl$fpinit)
    __fplib_config_pureend_doubles           0x08008f8b   Thumb Code     0  fpinit.o(x$fpl$fpinit)
    __fpl_fretinf                            0x08008f8d   Thumb Code    10  fretinf.o(x$fpl$fretinf)
    __I$use$fp                               0x08008f96   Number         0  usenofp.o(x$fpl$usenofp)
    __mathlib_zero                           0x080090b8   Data           8  qnan.o(.constdata)
    Region$$Table$$Base                      0x080090e0   Number         0  anon$$obj.o(Region$$Table)
    Region$$Table$$Limit                     0x08009100   Number         0  anon$$obj.o(Region$$Table)
    SystemCoreClock                          0x20000000   Data           4  system_stm32f4xx.o(.data)
    AHBPrescTable                            0x20000004   Data          16  system_stm32f4xx.o(.data)
    pxCurrentTCB                             0x20000024   Data           4  tasks.o(.data)
    chassisRotationProportion                0x20000098   Data           4  chassis.o(.data)
    chassisRotateSpeed                       0x2000009c   Data           2  chassis.o(.data)
    inputVxData                              0x2000009e   Data           2  chassis.o(.data)
    inputVyData                              0x200000a0   Data           2  chassis.o(.data)
    inputWzData                              0x200000a2   Data           2  chassis.o(.data)
    Yaw_flag                                 0x200000a4   Data           2  chassis.o(.data)
    gears_flag                               0x200000a8   Data           4  chassis.o(.data)
    Chassis_flag                             0x200000ac   Data           4  chassis.o(.data)
    setVx                                    0x200000b0   Data           2  chassis.o(.data)
    setVy                                    0x200000b2   Data           2  chassis.o(.data)
    setWz                                    0x200000b4   Data           2  chassis.o(.data)
    setW_S_A_Dspeed                          0x200000b6   Data           2  chassis.o(.data)
    set_mouse_speed                          0x200000b8   Data           2  chassis.o(.data)
    addVx                                    0x200000ba   Data           2  chassis.o(.data)
    addVy                                    0x200000bc   Data           2  chassis.o(.data)
    addWz                                    0x200000be   Data           2  chassis.o(.data)
    nowM1Speed                               0x200000c0   Data           2  chassis.o(.data)
    nowM2Speed                               0x200000c2   Data           2  chassis.o(.data)
    nowM3Speed                               0x200000c4   Data           2  chassis.o(.data)
    nowM4Speed                               0x200000c6   Data           2  chassis.o(.data)
    setM1Speed                               0x200000c8   Data           2  chassis.o(.data)
    setM2Speed                               0x200000ca   Data           2  chassis.o(.data)
    setM3Speed                               0x200000cc   Data           2  chassis.o(.data)
    setM4Speed                               0x200000ce   Data           2  chassis.o(.data)
    A_D_speed                                0x200000d0   Data           2  chassis.o(.data)
    W_S_speed                                0x200000d2   Data           2  chassis.o(.data)
    speedControl                             0x200000d4   Data           4  chassis.o(.data)
    M3508_1                                  0x200000d8   Data           8  feedback.o(.data)
    M3508_2                                  0x200000e0   Data           8  feedback.o(.data)
    M3508_3                                  0x200000e8   Data           8  feedback.o(.data)
    M3508_4                                  0x200000f0   Data           8  feedback.o(.data)
    M3508_5                                  0x200000f8   Data           8  feedback.o(.data)
    M3508_6                                  0x20000100   Data           8  feedback.o(.data)
    GM6020_Yaw                               0x20000108   Data           8  feedback.o(.data)
    GM6020_Pitch                             0x20000110   Data           8  feedback.o(.data)
    GM6020_Roll                              0x20000118   Data           8  feedback.o(.data)
    M2006_1                                  0x20000120   Data           8  feedback.o(.data)
    M2006_2                                  0x20000128   Data           8  feedback.o(.data)
    GM6020_give                              0x20000130   Data           8  feedback.o(.data)
    GM6020_Pitch2                            0x20000138   Data           8  feedback.o(.data)
    num                                      0x20000140   Data           4  feedback.o(.data)
    inputYawData                             0x20000144   Data           2  gimbal.o(.data)
    inputPitchData                           0x20000146   Data           2  gimbal.o(.data)
    ANflag                                   0x20000148   Data           2  gimbal.o(.data)
    remote_gread                             0x2000014c   Data           4  gimbal.o(.data)
    remote_move_flag                         0x20000150   Data           2  gimbal.o(.data)
    setYaw                                   0x20000152   Data           2  gimbal.o(.data)
    setPitch                                 0x20000154   Data           2  gimbal.o(.data)
    setRoll                                  0x20000156   Data           2  gimbal.o(.data)
    addYaw                                   0x20000158   Data           2  gimbal.o(.data)
    addPitch                                 0x2000015a   Data           2  gimbal.o(.data)
    leftLimit                                0x2000015c   Data           2  gimbal.o(.data)
    rightLimit                               0x2000015e   Data           2  gimbal.o(.data)
    upLimit                                  0x20000160   Data           2  gimbal.o(.data)
    downLimit                                0x20000162   Data           2  gimbal.o(.data)
    nowYaw                                   0x20000164   Data           2  gimbal.o(.data)
    nowPitch                                 0x20000166   Data           2  gimbal.o(.data)
    nowRoll                                  0x20000168   Data           2  gimbal.o(.data)
    oldYaw                                   0x2000016a   Data           2  gimbal.o(.data)
    yawSpeed                                 0x2000016c   Data           2  gimbal.o(.data)
    pitchSpeed                               0x2000016e   Data           2  gimbal.o(.data)
    rollSpeed                                0x20000170   Data           2  gimbal.o(.data)
    addspeed                                 0x20000172   Data           2  gimbal.o(.data)
    yaw_direction                            0x20000174   Data           4  gimbal.o(.data)
    yaw_direction_flag                       0x20000178   Data           2  gimbal.o(.data)
    multiple                                 0x20000188   Data           4  gimbal.o(.data)
    inputShootData                           0x2000018c   Data           2  shoot.o(.data)
    setShootSpeed                            0x2000018e   Data           2  shoot.o(.data)
    shootMotor2006_1                         0x20000190   Data           2  shoot.o(.data)
    shootM4Speed                             0x20000192   Data           2  shoot.o(.data)
    dErr_M3                                  0x20000194   Data           6  shoot.o(.data)
    dErr_M2006                               0x2000019a   Data           2  shoot.o(.data)
    nowM5Speed                               0x2000019c   Data           2  shoot.o(.data)
    nowM6Speed                               0x2000019e   Data           2  shoot.o(.data)
    nowGM4Speed                              0x200001a0   Data           2  shoot.o(.data)
    setM5Speed                               0x200001a2   Data           2  shoot.o(.data)
    setM6Speed                               0x200001a4   Data           2  shoot.o(.data)
    setGM4Speed                              0x200001a6   Data           2  shoot.o(.data)
    setSpeed2006_1                           0x200001a8   Data           2  shoot.o(.data)
    nowSpeed2006_1                           0x200001aa   Data           2  shoot.o(.data)
    setA2006_1                               0x200001ac   Data           2  shoot.o(.data)
    setGM4Speed_out                          0x200001ae   Data           2  shoot.o(.data)
    inputFireData_2006_1                     0x200001b0   Data           1  shoot.o(.data)
    pressTime_l                              0x200001b2   Data           2  shoot.o(.data)
    pressTime_r                              0x200001b4   Data           2  shoot.o(.data)
    open                                     0x200001b6   Data           1  shoot.o(.data)
    en                                       0x200001b7   Data           1  shoot.o(.data)
    delay                                    0x200001b8   Data           2  shoot.o(.data)
    fire                                     0x200001ba   Data           1  shoot.o(.data)
    lastAngle2006_1                          0x200001bc   Data           2  shoot.o(.data)
    first                                    0x200001be   Data           1  shoot.o(.data)
    fashe_flag                               0x200001bf   Data           1  shoot.o(.data)
    StartTask_Handler                        0x200001c0   Data           4  start_task.o(.data)
    ChassisTask_Handler                      0x200001c4   Data           4  start_task.o(.data)
    GIMBALTask_Handler                       0x200001c8   Data           4  start_task.o(.data)
    SHOOTTask_Handler                        0x200001cc   Data           4  start_task.o(.data)
    yaw_angle                                0x200001d0   Data           4  imu.o(.data)
    pitch_angle                              0x200001d4   Data           4  imu.o(.data)
    roll_angle                               0x200001d8   Data           4  imu.o(.data)
    gg_x                                     0x200001dc   Data           4  imu.o(.data)
    gg_z                                     0x200001e0   Data           4  imu.o(.data)
    gg_y                                     0x200001e4   Data           4  imu.o(.data)
    ga_x                                     0x200001e8   Data           4  imu.o(.data)
    ga_y                                     0x200001ec   Data           4  imu.o(.data)
    ga_z                                     0x200001f0   Data           4  imu.o(.data)
    angle1                                   0x200001f4   Data           4  imu.o(.data)
    angle_dot                                0x200001f8   Data           4  imu.o(.data)
    ga_y1                                    0x200001fc   Data           4  imu.o(.data)
    kg                                       0x20000200   Data           4  imu.o(.data)
    angle2                                   0x20000204   Data           4  imu.o(.data)
    angle_dot2                               0x20000208   Data           4  imu.o(.data)
    ga_y2                                    0x2000020c   Data           4  imu.o(.data)
    kg2                                      0x20000210   Data           4  imu.o(.data)
    angle3                                   0x20000214   Data           4  imu.o(.data)
    angle_dot3                               0x20000218   Data           4  imu.o(.data)
    ga_y3                                    0x2000021c   Data           4  imu.o(.data)
    kg3                                      0x20000220   Data           4  imu.o(.data)
    ga_y22                                   0x20000224   Data           4  imu.o(.data)
    ga_y33                                   0x20000228   Data           4  imu.o(.data)
    exInt                                    0x2000022c   Data           4  imu.o(.data)
    eyInt                                    0x20000230   Data           4  imu.o(.data)
    ezInt                                    0x20000234   Data           4  imu.o(.data)
    q0                                       0x20000238   Data           4  imu.o(.data)
    q1                                       0x2000023c   Data           4  imu.o(.data)
    q2                                       0x20000240   Data           4  imu.o(.data)
    q3                                       0x20000244   Data           4  imu.o(.data)
    lastUpdate                               0x2000026c   Data           4  imu.o(.data)
    now                                      0x20000270   Data           4  imu.o(.data)
    yaw_temp                                 0x20000274   Data           4  imu.o(.data)
    pitch_temp                               0x20000278   Data           4  imu.o(.data)
    roll_temp                                0x2000027c   Data           4  imu.o(.data)
    last_yaw_temp                            0x20000280   Data           4  imu.o(.data)
    last_pitch_temp                          0x20000284   Data           4  imu.o(.data)
    last_roll_temp                           0x20000288   Data           4  imu.o(.data)
    MPU_id                                   0x2000028c   Data           1  imu.o(.data)
    eff                                      0x2000028e   Data           2  imu.o(.data)
    eff2                                     0x20000290   Data           2  imu.o(.data)
    eff3                                     0x20000292   Data           2  imu.o(.data)
    gy_z                                     0x20000294   Data           2  imu.o(.data)
    C_Gyo_z                                  0x20000298   Data           4  imu.o(.data)
    Eff                                      0x2000029c   Data         160  imu.o(.data)
    __stdout                                 0x20000344   Data           4  usart.o(.data)
    FreeRTOSRunTimeTicks                     0x20000350   Data           8  freertos_middleware.o(.data)
    xQueueRegistry                           0x20000358   Data          64  queue.o(.bss)
    chassisPid                               0x200206a4   Data          48  chassis.o(.bss)
    gimbalPid_yaw                            0x200206e8   Data          48  gimbal.o(.bss)
    gimbalPid_pitch                          0x20020718   Data          48  gimbal.o(.bss)
    gimbalPid_roll                           0x20020748   Data          48  gimbal.o(.bss)
    shootPid2006_1                           0x20020778   Data          48  shoot.o(.bss)
    shootPid                                 0x200207a8   Data          48  shoot.o(.bss)
    shootPid6020                             0x200207d8   Data          48  shoot.o(.bss)
    TxMessage                                0x20020808   Data          20  can.o(.bss)
    mygetqval                                0x2002081c   Data          36  imu.o(.bss)
    angle                                    0x20020850   Data          12  imu.o(.bss)
    imu_data                                 0x2002085c   Data          20  imu.o(.bss)
    imu_data_offest                          0x20020870   Data          20  imu.o(.bss)
    MPU6050_read_data                        0x20020884   Data          32  imu.o(.bss)
    MPU6050_Real_Data                        0x200208a4   Data          32  imu.o(.bss)
    MPU6050_FIFO                             0x200208c4   Data        2424  imu.o(.bss)
    sbus_rx_buffer                           0x2002123c   Data          25  usart.o(.bss)
    RC_Ctl                                   0x20021255   Data          32  usart.o(.bss)
    __libspace_start                         0x20021278   Data          96  libspace.o(.bss)
    __temporary_stack_top$libspace           0x200212d8   Data           0  libspace.o(.bss)



==============================================================================

Memory Map of the image

  Image Entry point : 0x080001ad

  Load Region LR_IROM1 (Base: 0x08000000, Size: 0x00009458, Max: 0x00200000, ABSOLUTE, COMPRESSED[0x000091e8])

    Execution Region ER_IROM1 (Exec base: 0x08000000, Load base: 0x08000000, Size: 0x00009100, Max: 0x00200000, ABSOLUTE)

    Exec Addr    Load Addr    Size         Type   Attr      Idx    E Section Name        Object

    0x08000000   0x08000000   0x000001ac   Data   RO            3    RESET               startup_stm32f427xx.o
    0x080001ac   0x080001ac   0x00000008   Code   RO         5233  * !!!main             c_w.l(__main.o)
    0x080001b4   0x080001b4   0x00000034   Code   RO         5617    !!!scatter          c_w.l(__scatter.o)
    0x080001e8   0x080001e8   0x0000005a   Code   RO         5615    !!dczerorl2         c_w.l(__dczerorl2.o)
    0x08000242   0x08000242   0x00000002   PAD
    0x08000244   0x08000244   0x0000001c   Code   RO         5619    !!handler_zi        c_w.l(__scatter_zi.o)
    0x08000260   0x08000260   0x00000000   Code   RO         5220    .ARM.Collect$$_printf_percent$$00000000  c_w.l(_printf_percent.o)
    0x08000260   0x08000260   0x00000006   Code   RO         5218    .ARM.Collect$$_printf_percent$$00000013  c_w.l(_printf_c.o)
    0x08000266   0x08000266   0x00000004   Code   RO         5376    .ARM.Collect$$_printf_percent$$00000017  c_w.l(_printf_percent_end.o)
    0x0800026a   0x0800026a   0x00000002   Code   RO         5492    .ARM.Collect$$libinit$$00000000  c_w.l(libinit.o)
    0x0800026c   0x0800026c   0x00000004   Code   RO         5495    .ARM.Collect$$libinit$$00000001  c_w.l(libinit2.o)
    0x08000270   0x08000270   0x00000000   Code   RO         5498    .ARM.Collect$$libinit$$00000004  c_w.l(libinit2.o)
    0x08000270   0x08000270   0x00000000   Code   RO         5501    .ARM.Collect$$libinit$$0000000A  c_w.l(libinit2.o)
    0x08000270   0x08000270   0x00000000   Code   RO         5503    .ARM.Collect$$libinit$$0000000C  c_w.l(libinit2.o)
    0x08000270   0x08000270   0x00000000   Code   RO         5505    .ARM.Collect$$libinit$$0000000E  c_w.l(libinit2.o)
    0x08000270   0x08000270   0x00000000   Code   RO         5508    .ARM.Collect$$libinit$$00000011  c_w.l(libinit2.o)
    0x08000270   0x08000270   0x00000000   Code   RO         5510    .ARM.Collect$$libinit$$00000013  c_w.l(libinit2.o)
    0x08000270   0x08000270   0x00000000   Code   RO         5512    .ARM.Collect$$libinit$$00000015  c_w.l(libinit2.o)
    0x08000270   0x08000270   0x00000000   Code   RO         5514    .ARM.Collect$$libinit$$00000017  c_w.l(libinit2.o)
    0x08000270   0x08000270   0x00000000   Code   RO         5516    .ARM.Collect$$libinit$$00000019  c_w.l(libinit2.o)
    0x08000270   0x08000270   0x00000000   Code   RO         5518    .ARM.Collect$$libinit$$0000001B  c_w.l(libinit2.o)
    0x08000270   0x08000270   0x00000000   Code   RO         5520    .ARM.Collect$$libinit$$0000001D  c_w.l(libinit2.o)
    0x08000270   0x08000270   0x00000000   Code   RO         5522    .ARM.Collect$$libinit$$0000001F  c_w.l(libinit2.o)
    0x08000270   0x08000270   0x00000000   Code   RO         5524    .ARM.Collect$$libinit$$00000021  c_w.l(libinit2.o)
    0x08000270   0x08000270   0x00000000   Code   RO         5526    .ARM.Collect$$libinit$$00000023  c_w.l(libinit2.o)
    0x08000270   0x08000270   0x00000000   Code   RO         5528    .ARM.Collect$$libinit$$00000025  c_w.l(libinit2.o)
    0x08000270   0x08000270   0x00000000   Code   RO         5532    .ARM.Collect$$libinit$$0000002C  c_w.l(libinit2.o)
    0x08000270   0x08000270   0x00000000   Code   RO         5534    .ARM.Collect$$libinit$$0000002E  c_w.l(libinit2.o)
    0x08000270   0x08000270   0x00000000   Code   RO         5536    .ARM.Collect$$libinit$$00000030  c_w.l(libinit2.o)
    0x08000270   0x08000270   0x00000000   Code   RO         5538    .ARM.Collect$$libinit$$00000032  c_w.l(libinit2.o)
    0x08000270   0x08000270   0x00000002   Code   RO         5539    .ARM.Collect$$libinit$$00000033  c_w.l(libinit2.o)
    0x08000272   0x08000272   0x00000002   Code   RO         5557    .ARM.Collect$$libshutdown$$00000000  c_w.l(libshutdown.o)
    0x08000274   0x08000274   0x00000000   Code   RO         5567    .ARM.Collect$$libshutdown$$00000002  c_w.l(libshutdown2.o)
    0x08000274   0x08000274   0x00000000   Code   RO         5569    .ARM.Collect$$libshutdown$$00000004  c_w.l(libshutdown2.o)
    0x08000274   0x08000274   0x00000000   Code   RO         5572    .ARM.Collect$$libshutdown$$00000007  c_w.l(libshutdown2.o)
    0x08000274   0x08000274   0x00000000   Code   RO         5575    .ARM.Collect$$libshutdown$$0000000A  c_w.l(libshutdown2.o)
    0x08000274   0x08000274   0x00000000   Code   RO         5577    .ARM.Collect$$libshutdown$$0000000C  c_w.l(libshutdown2.o)
    0x08000274   0x08000274   0x00000000   Code   RO         5580    .ARM.Collect$$libshutdown$$0000000F  c_w.l(libshutdown2.o)
    0x08000274   0x08000274   0x00000002   Code   RO         5581    .ARM.Collect$$libshutdown$$00000010  c_w.l(libshutdown2.o)
    0x08000276   0x08000276   0x00000000   Code   RO         5363    .ARM.Collect$$rtentry$$00000000  c_w.l(__rtentry.o)
    0x08000276   0x08000276   0x00000000   Code   RO         5449    .ARM.Collect$$rtentry$$00000002  c_w.l(__rtentry2.o)
    0x08000276   0x08000276   0x00000006   Code   RO         5461    .ARM.Collect$$rtentry$$00000004  c_w.l(__rtentry4.o)
    0x0800027c   0x0800027c   0x00000000   Code   RO         5451    .ARM.Collect$$rtentry$$00000009  c_w.l(__rtentry2.o)
    0x0800027c   0x0800027c   0x00000004   Code   RO         5452    .ARM.Collect$$rtentry$$0000000A  c_w.l(__rtentry2.o)
    0x08000280   0x08000280   0x00000000   Code   RO         5454    .ARM.Collect$$rtentry$$0000000C  c_w.l(__rtentry2.o)
    0x08000280   0x08000280   0x00000008   Code   RO         5455    .ARM.Collect$$rtentry$$0000000D  c_w.l(__rtentry2.o)
    0x08000288   0x08000288   0x00000002   Code   RO         5493    .ARM.Collect$$rtexit$$00000000  c_w.l(rtexit.o)
    0x0800028a   0x0800028a   0x00000000   Code   RO         5541    .ARM.Collect$$rtexit$$00000002  c_w.l(rtexit2.o)
    0x0800028a   0x0800028a   0x00000004   Code   RO         5542    .ARM.Collect$$rtexit$$00000003  c_w.l(rtexit2.o)
    0x0800028e   0x0800028e   0x00000006   Code   RO         5543    .ARM.Collect$$rtexit$$00000004  c_w.l(rtexit2.o)
    0x08000294   0x08000294   0x000000b6   Code   RO         3938    .emb_text           port.o
    0x0800034a   0x0800034a   0x00000002   PAD
    0x0800034c   0x0800034c   0x0000004c   Code   RO            4    .text               startup_stm32f427xx.o
    0x08000398   0x08000398   0x00000002   Code   RO         5182    .text               c_w.l(use_no_semi_2.o)
    0x0800039a   0x0800039a   0x00000002   PAD
    0x0800039c   0x0800039c   0x00000018   Code   RO         5188    .text               c_w.l(noretval__2printf.o)
    0x080003b4   0x080003b4   0x00000068   Code   RO         5192    .text               c_w.l(__printf.o)
    0x0800041c   0x0800041c   0x00000052   Code   RO         5194    .text               c_w.l(_printf_str.o)
    0x0800046e   0x0800046e   0x0000008a   Code   RO         5225    .text               c_w.l(rt_memcpy_v6.o)
    0x080004f8   0x080004f8   0x00000064   Code   RO         5227    .text               c_w.l(rt_memcpy_w.o)
    0x0800055c   0x0800055c   0x00000010   Code   RO         5229    .text               c_w.l(aeabi_memset.o)
    0x0800056c   0x0800056c   0x00000006   Code   RO         5231    .text               c_w.l(heapauxi.o)
    0x08000572   0x08000572   0x00000002   Code   RO         5361    .text               c_w.l(use_no_semi.o)
    0x08000574   0x08000574   0x00000016   Code   RO         5364    .text               c_w.l(_rserrno.o)
    0x0800058a   0x0800058a   0x00000002   PAD
    0x0800058c   0x0800058c   0x00000030   Code   RO         5368    .text               c_w.l(_printf_char_common.o)
    0x080005bc   0x080005bc   0x0000002c   Code   RO         5372    .text               c_w.l(_printf_char.o)
    0x080005e8   0x080005e8   0x00000024   Code   RO         5374    .text               c_w.l(_printf_char_file.o)
    0x0800060c   0x0800060c   0x00000044   Code   RO         5377    .text               c_w.l(rt_memclr.o)
    0x08000650   0x08000650   0x00000008   Code   RO         5466    .text               c_w.l(rt_errno_addr_intlibspace.o)
    0x08000658   0x08000658   0x00000008   Code   RO         5470    .text               c_w.l(ferror.o)
    0x08000660   0x08000660   0x0000004e   Code   RO         5474    .text               c_w.l(rt_memclr_w.o)
    0x080006ae   0x080006ae   0x00000002   PAD
    0x080006b0   0x080006b0   0x00000008   Code   RO         5480    .text               c_w.l(libspace.o)
    0x080006b8   0x080006b8   0x0000004a   Code   RO         5483    .text               c_w.l(sys_stackheap_outer.o)
    0x08000702   0x08000702   0x00000012   Code   RO         5485    .text               c_w.l(exit.o)
    0x08000714   0x08000714   0x00000060   Code   RO         4021    i.BSP_init          main.o
    0x08000774   0x08000774   0x00000004   Code   RO           13    i.BusFault_Handler  stm32f4xx_it.o
    0x08000778   0x08000778   0x000001dc   Code   RO         4201    i.CAN1_RX0_IRQHandler  feedback.o
    0x08000954   0x08000954   0x00000070   Code   RO         4593    i.CAN1_Send_Msg     can.o
    0x080009c4   0x080009c4   0x00000110   Code   RO         4594    i.CAN1_mode_init    can.o
    0x08000ad4   0x08000ad4   0x00000078   Code   RO         4202    i.CAN2_RX0_IRQHandler  feedback.o
    0x08000b4c   0x08000b4c   0x00000070   Code   RO         4595    i.CAN2_Send_Msg     can.o
    0x08000bbc   0x08000bbc   0x00000114   Code   RO         4596    i.CAN2_mode_init    can.o
    0x08000cd0   0x08000cd0   0x00000108   Code   RO          336    i.CAN_FilterInit    stm32f4xx_can.o
    0x08000dd8   0x08000dd8   0x00000012   Code   RO          342    i.CAN_ITConfig      stm32f4xx_can.o
    0x08000dea   0x08000dea   0x00000114   Code   RO          343    i.CAN_Init          stm32f4xx_can.o
    0x08000efe   0x08000efe   0x0000001e   Code   RO          344    i.CAN_MessagePending  stm32f4xx_can.o
    0x08000f1c   0x08000f1c   0x000000f0   Code   RO          346    i.CAN_Receive       stm32f4xx_can.o
    0x0800100c   0x0800100c   0x00000126   Code   RO          351    i.CAN_Transmit      stm32f4xx_can.o
    0x08001132   0x08001132   0x00000002   PAD
    0x08001134   0x08001134   0x000000a0   Code   RO          352    i.CAN_TransmitStatus  stm32f4xx_can.o
    0x080011d4   0x080011d4   0x00000144   Code   RO         5017    i.DMA2_Stream5_IRQHandler  usart.o
    0x08001318   0x08001318   0x00000034   Code   RO         2697    i.DMA_ClearFlag     stm32f4xx_dma.o
    0x0800134c   0x0800134c   0x00000034   Code   RO         2698    i.DMA_ClearITPendingBit  stm32f4xx_dma.o
    0x08001380   0x08001380   0x00000016   Code   RO         2699    i.DMA_Cmd           stm32f4xx_dma.o
    0x08001396   0x08001396   0x00000002   PAD
    0x08001398   0x08001398   0x00000158   Code   RO         2700    i.DMA_DeInit        stm32f4xx_dma.o
    0x080014f0   0x080014f0   0x00000064   Code   RO         2709    i.DMA_GetITStatus   stm32f4xx_dma.o
    0x08001554   0x08001554   0x0000003a   Code   RO         2710    i.DMA_ITConfig      stm32f4xx_dma.o
    0x0800158e   0x0800158e   0x00000002   PAD
    0x08001590   0x08001590   0x00000058   Code   RO         2711    i.DMA_Init          stm32f4xx_dma.o
    0x080015e8   0x080015e8   0x00000002   Code   RO           14    i.DebugMon_Handler  stm32f4xx_it.o
    0x080015ea   0x080015ea   0x00000090   Code   RO          564    i.GPIO_Init         stm32f4xx_gpio.o
    0x0800167a   0x0800167a   0x00000046   Code   RO          565    i.GPIO_PinAFConfig  stm32f4xx_gpio.o
    0x080016c0   0x080016c0   0x00000004   Code   RO          572    i.GPIO_SetBits      stm32f4xx_gpio.o
    0x080016c4   0x080016c4   0x0000009c   Code   RO         4819    i.GetPitchYawGxGyGz  imu.o
    0x08001760   0x08001760   0x00000008   Code   RO         4820    i.Get_Time_Micros   imu.o
    0x08001768   0x08001768   0x00000004   Code   RO           15    i.HardFault_Handler  stm32f4xx_it.o
    0x0800176c   0x0800176c   0x000007c4   Code   RO         4821    i.IMU_AHRSupdate    imu.o
    0x08001f30   0x08001f30   0x0000004c   Code   RO         4822    i.IMU_getQ          imu.o
    0x08001f7c   0x08001f7c   0x00000720   Code   RO         4823    i.IMU_getValues     imu.o
    0x0800269c   0x0800269c   0x0000023c   Code   RO         4824    i.IMU_getYawPitchRoll  imu.o
    0x080028d8   0x080028d8   0x00000054   Code   RO         4829    i.MPU6500_Init      imu.o
    0x0800292c   0x0800292c   0x00000044   Code   RO         4830    i.MPU6500_Read_Reg  imu.o
    0x08002970   0x08002970   0x00000028   Code   RO         4831    i.MPU6500_Read_Regs  imu.o
    0x08002998   0x08002998   0x00000040   Code   RO         4834    i.MPU6500_Write_Reg  imu.o
    0x080029d8   0x080029d8   0x00000004   Code   RO           16    i.MemManage_Handler  stm32f4xx_it.o
    0x080029dc   0x080029dc   0x00000002   Code   RO           17    i.NMI_Handler       stm32f4xx_it.o
    0x080029de   0x080029de   0x00000002   PAD
    0x080029e0   0x080029e0   0x00000078   Code   RO          282    i.NVIC_Init         misc.o
    0x08002a58   0x08002a58   0x00000014   Code   RO          283    i.NVIC_PriorityGroupConfig  misc.o
    0x08002a6c   0x08002a6c   0x0000020c   Code   RO         4716    i.PWM_Init          pwm.o
    0x08002c78   0x08002c78   0x00000020   Code   RO          665    i.RCC_AHB1PeriphClockCmd  stm32f4xx_rcc.o
    0x08002c98   0x08002c98   0x00000020   Code   RO          674    i.RCC_APB1PeriphClockCmd  stm32f4xx_rcc.o
    0x08002cb8   0x08002cb8   0x00000020   Code   RO          676    i.RCC_APB1PeriphResetCmd  stm32f4xx_rcc.o
    0x08002cd8   0x08002cd8   0x00000020   Code   RO          677    i.RCC_APB2PeriphClockCmd  stm32f4xx_rcc.o
    0x08002cf8   0x08002cf8   0x00000020   Code   RO          679    i.RCC_APB2PeriphResetCmd  stm32f4xx_rcc.o
    0x08002d18   0x08002d18   0x000000e8   Code   RO          686    i.RCC_GetClocksFreq  stm32f4xx_rcc.o
    0x08002e00   0x08002e00   0x0000011c   Code   RO         4981    i.SPI5_Init         spi.o
    0x08002f1c   0x08002f1c   0x00000058   Code   RO         4982    i.SPI5_ReadWriteByte  spi.o
    0x08002f74   0x08002f74   0x00000028   Code   RO         4983    i.SPI5_SetSpeed     spi.o
    0x08002f9c   0x08002f9c   0x00000018   Code   RO         2211    i.SPI_Cmd           stm32f4xx_spi.o
    0x08002fb4   0x08002fb4   0x00000012   Code   RO         2219    i.SPI_I2S_GetFlagStatus  stm32f4xx_spi.o
    0x08002fc6   0x08002fc6   0x00000006   Code   RO         2222    i.SPI_I2S_ReceiveData  stm32f4xx_spi.o
    0x08002fcc   0x08002fcc   0x00000004   Code   RO         2223    i.SPI_I2S_SendData  stm32f4xx_spi.o
    0x08002fd0   0x08002fd0   0x0000003c   Code   RO         2224    i.SPI_Init          stm32f4xx_spi.o
    0x0800300c   0x0800300c   0x00000120   Code   RO          241    i.SetSysClock       system_stm32f4xx.o
    0x0800312c   0x0800312c   0x00000028   Code   RO          286    i.SysTick_CLKSourceConfig  misc.o
    0x08003154   0x08003154   0x00000010   Code   RO         5133    i.SysTick_Handler   freertos_middleware.o
    0x08003164   0x08003164   0x00000068   Code   RO          243    i.SystemInit        system_stm32f4xx.o
    0x080031cc   0x080031cc   0x00000040   Code   RO         4776    i.TIM2_Int_Init     time.o
    0x0800320c   0x0800320c   0x00000030   Code   RO         5134    i.TIM3_IRQHandler   freertos_middleware.o
    0x0800323c   0x0800323c   0x0000002c   Code   RO         4777    i.TIM5_IRQHandler   time.o
    0x08003268   0x08003268   0x00000018   Code   RO         1205    i.TIM_ARRPreloadConfig  stm32f4xx_tim.o
    0x08003280   0x08003280   0x00000006   Code   RO         1211    i.TIM_ClearFlag     stm32f4xx_tim.o
    0x08003286   0x08003286   0x00000006   Code   RO         1212    i.TIM_ClearITPendingBit  stm32f4xx_tim.o
    0x0800328c   0x0800328c   0x00000018   Code   RO         1217    i.TIM_Cmd           stm32f4xx_tim.o
    0x080032a4   0x080032a4   0x0000001e   Code   RO         1219    i.TIM_CtrlPWMOutputs  stm32f4xx_tim.o
    0x080032c2   0x080032c2   0x00000022   Code   RO         1238    i.TIM_GetITStatus   stm32f4xx_tim.o
    0x080032e4   0x080032e4   0x00000012   Code   RO         1242    i.TIM_ITConfig      stm32f4xx_tim.o
    0x080032f6   0x080032f6   0x00000002   PAD
    0x080032f8   0x080032f8   0x0000007c   Code   RO         1246    i.TIM_OC1Init       stm32f4xx_tim.o
    0x08003374   0x08003374   0x00000012   Code   RO         1249    i.TIM_OC1PreloadConfig  stm32f4xx_tim.o
    0x08003386   0x08003386   0x00000002   PAD
    0x08003388   0x08003388   0x00000078   Code   RO         1261    i.TIM_OC4Init       stm32f4xx_tim.o
    0x08003400   0x08003400   0x0000001a   Code   RO         1263    i.TIM_OC4PreloadConfig  stm32f4xx_tim.o
    0x0800341a   0x0800341a   0x00000004   Code   RO         1279    i.TIM_SetCompare1   stm32f4xx_tim.o
    0x0800341e   0x0800341e   0x00000004   Code   RO         1282    i.TIM_SetCompare4   stm32f4xx_tim.o
    0x08003422   0x08003422   0x00000002   PAD
    0x08003424   0x08003424   0x00000084   Code   RO         1289    i.TIM_TimeBaseInit  stm32f4xx_tim.o
    0x080034a8   0x080034a8   0x0000005c   Code   RO         4778    i.Tick_TIM5_Init    time.o
    0x08003504   0x08003504   0x00000140   Code   RO         5018    i.USART1_Configuration  usart.o
    0x08003644   0x08003644   0x00000020   Code   RO         5019    i.USART1_IRQHandler  usart.o
    0x08003664   0x08003664   0x0000005c   Code   RO         5020    i.USART6_IRQHandler  usart.o
    0x080036c0   0x080036c0   0x00000020   Code   RO         5021    i.USART6_TX_Byte    usart.o
    0x080036e0   0x080036e0   0x00000012   Code   RO         1767    i.USART_ClearFlag   stm32f4xx_usart.o
    0x080036f2   0x080036f2   0x0000001e   Code   RO         1768    i.USART_ClearITPendingBit  stm32f4xx_usart.o
    0x08003710   0x08003710   0x00000018   Code   RO         1771    i.USART_Cmd         stm32f4xx_usart.o
    0x08003728   0x08003728   0x00000012   Code   RO         1772    i.USART_DMACmd      stm32f4xx_usart.o
    0x0800373a   0x0800373a   0x00000002   PAD
    0x0800373c   0x0800373c   0x000000f0   Code   RO         1773    i.USART_DeInit      stm32f4xx_usart.o
    0x0800382c   0x0800382c   0x0000001a   Code   RO         1774    i.USART_GetFlagStatus  stm32f4xx_usart.o
    0x08003846   0x08003846   0x00000054   Code   RO         1775    i.USART_GetITStatus  stm32f4xx_usart.o
    0x0800389a   0x0800389a   0x0000004a   Code   RO         1777    i.USART_ITConfig    stm32f4xx_usart.o
    0x080038e4   0x080038e4   0x000000d4   Code   RO         1778    i.USART_Init        stm32f4xx_usart.o
    0x080039b8   0x080039b8   0x0000000a   Code   RO         1785    i.USART_ReceiveData  stm32f4xx_usart.o
    0x080039c2   0x080039c2   0x00000008   Code   RO         1788    i.USART_SendData    stm32f4xx_usart.o
    0x080039ca   0x080039ca   0x00000004   Code   RO           18    i.UsageFault_Handler  stm32f4xx_it.o
    0x080039ce   0x080039ce   0x00000030   Code   RO         5424    i.__ARM_fpclassify  m_wm.l(fpclassify.o)
    0x080039fe   0x080039fe   0x00000026   Code   RO         5426    i.__ARM_fpclassifyf  m_wm.l(fpclassifyf.o)
    0x08003a24   0x08003a24   0x0000000e   Code   RO         4098    i.__ARM_isnanf      chassis.o
    0x08003a32   0x08003a32   0x00000006   PAD
    0x08003a38   0x08003a38   0x00000360   Code   RO         5265    i.__hardfp_asin     m_wm.l(asin.o)
    0x08003d98   0x08003d98   0x000002d8   Code   RO         5396    i.__hardfp_atan     m_wm.l(atan.o)
    0x08004070   0x08004070   0x000001f0   Code   RO         5279    i.__hardfp_atan2    m_wm.l(atan2.o)
    0x08004260   0x08004260   0x00000250   Code   RO         5291    i.__hardfp_atan2f   m_wm.l(atan2f.o)
    0x080044b0   0x080044b0   0x00000150   Code   RO         5303    i.__hardfp_cosf     m_wm.l(cosf.o)
    0x08004600   0x08004600   0x00000048   Code   RO         5357    i.__hardfp_fmaxf    m_wm.l(fmaxf.o)
    0x08004648   0x08004648   0x00000190   Code   RO         5321    i.__hardfp_sinf     m_wm.l(sinf.o)
    0x080047d8   0x080047d8   0x0000007a   Code   RO         5333    i.__hardfp_sqrt     m_wm.l(sqrt.o)
    0x08004852   0x08004852   0x0000003a   Code   RO         5345    i.__hardfp_sqrtf    m_wm.l(sqrtf.o)
    0x0800488c   0x0800488c   0x000000f8   Code   RO         5442    i.__kernel_poly     m_wm.l(poly.o)
    0x08004984   0x08004984   0x00000014   Code   RO         5411    i.__mathlib_dbl_infnan  m_wm.l(dunder.o)
    0x08004998   0x08004998   0x00000014   Code   RO         5412    i.__mathlib_dbl_infnan2  m_wm.l(dunder.o)
    0x080049ac   0x080049ac   0x00000004   PAD
    0x080049b0   0x080049b0   0x00000020   Code   RO         5413    i.__mathlib_dbl_invalid  m_wm.l(dunder.o)
    0x080049d0   0x080049d0   0x00000020   Code   RO         5416    i.__mathlib_dbl_underflow  m_wm.l(dunder.o)
    0x080049f0   0x080049f0   0x00000006   Code   RO         5429    i.__mathlib_flt_infnan  m_wm.l(funder.o)
    0x080049f6   0x080049f6   0x00000006   Code   RO         5430    i.__mathlib_flt_infnan2  m_wm.l(funder.o)
    0x080049fc   0x080049fc   0x00000010   Code   RO         5431    i.__mathlib_flt_invalid  m_wm.l(funder.o)
    0x08004a0c   0x08004a0c   0x00000010   Code   RO         5434    i.__mathlib_flt_underflow  m_wm.l(funder.o)
    0x08004a1c   0x08004a1c   0x00000154   Code   RO         5445    i.__mathlib_rredf2  m_wm.l(rredf.o)
    0x08004b70   0x08004b70   0x00000004   Code   RO         5022    i._sys_exit         usart.o
    0x08004b74   0x08004b74   0x0000020c   Code   RO         4305    i.angleConversion   gimbal.o
    0x08004d80   0x08004d80   0x00000034   Code   RO         4306    i.angleFeedback     gimbal.o
    0x08004db4   0x08004db4   0x00000010   Code   RO         5398    i.atan              m_wm.l(atan.o)
    0x08004dc4   0x08004dc4   0x000006d8   Code   RO         4099    i.chassisConversion  chassis.o
    0x0800549c   0x0800549c   0x00000044   Code   RO         4100    i.chassisFeedback   chassis.o
    0x080054e0   0x080054e0   0x00000034   Code   RO         4101    i.chassisInit       chassis.o
    0x08005514   0x08005514   0x00000110   Code   RO         4102    i.chassisPidContr0l  chassis.o
    0x08005624   0x08005624   0x00000030   Code   RO         4103    i.chassisPidInit    chassis.o
    0x08005654   0x08005654   0x0000004a   Code   RO         4104    i.chassisSend       chassis.o
    0x0800569e   0x0800569e   0x00000002   PAD
    0x080056a0   0x080056a0   0x0000010c   Code   RO         4105    i.chassisSpeedSet   chassis.o
    0x080057ac   0x080057ac   0x00000010   Code   RO         4106    i.chassisTask       chassis.o
    0x080057bc   0x080057bc   0x00000012   Code   RO         4107    i.chassis_task      chassis.o
    0x080057ce   0x080057ce   0x00000002   PAD
    0x080057d0   0x080057d0   0x0000006c   Code   RO         5094    i.delay_init        delay.o
    0x0800583c   0x0800583c   0x00000050   Code   RO         5095    i.delay_ms          delay.o
    0x0800588c   0x0800588c   0x00000018   Code   RO         5317    i.fabs              m_wm.l(fabs.o)
    0x080058a4   0x080058a4   0x0000003c   Code   RO         4469    i.fashe             shoot.o
    0x080058e0   0x080058e0   0x00000068   Code   RO         4108    i.fix_speed         chassis.o
    0x08005948   0x08005948   0x00000018   Code   RO         4638    i.flow_led_off      led.o
    0x08005960   0x08005960   0x0000001c   Code   RO         5023    i.fputc             usart.o
    0x0800597c   0x0800597c   0x0000009c   Code   RO         4109    i.gears_speed       chassis.o
    0x08005a18   0x08005a18   0x00000088   Code   RO         4307    i.gimbalInit        gimbal.o
    0x08005aa0   0x08005aa0   0x000000fc   Code   RO         4308    i.gimbalPidContr0l  gimbal.o
    0x08005b9c   0x08005b9c   0x00000030   Code   RO         4309    i.gimbalPidInit     gimbal.o
    0x08005bcc   0x08005bcc   0x0000003a   Code   RO         4310    i.gimbalSend        gimbal.o
    0x08005c06   0x08005c06   0x00000014   Code   RO         4311    i.gimbalTask        gimbal.o
    0x08005c1a   0x08005c1a   0x00000012   Code   RO         4312    i.gimbal_Task       gimbal.o
    0x08005c2c   0x08005c2c   0x0000003c   Code   RO         4836    i.invSqrt           imu.o
    0x08005c68   0x08005c68   0x0000006c   Code   RO         4641    i.led_configuration  led.o
    0x08005cd4   0x08005cd4   0x00000014   Code   RO         4642    i.led_green_off     led.o
    0x08005ce8   0x08005ce8   0x00000014   Code   RO         4645    i.led_red_off       led.o
    0x08005cfc   0x08005cfc   0x00000034   Code   RO         4314    i.limitSet          gimbal.o
    0x08005d30   0x08005d30   0x00000014   Code   RO         4022    i.main              main.o
    0x08005d44   0x08005d44   0x00000098   Code   RO         4957    i.powerInit         power.o
    0x08005ddc   0x08005ddc   0x00000098   Code   RO         3358    i.prvAddCurrentTaskToDelayedList  tasks.o
    0x08005e74   0x08005e74   0x000000b8   Code   RO         3359    i.prvAddNewTaskToReadyList  tasks.o
    0x08005f2c   0x08005f2c   0x00000064   Code   RO         3735    i.prvCheckForValidListAndQueue  timers.o
    0x08005f90   0x08005f90   0x00000064   Code   RO         3360    i.prvCheckTasksWaitingTermination  tasks.o
    0x08005ff4   0x08005ff4   0x0000002a   Code   RO         3113    i.prvCopyDataFromQueue  queue.o
    0x0800601e   0x0800601e   0x0000007c   Code   RO         3114    i.prvCopyDataToQueue  queue.o
    0x0800609a   0x0800609a   0x00000012   Code   RO         3361    i.prvDeleteTCB      tasks.o
    0x080060ac   0x080060ac   0x00000028   Code   RO         3736    i.prvGetNextExpireTime  timers.o
    0x080060d4   0x080060d4   0x0000007c   Code   RO         3877    i.prvHeapInit       heap_4.o
    0x08006150   0x08006150   0x00000028   Code   RO         3362    i.prvIdleTask       tasks.o
    0x08006178   0x08006178   0x0000002e   Code   RO         3116    i.prvInitialiseNewQueue  queue.o
    0x080061a6   0x080061a6   0x000000b4   Code   RO         3363    i.prvInitialiseNewTask  tasks.o
    0x0800625a   0x0800625a   0x00000002   PAD
    0x0800625c   0x0800625c   0x00000068   Code   RO         3364    i.prvInitialiseTaskLists  tasks.o
    0x080062c4   0x080062c4   0x00000068   Code   RO         3878    i.prvInsertBlockIntoFreeList  heap_4.o
    0x0800632c   0x0800632c   0x00000058   Code   RO         3738    i.prvInsertTimerInActiveList  timers.o
    0x08006384   0x08006384   0x0000001a   Code   RO         3117    i.prvIsQueueEmpty   queue.o
    0x0800639e   0x0800639e   0x0000001e   Code   RO         3118    i.prvIsQueueFull    queue.o
    0x080063bc   0x080063bc   0x00000090   Code   RO         3119    i.prvNotifyQueueSetContainer  queue.o
    0x0800644c   0x0800644c   0x00000064   Code   RO         3739    i.prvProcessExpiredTimer  timers.o
    0x080064b0   0x080064b0   0x000000f8   Code   RO         3740    i.prvProcessReceivedCommands  timers.o
    0x080065a8   0x080065a8   0x00000074   Code   RO         3741    i.prvProcessTimerOrBlockTask  timers.o
    0x0800661c   0x0800661c   0x00000034   Code   RO         3366    i.prvResetNextTaskUnblockTime  tasks.o
    0x08006650   0x08006650   0x0000002c   Code   RO         3742    i.prvSampleTimeNow  timers.o
    0x0800667c   0x0800667c   0x000000a0   Code   RO         3743    i.prvSwitchTimerLists  timers.o
    0x0800671c   0x0800671c   0x00000040   Code   RO         3939    i.prvTaskExitError  port.o
    0x0800675c   0x0800675c   0x0000001a   Code   RO         3744    i.prvTimerTask      timers.o
    0x08006776   0x08006776   0x00000092   Code   RO         3120    i.prvUnlockQueue    queue.o
    0x08006808   0x08006808   0x0000013c   Code   RO         3879    i.pvPortMalloc      heap_4.o
    0x08006944   0x08006944   0x00000020   Code   RO         3371    i.pvTaskIncrementMutexHeldCount  tasks.o
    0x08006964   0x08006964   0x0000002c   Code   RO         3940    i.pxPortInitialiseStack  port.o
    0x08006990   0x08006990   0x00000014   Code   RO         4719    i.set_TIM8_fric1    pwm.o
    0x080069a4   0x080069a4   0x0000001c   Code   RO         4721    i.set_fric          pwm.o
    0x080069c0   0x080069c0   0x0000001c   Code   RO         4722    i.set_fric2         pwm.o
    0x080069dc   0x080069dc   0x00000048   Code   RO         4470    i.shootAngleSet     shoot.o
    0x08006a24   0x08006a24   0x0000007c   Code   RO         4471    i.shootConversion   shoot.o
    0x08006aa0   0x08006aa0   0x00000014   Code   RO         4472    i.shootFeedback     shoot.o
    0x08006ab4   0x08006ab4   0x00000034   Code   RO         4473    i.shootInit         shoot.o
    0x08006ae8   0x08006ae8   0x00000118   Code   RO         4474    i.shootPidContr02   shoot.o
    0x08006c00   0x08006c00   0x00000030   Code   RO         4476    i.shootPidInit      shoot.o
    0x08006c30   0x08006c30   0x0000001c   Code   RO         4477    i.shootSend         shoot.o
    0x08006c4c   0x08006c4c   0x00000020   Code   RO         4479    i.shootTask         shoot.o
    0x08006c6c   0x08006c6c   0x00000012   Code   RO         4480    i.shoot_task        shoot.o
    0x08006c7e   0x08006c7e   0x00000002   PAD
    0x08006c80   0x08006c80   0x00000160   Code   RO         4315    i.speedSet          gimbal.o
    0x08006de0   0x08006de0   0x0000006e   Code   RO         5335    i.sqrt              m_wm.l(sqrt.o)
    0x08006e4e   0x08006e4e   0x00000002   PAD
    0x08006e50   0x08006e50   0x00000098   Code   RO         4560    i.start_rob_task    start_task.o
    0x08006ee8   0x08006ee8   0x00000030   Code   RO         4561    i.start_task        start_task.o
    0x08006f18   0x08006f18   0x0000006c   Code   RO         4316    i.test_keybord      gimbal.o
    0x08006f84   0x08006f84   0x00000044   Code   RO         4317    i.top_speed         gimbal.o
    0x08006fc8   0x08006fc8   0x000000c4   Code   RO         5024    i.usart6_Init       usart.o
    0x0800708c   0x0800708c   0x00000028   Code   RO         3064    i.uxListRemove      list.o
    0x080070b4   0x080070b4   0x0000001a   Code   RO         3065    i.vListInitialise   list.o
    0x080070ce   0x080070ce   0x00000006   Code   RO         3066    i.vListInitialiseItem  list.o
    0x080070d4   0x080070d4   0x00000034   Code   RO         3067    i.vListInsert       list.o
    0x08007108   0x08007108   0x00000018   Code   RO         3068    i.vListInsertEnd    list.o
    0x08007120   0x08007120   0x00000054   Code   RO         3942    i.vPortEnterCritical  port.o
    0x08007174   0x08007174   0x0000003c   Code   RO         3943    i.vPortExitCritical  port.o
    0x080071b0   0x080071b0   0x00000094   Code   RO         3880    i.vPortFree         heap_4.o
    0x08007244   0x08007244   0x00000002   Code   RO         5135    i.vPortSetupTimerInterrupt  freertos_middleware.o
    0x08007246   0x08007246   0x00000002   PAD
    0x08007248   0x08007248   0x00000078   Code   RO         3944    i.vPortValidateInterruptPriority  port.o
    0x080072c0   0x080072c0   0x0000002c   Code   RO         3126    i.vQueueAddToRegistry  queue.o
    0x080072ec   0x080072ec   0x0000004a   Code   RO         3130    i.vQueueWaitForMessageRestricted  queue.o
    0x08007336   0x08007336   0x00000002   PAD
    0x08007338   0x08007338   0x0000005c   Code   RO         3380    i.vTaskDelay        tasks.o
    0x08007394   0x08007394   0x000000f4   Code   RO         3382    i.vTaskDelete       tasks.o
    0x08007488   0x08007488   0x0000000c   Code   RO         3386    i.vTaskMissedYield  tasks.o
    0x08007494   0x08007494   0x00000038   Code   RO         3388    i.vTaskPlaceOnEventList  tasks.o
    0x080074cc   0x080074cc   0x00000040   Code   RO         3389    i.vTaskPlaceOnEventListRestricted  tasks.o
    0x0800750c   0x0800750c   0x000000b0   Code   RO         3391    i.vTaskPriorityInherit  tasks.o
    0x080075bc   0x080075bc   0x00000030   Code   RO         3395    i.vTaskSetTimeOutState  tasks.o
    0x080075ec   0x080075ec   0x00000094   Code   RO         3396    i.vTaskStartScheduler  tasks.o
    0x08007680   0x08007680   0x00000010   Code   RO         3398    i.vTaskSuspendAll   tasks.o
    0x08007690   0x08007690   0x0000008c   Code   RO         3399    i.vTaskSwitchContext  tasks.o
    0x0800771c   0x0800771c   0x0000013c   Code   RO         3945    i.xPortStartScheduler  port.o
    0x08007858   0x08007858   0x00000034   Code   RO         3946    i.xPortSysTickHandler  port.o
    0x0800788c   0x0800788c   0x00000058   Code   RO         3135    i.xQueueGenericCreate  queue.o
    0x080078e4   0x080078e4   0x000001c4   Code   RO         3136    i.xQueueGenericReceive  queue.o
    0x08007aa8   0x08007aa8   0x00000098   Code   RO         3137    i.xQueueGenericReset  queue.o
    0x08007b40   0x08007b40   0x000001c8   Code   RO         3138    i.xQueueGenericSend  queue.o
    0x08007d08   0x08007d08   0x00000108   Code   RO         3139    i.xQueueGenericSendFromISR  queue.o
    0x08007e10   0x08007e10   0x0000008c   Code   RO         3400    i.xTaskCheckForTimeOut  tasks.o
    0x08007e9c   0x08007e9c   0x00000060   Code   RO         3401    i.xTaskCreate       tasks.o
    0x08007efc   0x08007efc   0x00000020   Code   RO         3406    i.xTaskGetSchedulerState  tasks.o
    0x08007f1c   0x08007f1c   0x0000000c   Code   RO         3407    i.xTaskGetTickCount  tasks.o
    0x08007f28   0x08007f28   0x00000148   Code   RO         3409    i.xTaskIncrementTick  tasks.o
    0x08008070   0x08008070   0x000000c8   Code   RO         3412    i.xTaskPriorityDisinherit  tasks.o
    0x08008138   0x08008138   0x00000098   Code   RO         3413    i.xTaskRemoveFromEventList  tasks.o
    0x080081d0   0x080081d0   0x00000104   Code   RO         3415    i.xTaskResumeAll    tasks.o
    0x080082d4   0x080082d4   0x00000054   Code   RO         3748    i.xTimerCreateTimerTask  timers.o
    0x08008328   0x08008328   0x00000084   Code   RO         3749    i.xTimerGenericCommand  timers.o
    0x080083ac   0x080083ac   0x00000018   Code   RO         5235    x$fpl$basic         fz_wm.l(basic.o)
    0x080083c4   0x080083c4   0x00000062   Code   RO         5237    x$fpl$d2f           fz_wm.l(d2f.o)
    0x08008426   0x08008426   0x00000002   PAD
    0x08008428   0x08008428   0x00000150   Code   RO         5239    x$fpl$dadd          fz_wm.l(daddsub_clz.o)
    0x08008578   0x08008578   0x000002b0   Code   RO         5246    x$fpl$ddiv          fz_wm.l(ddiv.o)
    0x08008828   0x08008828   0x0000005e   Code   RO         5249    x$fpl$dfix          fz_wm.l(dfix.o)
    0x08008886   0x08008886   0x0000002e   Code   RO         5254    x$fpl$dflt          fz_wm.l(dflt_clz.o)
    0x080088b4   0x080088b4   0x00000154   Code   RO         5259    x$fpl$dmul          fz_wm.l(dmul.o)
    0x08008a08   0x08008a08   0x0000009c   Code   RO         5381    x$fpl$dnaninf       fz_wm.l(dnaninf.o)
    0x08008aa4   0x08008aa4   0x0000000c   Code   RO         5383    x$fpl$dretinf       fz_wm.l(dretinf.o)
    0x08008ab0   0x08008ab0   0x00000016   Code   RO         5240    x$fpl$drsb          fz_wm.l(daddsub_clz.o)
    0x08008ac6   0x08008ac6   0x00000002   PAD
    0x08008ac8   0x08008ac8   0x00000198   Code   RO         5385    x$fpl$dsqrt         fz_wm.l(dsqrt_umaal.o)
    0x08008c60   0x08008c60   0x000001d4   Code   RO         5241    x$fpl$dsub          fz_wm.l(daddsub_clz.o)
    0x08008e34   0x08008e34   0x00000056   Code   RO         5263    x$fpl$f2d           fz_wm.l(f2d.o)
    0x08008e8a   0x08008e8a   0x00000002   PAD
    0x08008e8c   0x08008e8c   0x00000052   Code   RO         5387    x$fpl$fcmp4         fz_wm.l(fcmp4.o)
    0x08008ede   0x08008ede   0x00000018   Code   RO         5478    x$fpl$fcmpinf       fz_wm.l(fcmpi.o)
    0x08008ef6   0x08008ef6   0x0000008c   Code   RO         5391    x$fpl$fnaninf       fz_wm.l(fnaninf.o)
    0x08008f82   0x08008f82   0x0000000a   Code   RO         5549    x$fpl$fpinit        fz_wm.l(fpinit.o)
    0x08008f8c   0x08008f8c   0x0000000a   Code   RO         5393    x$fpl$fretinf       fz_wm.l(fretinf.o)
    0x08008f96   0x08008f96   0x00000000   Code   RO         5395    x$fpl$usenofp       fz_wm.l(usenofp.o)
    0x08008f96   0x08008f96   0x00000002   PAD
    0x08008f98   0x08008f98   0x00000020   Data   RO         4111    .constdata          chassis.o
    0x08008fb8   0x08008fb8   0x00000014   Data   RO         4839    .constdata          imu.o
    0x08008fcc   0x08008fcc   0x00000004   PAD
    0x08008fd0   0x08008fd0   0x00000050   Data   RO         5268    .constdata          m_wm.l(asin.o)
    0x08009020   0x08009020   0x00000098   Data   RO         5399    .constdata          m_wm.l(atan.o)
    0x080090b8   0x080090b8   0x00000008   Data   RO         5444    .constdata          m_wm.l(qnan.o)
    0x080090c0   0x080090c0   0x00000020   Data   RO         5446    .constdata          m_wm.l(rredf.o)
    0x080090e0   0x080090e0   0x00000020   Data   RO         5613    Region$$Table       anon$$obj.o


    Execution Region RW_IRAM1 (Exec base: 0x20000000, Load base: 0x08009100, Size: 0x000216d8, Max: 0x00030000, ABSOLUTE, COMPRESSED[0x000000e8])

    Exec Addr    Load Addr    Size         Type   Attr      Idx    E Section Name        Object

    0x20000000   COMPRESSED   0x00000014   Data   RW          244    .data               system_stm32f4xx.o
    0x20000014   COMPRESSED   0x00000010   Data   RW          718    .data               stm32f4xx_rcc.o
    0x20000024   COMPRESSED   0x0000003c   Data   RW         3418    .data               tasks.o
    0x20000060   COMPRESSED   0x00000014   Data   RW         3755    .data               timers.o
    0x20000074   COMPRESSED   0x00000018   Data   RW         3885    .data               heap_4.o
    0x2000008c   COMPRESSED   0x0000000c   Data   RW         3947    .data               port.o
    0x20000098   COMPRESSED   0x00000040   Data   RW         4112    .data               chassis.o
    0x200000d8   COMPRESSED   0x0000006c   Data   RW         4203    .data               feedback.o
    0x20000144   COMPRESSED   0x00000048   Data   RW         4319    .data               gimbal.o
    0x2000018c   COMPRESSED   0x00000034   Data   RW         4482    .data               shoot.o
    0x200001c0   COMPRESSED   0x00000010   Data   RW         4562    .data               start_task.o
    0x200001d0   COMPRESSED   0x00000171   Data   RW         4840    .data               imu.o
    0x20000341   COMPRESSED   0x00000003   PAD
    0x20000344   COMPRESSED   0x00000004   Data   RW         5026    .data               usart.o
    0x20000348   COMPRESSED   0x00000008   Data   RW         5097    .data               delay.o
    0x20000350   COMPRESSED   0x00000008   Data   RW         5136    .data               freertos_middleware.o
    0x20000358        -       0x00000040   Zero   RW         3150    .bss                queue.o
    0x20000398        -       0x000002e4   Zero   RW         3417    .bss                tasks.o
    0x2000067c        -       0x00000028   Zero   RW         3754    .bss                timers.o
    0x200006a4        -       0x00020000   Zero   RW         3884    .bss                heap_4.o
    0x200206a4        -       0x00000044   Zero   RW         4110    .bss                chassis.o
    0x200206e8        -       0x00000090   Zero   RW         4318    .bss                gimbal.o
    0x20020778        -       0x00000090   Zero   RW         4481    .bss                shoot.o
    0x20020808        -       0x00000014   Zero   RW         4597    .bss                can.o
    0x2002081c        -       0x00000a20   Zero   RW         4838    .bss                imu.o
    0x2002123c        -       0x00000039   Zero   RW         5025    .bss                usart.o
    0x20021275   COMPRESSED   0x00000003   PAD
    0x20021278        -       0x00000060   Zero   RW         5481    .bss                c_w.l(libspace.o)
    0x200212d8        -       0x00000000   Zero   RW            2    HEAP                startup_stm32f427xx.o
    0x200212d8        -       0x00000400   Zero   RW            1    STACK               startup_stm32f427xx.o


==============================================================================

Image component sizes


      Code (inc. data)   RO Data    RW Data    ZI Data      Debug   Object Name

       772         28          0          0         20       4618   can.o
      2842        328         32         64         68      15641   chassis.o
         0          0          0          0          0       7376   croutine.o
       188         22          0          8          0       1664   delay.o
         0          0          0          0          0      12056   event_groups.o
       596         50          0        108          0       2752   feedback.o
        66          8          0          8          0       2474   freertos_middleware.o
      1688        276          0         72        144       9367   gimbal.o
       692         62          0         24     131072       4763   heap_4.o
      4940        410         20        369       2592      12292   imu.o
       172         30          0          0          0       2289   led.o
       148          0          0          0          0       3586   list.o
       116          0          0          0          0       6134   main.o
       180         24          0          0          0       2273   misc.o
       922         86          0         12          0      11670   port.o
       152          8          0          0          0        656   power.o
       600         38          0          0          0       2555   pwm.o
      2088         22          0          0         64      18025   queue.o
       734         94          0         52        144       7882   shoot.o
       412         22          0          0          0       2149   spi.o
       200         88          0         16          0       1627   start_task.o
        76         28        428          0       1024        920   startup_stm32f427xx.o
      1282         28          0          0          0       6202   stm32f4xx_can.o
       716         72          0          0          0       6183   stm32f4xx_dma.o
       218          0          0          0          0       2510   stm32f4xx_gpio.o
        20          0          0          0          0     332916   stm32f4xx_it.o
       392         48          0         16          0       6237   stm32f4xx_rcc.o
       112          0          0          0          0       3786   stm32f4xx_spi.o
       570         46          0          0          0       9868   stm32f4xx_tim.o
       744         42          0          0          0       8575   stm32f4xx_usart.o
       392         32          0         20          0       2061   system_stm32f4xx.o
      3078        410          0         60        740      24943   tasks.o
       200         14          0          0          0       1859   time.o
      1138        116          0         20         40      18247   timers.o
      1028        110          0          4         57       8768   usart.o

    ----------------------------------------------------------------------
     27510       2542        516        856     135968     564924   Object Totals
         0          0         32          0          0          0   (incl. Generated)
        36          0          4          3          3          0   (incl. Padding)

    ----------------------------------------------------------------------

      Code (inc. data)   RO Data    RW Data    ZI Data      Debug   Library Member Name

        90          0          0          0          0          0   __dczerorl2.o
         8          0          0          0          0         68   __main.o
       104          0          0          0          0         84   __printf.o
         0          0          0          0          0          0   __rtentry.o
        12          0          0          0          0          0   __rtentry2.o
         6          0          0          0          0          0   __rtentry4.o
        52          8          0          0          0          0   __scatter.o
        28          0          0          0          0          0   __scatter_zi.o
         6          0          0          0          0          0   _printf_c.o
        44          0          0          0          0        108   _printf_char.o
        48          6          0          0          0         96   _printf_char_common.o
        36          4          0          0          0         80   _printf_char_file.o
         0          0          0          0          0          0   _printf_percent.o
         4          0          0          0          0          0   _printf_percent_end.o
        82          0          0          0          0         80   _printf_str.o
        22          0          0          0          0        100   _rserrno.o
        16          0          0          0          0         68   aeabi_memset.o
        18          0          0          0          0         80   exit.o
         8          0          0          0          0         68   ferror.o
         6          0          0          0          0        152   heapauxi.o
         2          0          0          0          0          0   libinit.o
         6          0          0          0          0          0   libinit2.o
         2          0          0          0          0          0   libshutdown.o
         2          0          0          0          0          0   libshutdown2.o
         8          4          0          0         96         68   libspace.o
        24          4          0          0          0         84   noretval__2printf.o
         8          4          0          0          0         68   rt_errno_addr_intlibspace.o
        68          0          0          0          0         68   rt_memclr.o
        78          0          0          0          0         80   rt_memclr_w.o
       138          0          0          0          0         68   rt_memcpy_v6.o
       100          0          0          0          0         80   rt_memcpy_w.o
         2          0          0          0          0          0   rtexit.o
        10          0          0          0          0          0   rtexit2.o
        74          0          0          0          0         80   sys_stackheap_outer.o
         2          0          0          0          0         68   use_no_semi.o
         2          0          0          0          0         68   use_no_semi_2.o
        24          0          0          0          0        164   basic.o
        98          4          0          0          0        140   d2f.o
       826         16          0          0          0        492   daddsub_clz.o
       688        140          0          0          0        256   ddiv.o
        94          4          0          0          0        140   dfix.o
        46          0          0          0          0        116   dflt_clz.o
       340         12          0          0          0        152   dmul.o
       156          4          0          0          0        140   dnaninf.o
        12          0          0          0          0        116   dretinf.o
       408         56          0          0          0        168   dsqrt_umaal.o
        86          4          0          0          0        132   f2d.o
        82          4          0          0          0        160   fcmp4.o
        24          0          0          0          0        116   fcmpi.o
       140          4          0          0          0        132   fnaninf.o
        10          0          0          0          0        116   fpinit.o
        10          0          0          0          0        116   fretinf.o
         0          0          0          0          0          0   usenofp.o
       864         94         80          0          0        280   asin.o
       744        106        152          0          0        352   atan.o
       496         64          0          0          0        192   atan2.o
       592         90          0          0          0        184   atan2f.o
       336         56          0          0          0        136   cosf.o
       104         16          0          0          0        496   dunder.o
        24          0          0          0          0        124   fabs.o
        72          0          0          0          0        148   fmaxf.o
        48          0          0          0          0        124   fpclassify.o
        38          0          0          0          0        116   fpclassifyf.o
        44         12          0          0          0        464   funder.o
       248          0          0          0          0        152   poly.o
         0          0          8          0          0          0   qnan.o
       340         24         32          0          0        160   rredf.o
       400         56          0          0          0        212   sinf.o
       232          0          0          0          0        296   sqrt.o
        58          0          0          0          0        136   sqrtf.o

    ----------------------------------------------------------------------
      8822        796        272          0         96       7944   Library Totals
        22          0          0          0          0          0   (incl. Padding)

    ----------------------------------------------------------------------

      Code (inc. data)   RO Data    RW Data    ZI Data      Debug   Library Name

      1116         30          0          0         96       1716   c_w.l
      3044        248          0          0          0       2656   fz_wm.l
      4640        518        272          0          0       3572   m_wm.l

    ----------------------------------------------------------------------
      8822        796        272          0         96       7944   Library Totals

    ----------------------------------------------------------------------

==============================================================================


      Code (inc. data)   RO Data    RW Data    ZI Data      Debug   

     36332       3338        788        856     136064     547184   Grand Totals
     36332       3338        788        232     136064     547184   ELF Image Totals (compressed)
     36332       3338        788        232          0          0   ROM Totals

==============================================================================

    Total RO  Size (Code + RO Data)                37120 (  36.25kB)
    Total RW  Size (RW Data + ZI Data)            136920 ( 133.71kB)
    Total ROM Size (Code + RO Data + RW Data)      37352 (  36.48kB)

==============================================================================

