Component: ARM Compiler 5.06 update 6 (build 750) Tool: armlink [4d35ed]

==============================================================================

Section Cross References

    startup_stm32f427xx.o(STACK) refers (Special) to heapauxi.o(.text) for __use_two_region_memory
    startup_stm32f427xx.o(HEAP) refers (Special) to heapauxi.o(.text) for __use_two_region_memory
    startup_stm32f427xx.o(RESET) refers (Special) to heapauxi.o(.text) for __use_two_region_memory
    startup_stm32f427xx.o(RESET) refers to startup_stm32f427xx.o(STACK) for __initial_sp
    startup_stm32f427xx.o(RESET) refers to startup_stm32f427xx.o(.text) for Reset_Handler
    startup_stm32f427xx.o(RESET) refers to stm32f4xx_it.o(i.NMI_Handler) for NMI_Handler
    startup_stm32f427xx.o(RESET) refers to stm32f4xx_it.o(i.HardFault_Handler) for HardFault_Handler
    startup_stm32f427xx.o(RESET) refers to stm32f4xx_it.o(i.MemManage_Handler) for MemManage_Handler
    startup_stm32f427xx.o(RESET) refers to stm32f4xx_it.o(i.BusFault_Handler) for BusFault_Handler
    startup_stm32f427xx.o(RESET) refers to stm32f4xx_it.o(i.UsageFault_Handler) for UsageFault_Handler
    startup_stm32f427xx.o(RESET) refers to port.o(.emb_text) for SVC_Handler
    startup_stm32f427xx.o(RESET) refers to stm32f4xx_it.o(i.DebugMon_Handler) for DebugMon_Handler
    startup_stm32f427xx.o(RESET) refers to freertos_middleware.o(i.SysTick_Handler) for SysTick_Handler
    startup_stm32f427xx.o(RESET) refers to feedback.o(i.CAN1_RX0_IRQHandler) for CAN1_RX0_IRQHandler
    startup_stm32f427xx.o(RESET) refers to freertos_middleware.o(i.TIM3_IRQHandler) for TIM3_IRQHandler
    startup_stm32f427xx.o(RESET) refers to usart.o(i.USART1_IRQHandler) for USART1_IRQHandler
    startup_stm32f427xx.o(RESET) refers to time.o(i.TIM5_IRQHandler) for TIM5_IRQHandler
    startup_stm32f427xx.o(RESET) refers to usart.o(i.DMA2_Stream2_IRQHandler) for DMA2_Stream2_IRQHandler
    startup_stm32f427xx.o(RESET) refers to feedback.o(i.CAN2_RX0_IRQHandler) for CAN2_RX0_IRQHandler
    startup_stm32f427xx.o(RESET) refers to usart.o(i.DMA2_Stream5_IRQHandler) for DMA2_Stream5_IRQHandler
    startup_stm32f427xx.o(RESET) refers to usart.o(i.USART6_IRQHandler) for USART6_IRQHandler
    startup_stm32f427xx.o(RESET) refers to usart7.o(i.UART7_IRQHandler) for UART7_IRQHandler
    startup_stm32f427xx.o(RESET) refers to usart8.o(i.UART8_IRQHandler) for UART8_IRQHandler
    startup_stm32f427xx.o(.text) refers (Special) to heapauxi.o(.text) for __use_two_region_memory
    startup_stm32f427xx.o(.text) refers to system_stm32f4xx.o(i.SystemInit) for SystemInit
    startup_stm32f427xx.o(.text) refers to __main.o(!!!main) for __main
    startup_stm32f427xx.o(.text) refers to startup_stm32f427xx.o(HEAP) for Heap_Mem
    startup_stm32f427xx.o(.text) refers to startup_stm32f427xx.o(STACK) for Stack_Mem
    system_stm32f4xx.o(i.SystemCoreClockUpdate) refers to system_stm32f4xx.o(.data) for SystemCoreClock
    system_stm32f4xx.o(i.SystemInit) refers to system_stm32f4xx.o(i.SetSysClock) for SetSysClock
    stm32f4xx_can.o(i.CAN_DeInit) refers to stm32f4xx_rcc.o(i.RCC_APB1PeriphResetCmd) for RCC_APB1PeriphResetCmd
    stm32f4xx_can.o(i.CAN_GetITStatus) refers to stm32f4xx_can.o(i.CheckITStatus) for CheckITStatus
    stm32f4xx_gpio.o(i.GPIO_DeInit) refers to stm32f4xx_rcc.o(i.RCC_AHB1PeriphResetCmd) for RCC_AHB1PeriphResetCmd
    stm32f4xx_rcc.o(i.RCC_GetClocksFreq) refers to stm32f4xx_rcc.o(.data) for APBAHBPrescTable
    stm32f4xx_rcc.o(i.RCC_WaitForHSEStartUp) refers to stm32f4xx_rcc.o(i.RCC_GetFlagStatus) for RCC_GetFlagStatus
    stm32f4xx_sdio.o(i.SDIO_DeInit) refers to stm32f4xx_rcc.o(i.RCC_APB2PeriphResetCmd) for RCC_APB2PeriphResetCmd
    stm32f4xx_tim.o(i.TIM_DeInit) refers to stm32f4xx_rcc.o(i.RCC_APB2PeriphResetCmd) for RCC_APB2PeriphResetCmd
    stm32f4xx_tim.o(i.TIM_DeInit) refers to stm32f4xx_rcc.o(i.RCC_APB1PeriphResetCmd) for RCC_APB1PeriphResetCmd
    stm32f4xx_tim.o(i.TIM_ETRClockMode1Config) refers to stm32f4xx_tim.o(i.TIM_ETRConfig) for TIM_ETRConfig
    stm32f4xx_tim.o(i.TIM_ETRClockMode2Config) refers to stm32f4xx_tim.o(i.TIM_ETRConfig) for TIM_ETRConfig
    stm32f4xx_tim.o(i.TIM_ICInit) refers to stm32f4xx_tim.o(i.TI1_Config) for TI1_Config
    stm32f4xx_tim.o(i.TIM_ICInit) refers to stm32f4xx_tim.o(i.TIM_SetIC1Prescaler) for TIM_SetIC1Prescaler
    stm32f4xx_tim.o(i.TIM_ICInit) refers to stm32f4xx_tim.o(i.TI2_Config) for TI2_Config
    stm32f4xx_tim.o(i.TIM_ICInit) refers to stm32f4xx_tim.o(i.TIM_SetIC2Prescaler) for TIM_SetIC2Prescaler
    stm32f4xx_tim.o(i.TIM_ICInit) refers to stm32f4xx_tim.o(i.TI3_Config) for TI3_Config
    stm32f4xx_tim.o(i.TIM_ICInit) refers to stm32f4xx_tim.o(i.TIM_SetIC3Prescaler) for TIM_SetIC3Prescaler
    stm32f4xx_tim.o(i.TIM_ICInit) refers to stm32f4xx_tim.o(i.TI4_Config) for TI4_Config
    stm32f4xx_tim.o(i.TIM_ICInit) refers to stm32f4xx_tim.o(i.TIM_SetIC4Prescaler) for TIM_SetIC4Prescaler
[...]
    dmp_enable_lp_quat                       0x080057f1   Thumb Code    60  inv_mpu_dmp_motion_driver.o(i.dmp_enable_lp_quat)
    dmp_load_motion_driver_firmware          0x0800582d   Thumb Code    20  inv_mpu_dmp_motion_driver.o(i.dmp_load_motion_driver_firmware)
    dmp_read_fifo                            0x08005845   Thumb Code   456  inv_mpu_dmp_motion_driver.o(i.dmp_read_fifo)
    dmp_set_accel_bias                       0x08005a11   Thumb Code   300  inv_mpu_dmp_motion_driver.o(i.dmp_set_accel_bias)
    dmp_set_fifo_rate                        0x08005b41   Thumb Code    96  inv_mpu_dmp_motion_driver.o(i.dmp_set_fifo_rate)
    dmp_set_gyro_bias                        0x08005bb1   Thumb Code   294  inv_mpu_dmp_motion_driver.o(i.dmp_set_gyro_bias)
    dmp_set_orientation                      0x08005ce1   Thumb Code   290  inv_mpu_dmp_motion_driver.o(i.dmp_set_orientation)
    dmp_set_shake_reject_thresh              0x08005e19   Thumb Code    56  inv_mpu_dmp_motion_driver.o(i.dmp_set_shake_reject_thresh)
    dmp_set_shake_reject_time                0x08005e51   Thumb Code    38  inv_mpu_dmp_motion_driver.o(i.dmp_set_shake_reject_time)
    dmp_set_shake_reject_timeout             0x08005e77   Thumb Code    38  inv_mpu_dmp_motion_driver.o(i.dmp_set_shake_reject_timeout)
    dmp_set_tap_axes                         0x08005e9d   Thumb Code    70  inv_mpu_dmp_motion_driver.o(i.dmp_set_tap_axes)
    dmp_set_tap_count                        0x08005ee3   Thumb Code    38  inv_mpu_dmp_motion_driver.o(i.dmp_set_tap_count)
    dmp_set_tap_thresh                       0x08005f09   Thumb Code   412  inv_mpu_dmp_motion_driver.o(i.dmp_set_tap_thresh)
    dmp_set_tap_time                         0x080060c9   Thumb Code    38  inv_mpu_dmp_motion_driver.o(i.dmp_set_tap_time)
    dmp_set_tap_time_multi                   0x080060ef   Thumb Code    38  inv_mpu_dmp_motion_driver.o(i.dmp_set_tap_time_multi)
    fabs                                     0x08006115   Thumb Code    24  fabs.o(i.fabs)
    fix_speed                                0x0800612d   Thumb Code    90  chassis.o(i.fix_speed)
    flow_led_off                             0x08006195   Thumb Code    20  led.o(i.flow_led_off)
    fputc                                    0x080061ad   Thumb Code    24  usart.o(i.fputc)
    gears_speed                              0x080061c9   Thumb Code   126  chassis.o(i.gears_speed)
    gimbalInit                               0x080066e5   Thumb Code    76  gimbal.o(i.gimbalInit)
    gimbalSend                               0x0800688d   Thumb Code    58  gimbal.o(i.gimbalSend)
    gimbalTask                               0x080068c7   Thumb Code    20  gimbal.o(i.gimbalTask)
    gimbal_Task                              0x080068db   Thumb Code    18  gimbal.o(i.gimbal_Task)
    i2c_read                                 0x080068ed   Thumb Code    28  inv_mpu.o(i.i2c_read)
    i2c_write                                0x08006909   Thumb Code    28  inv_mpu.o(i.i2c_write)
    inv_orientation_matrix_to_scalar         0x08006925   Thumb Code    40  inv_mpu.o(i.inv_orientation_matrix_to_scalar)
    inv_row_2_scale                          0x0800694d   Thumb Code    78  inv_mpu.o(i.inv_row_2_scale)
    led_configuration                        0x0800699d   Thumb Code    94  led.o(i.led_configuration)
    led_green_off                            0x08006a09   Thumb Code    14  led.o(i.led_green_off)
    led_red_off                              0x08006a1d   Thumb Code    14  led.o(i.led_red_off)
    limitSet                                 0x08006a31   Thumb Code    34  gimbal.o(i.limitSet)
    main                                     0x08006a65   Thumb Code    16  main_1.o(i.main)
    mget_ms                                  0x08006a75   Thumb Code     2  inv_mpu.o(i.mget_ms)
    mpu_configure_fifo                       0x08006a79   Thumb Code   106  inv_mpu.o(i.mpu_configure_fifo)
    mpu_dmp_get_data                         0x08006ae9   Thumb Code   520  inv_mpu.o(i.mpu_dmp_get_data)
    mpu_dmp_init                             0x08006d01   Thumb Code   160  inv_mpu.o(i.mpu_dmp_init)
    mpu_get_accel_fsr                        0x08006da5   Thumb Code    72  inv_mpu.o(i.mpu_get_accel_fsr)
    mpu_get_accel_sens                       0x08006df1   Thumb Code    78  inv_mpu.o(i.mpu_get_accel_sens)
    mpu_get_fifo_config                      0x08006e45   Thumb Code    12  inv_mpu.o(i.mpu_get_fifo_config)
    mpu_get_gyro_fsr                         0x08006e55   Thumb Code    64  inv_mpu.o(i.mpu_get_gyro_fsr)
    mpu_get_gyro_sens                        0x08006e99   Thumb Code    74  inv_mpu.o(i.mpu_get_gyro_sens)
    mpu_get_lpf                              0x08006ef9   Thumb Code    74  inv_mpu.o(i.mpu_get_lpf)
    mpu_get_sample_rate                      0x08006f49   Thumb Code    26  inv_mpu.o(i.mpu_get_sample_rate)
    mpu_init                                 0x08006f69   Thumb Code   324  inv_mpu.o(i.mpu_init)
    mpu_load_firmware                        0x080070b1   Thumb Code   188  inv_mpu.o(i.mpu_load_firmware)
    mpu_lp_accel_mode                        0x08007179   Thumb Code   280  inv_mpu.o(i.mpu_lp_accel_mode)
    mpu_read_fifo_stream                     0x08007295   Thumb Code   186  inv_mpu.o(i.mpu_read_fifo_stream)
    mpu_read_mem                             0x08007355   Thumb Code   122  inv_mpu.o(i.mpu_read_mem)
    mpu_reset_fifo                           0x080073d5   Thumb Code   450  inv_mpu.o(i.mpu_reset_fifo)
    mpu_run_self_test                        0x0800759d   Thumb Code   168  inv_mpu.o(i.mpu_run_self_test)
    mpu_set_accel_fsr                        0x08007649   Thumb Code   126  inv_mpu.o(i.mpu_set_accel_fsr)
    mpu_set_bypass                           0x080076cd   Thumb Code   328  inv_mpu.o(i.mpu_set_bypass)
    mpu_set_dmp_state                        0x08007819   Thumb Code   138  inv_mpu.o(i.mpu_set_dmp_state)
    mpu_set_gyro_fsr                         0x080078a9   Thumb Code   132  inv_mpu.o(i.mpu_set_gyro_fsr)
    mpu_set_int_latched                      0x08007931   Thumb Code   102  inv_mpu.o(i.mpu_set_int_latched)
    mpu_set_lpf                              0x0800799d   Thumb Code   126  inv_mpu.o(i.mpu_set_lpf)
    mpu_set_sample_rate                      0x08007a21   Thumb Code   152  inv_mpu.o(i.mpu_set_sample_rate)
    mpu_set_sensors                          0x08007abd   Thumb Code   202  inv_mpu.o(i.mpu_set_sensors)
    mpu_write_mem                            0x08007b8d   Thumb Code   122  inv_mpu.o(i.mpu_write_mem)
    pid_ctrl                                 0x08007c0d   Thumb Code   194  gimbal.o(i.pid_ctrl)
    powerInit                                0x08007d01   Thumb Code   144  power.o(i.powerInit)
    pvPortMalloc                             0x080087c5   Thumb Code   296  heap_4.o(i.pvPortMalloc)
    pvTaskIncrementMutexHeldCount            0x08008901   Thumb Code    26  tasks.o(i.pvTaskIncrementMutexHeldCount)
    pxPortInitialiseStack                    0x08008921   Thumb Code    38  port.o(i.pxPortInitialiseStack)
    run_self_test                            0x0800894d   Thumb Code   154  inv_mpu.o(i.run_self_test)
    set_TIM8_fric1                           0x080089e9   Thumb Code    14  pwm.o(i.set_TIM8_fric1)
    set_fric                                 0x080089fd   Thumb Code    24  pwm.o(i.set_fric)
    shootConversion                          0x08008aa9   Thumb Code   218  shoot.o(i.shootConversion)
    shootFeedback                            0x08008ba5   Thumb Code    34  shoot.o(i.shootFeedback)
    shootInit                                0x08008be5   Thumb Code    56  shoot.o(i.shootInit)
    shootSend                                0x08008d85   Thumb Code    58  shoot.o(i.shootSend)
    shootSpeedSet                            0x08008dc1   Thumb Code   176  shoot.o(i.shootSpeedSet)
    shootTask                                0x08008e91   Thumb Code    16  shoot.o(i.shootTask)
    shoot_task                               0x08008ea1   Thumb Code    18  shoot.o(i.shoot_task)
    speedSet                                 0x08008eb5   Thumb Code   234  gimbal.o(i.speedSet)
    sqrt                                     0x08008fd1   Thumb Code   110  sqrt.o(i.sqrt)
    start_rob_task                           0x08009041   Thumb Code   110  start_task.o(i.start_rob_task)
    start_task                               0x080090f9   Thumb Code    24  start_task.o(i.start_task)
    super_task                               0x08009129   Thumb Code    14  super_cap.o(i.super_task)
    test_keybord                             0x08009139   Thumb Code    52  gimbal.o(i.test_keybord)
    top_speed                                0x08009175   Thumb Code    48  gimbal.o(i.top_speed)
    uxListRemove                             0x080091ad   Thumb Code    40  list.o(i.uxListRemove)
    vListInitialise                          0x080091d5   Thumb Code    26  list.o(i.vListInitialise)
    vListInitialiseItem                      0x080091ef   Thumb Code     6  list.o(i.vListInitialiseItem)
    vListInsert                              0x080091f5   Thumb Code    52  list.o(i.vListInsert)
    vListInsertEnd                           0x08009229   Thumb Code    24  list.o(i.vListInsertEnd)
    vPortEnterCritical                       0x08009241   Thumb Code    76  port.o(i.vPortEnterCritical)
    vPortExitCritical                        0x08009295   Thumb Code    56  port.o(i.vPortExitCritical)
    vPortFree                                0x080092d1   Thumb Code   140  heap_4.o(i.vPortFree)
    vPortSetupTimerInterrupt                 0x08009365   Thumb Code     2  freertos_middleware.o(i.vPortSetupTimerInterrupt)
    vPortValidateInterruptPriority           0x08009369   Thumb Code   106  port.o(i.vPortValidateInterruptPriority)
    vQueueAddToRegistry                      0x080093e1   Thumb Code    38  queue.o(i.vQueueAddToRegistry)
    vQueueWaitForMessageRestricted           0x0800940d   Thumb Code    74  queue.o(i.vQueueWaitForMessageRestricted)
    vTaskDelay                               0x08009459   Thumb Code    82  tasks.o(i.vTaskDelay)
    vTaskDelete                              0x080094b5   Thumb Code   202  tasks.o(i.vTaskDelete)
    vTaskMissedYield                         0x080095a9   Thumb Code     8  tasks.o(i.vTaskMissedYield)
    vTaskPlaceOnEventList                    0x080095b5   Thumb Code    52  tasks.o(i.vTaskPlaceOnEventList)
    vTaskPlaceOnEventListRestricted          0x080095ed   Thumb Code    60  tasks.o(i.vTaskPlaceOnEventListRestricted)
    vTaskPriorityInherit                     0x0800962d   Thumb Code   164  tasks.o(i.vTaskPriorityInherit)
    vTaskSetTimeOutState                     0x080096dd   Thumb Code    38  tasks.o(i.vTaskSetTimeOutState)
    vTaskStartScheduler                      0x0800970d   Thumb Code   118  tasks.o(i.vTaskStartScheduler)
    vTaskSuspendAll                          0x080097a1   Thumb Code    12  tasks.o(i.vTaskSuspendAll)
    vTaskSwitchContext                       0x080097b1   Thumb Code   118  tasks.o(i.vTaskSwitchContext)
    xPortStartScheduler                      0x0800983d   Thumb Code   288  port.o(i.xPortStartScheduler)
    xPortSysTickHandler                      0x08009979   Thumb Code    46  port.o(i.xPortSysTickHandler)
    xQueueGenericCreate                      0x080099ad   Thumb Code    88  queue.o(i.xQueueGenericCreate)
    xQueueGenericReceive                     0x08009a05   Thumb Code   446  queue.o(i.xQueueGenericReceive)
    xQueueGenericReset                       0x08009bc9   Thumb Code   146  queue.o(i.xQueueGenericReset)
    xQueueGenericSend                        0x08009c61   Thumb Code   452  queue.o(i.xQueueGenericSend)
    xQueueGenericSendFromISR                 0x08009e29   Thumb Code   264  queue.o(i.xQueueGenericSendFromISR)
    xTaskCheckForTimeOut                     0x08009f31   Thumb Code   132  tasks.o(i.xTaskCheckForTimeOut)
    xTaskCreate                              0x08009fbd   Thumb Code    96  tasks.o(i.xTaskCreate)
    xTaskGetSchedulerState                   0x0800a01d   Thumb Code    24  tasks.o(i.xTaskGetSchedulerState)
    xTaskGetTickCount                        0x0800a03d   Thumb Code     6  tasks.o(i.xTaskGetTickCount)
    xTaskIncrementTick                       0x0800a049   Thumb Code   282  tasks.o(i.xTaskIncrementTick)
    xTaskPriorityDisinherit                  0x0800a191   Thumb Code   188  tasks.o(i.xTaskPriorityDisinherit)
    xTaskRemoveFromEventList                 0x0800a259   Thumb Code   128  tasks.o(i.xTaskRemoveFromEventList)
    xTaskResumeAll                           0x0800a2f1   Thumb Code   224  tasks.o(i.xTaskResumeAll)
    xTimerCreateTimerTask                    0x0800a3f5   Thumb Code    64  timers.o(i.xTimerCreateTimerTask)
    xTimerGenericCommand                     0x0800a449   Thumb Code   126  timers.o(i.xTimerGenericCommand)
    __aeabi_dneg                             0x0800a4cd   Thumb Code     0  basic.o(x$fpl$basic)
    _dneg                                    0x0800a4cd   Thumb Code     6  basic.o(x$fpl$basic)
    __aeabi_fneg                             0x0800a4d3   Thumb Code     0  basic.o(x$fpl$basic)
    _fneg                                    0x0800a4d3   Thumb Code     6  basic.o(x$fpl$basic)
    _dabs                                    0x0800a4d9   Thumb Code     6  basic.o(x$fpl$basic)
    _fabs                                    0x0800a4df   Thumb Code     6  basic.o(x$fpl$basic)
    __aeabi_d2f                              0x0800a4e5   Thumb Code     0  d2f.o(x$fpl$d2f)
    _d2f                                     0x0800a4e5   Thumb Code    98  d2f.o(x$fpl$d2f)
    __aeabi_dadd                             0x0800a549   Thumb Code     0  daddsub_clz.o(x$fpl$dadd)
    _dadd                                    0x0800a549   Thumb Code   332  daddsub_clz.o(x$fpl$dadd)
    __aeabi_ddiv                             0x0800a699   Thumb Code     0  ddiv.o(x$fpl$ddiv)
    _ddiv                                    0x0800a699   Thumb Code   552  ddiv.o(x$fpl$ddiv)
    __aeabi_d2iz                             0x0800a949   Thumb Code     0  dfix.o(x$fpl$dfix)
    _dfix                                    0x0800a949   Thumb Code    94  dfix.o(x$fpl$dfix)
    __aeabi_i2d                              0x0800a9a7   Thumb Code     0  dflt_clz.o(x$fpl$dflt)
    _dflt                                    0x0800a9a7   Thumb Code    46  dflt_clz.o(x$fpl$dflt)
    __aeabi_dmul                             0x0800a9d5   Thumb Code     0  dmul.o(x$fpl$dmul)
    _dmul                                    0x0800a9d5   Thumb Code   332  dmul.o(x$fpl$dmul)
    __fpl_dnaninf                            0x0800ab29   Thumb Code   156  dnaninf.o(x$fpl$dnaninf)
    __fpl_dretinf                            0x0800abc5   Thumb Code    12  dretinf.o(x$fpl$dretinf)
    __aeabi_drsub                            0x0800abd1   Thumb Code     0  daddsub_clz.o(x$fpl$drsb)
    _drsb                                    0x0800abd1   Thumb Code    22  daddsub_clz.o(x$fpl$drsb)
    _dsqrt                                   0x0800abe9   Thumb Code   404  dsqrt_umaal.o(x$fpl$dsqrt)
    __aeabi_dsub                             0x0800ad81   Thumb Code     0  daddsub_clz.o(x$fpl$dsub)
    _dsub                                    0x0800ad81   Thumb Code   464  daddsub_clz.o(x$fpl$dsub)
    __aeabi_f2d                              0x0800af55   Thumb Code     0  f2d.o(x$fpl$f2d)
    _f2d                                     0x0800af55   Thumb Code    86  f2d.o(x$fpl$f2d)
    __fcmp4                                  0x0800afad   Thumb Code    24  fcmp4.o(x$fpl$fcmp4)
    __ARM_fcmp4                              0x0800afc5   Thumb Code     0  fcmp4.o(x$fpl$fcmp4)
    _fcmp4                                   0x0800afc5   Thumb Code    58  fcmp4.o(x$fpl$fcmp4)
    __fpl_fcmp_Inf                           0x0800afff   Thumb Code    24  fcmpi.o(x$fpl$fcmpinf)
    __fpl_fnaninf                            0x0800b017   Thumb Code   140  fnaninf.o(x$fpl$fnaninf)
    _fp_init                                 0x0800b0a3   Thumb Code    10  fpinit.o(x$fpl$fpinit)
    __fplib_config_fpu_vfp                   0x0800b0ab   Thumb Code     0  fpinit.o(x$fpl$fpinit)
    __fplib_config_pureend_doubles           0x0800b0ab   Thumb Code     0  fpinit.o(x$fpl$fpinit)
    __fpl_fretinf                            0x0800b0ad   Thumb Code    10  fretinf.o(x$fpl$fretinf)
    CRC8_INIT                                0x0800b0b6   Data           1  crc.o(.constdata)
    __I$use$fp                               0x0800b0b6   Number         0  usenofp.o(x$fpl$usenofp)
    CRC8_TAB                                 0x0800b0b7   Data         256  crc.o(.constdata)
    wCRC_Table                               0x0800b1b8   Data         512  crc.o(.constdata)
    reg                                      0x0800b3d8   Data          30  inv_mpu.o(.constdata)
    hw                                       0x0800b3f6   Data          12  inv_mpu.o(.constdata)
    test                                     0x0800b404   Data          40  inv_mpu.o(.constdata)
    __mathlib_zero                           0x0800c110   Data           8  qnan.o(.constdata)
    Region$$Table$$Base                      0x0800c138   Number         0  anon$$obj.o(Region$$Table)
    Region$$Table$$Limit                     0x0800c158   Number         0  anon$$obj.o(Region$$Table)
    SystemCoreClock                          0x20000000   Data           4  system_stm32f4xx.o(.data)
    AHBPrescTable                            0x20000004   Data          16  system_stm32f4xx.o(.data)
    pxCurrentTCB                             0x20000024   Data           4  tasks.o(.data)
    CRC_INIT                                 0x20000098   Data           2  crc.o(.data)
    GameState                                0x2000009c   Data           3  judge.o(.data)
    GameResult                               0x2000009f   Data           1  judge.o(.data)
    GameRobotSurvivors                       0x200000a0   Data           2  judge.o(.data)
    EventData                                0x200000a2   Data           4  judge.o(.data)
    SupplyProjectileAction                   0x200000a6   Data           3  judge.o(.data)
    SupplyProjectileBooking                  0x200000a9   Data           2  judge.o(.data)
    BuffMusk                                 0x200000ab   Data           1  judge.o(.data)
    AerialRobotEnergy                        0x200000ac   Data           2  judge.o(.data)
    RobotHurt                                0x200000ae   Data           1  judge.o(.data)
    ShootData                                0x200000af   Data           6  judge.o(.data)
    FrameHeader                              0x200000b5   Data           5  judge.o(.data)
    Judge_Data_TF                            0x200000ba   Data           1  judge.o(.data)
    Judge_Self_ID                            0x200000bb   Data           1  judge.o(.data)
    Judge_SelfClient_ID                      0x200000bc   Data           2  judge.o(.data)
    ShootNum                                 0x200000be   Data           2  judge.o(.data)
    Hurt_Data_Update                         0x200000c0   Data           1  judge.o(.data)
    send_time                                0x200000c2   Data           2  judge.o(.data)
    Color                                    0x200000c4   Data           1  judge.o(.data)
    shoot_time                               0x200000c8   Data           4  judge.o(.data)
    shoot_ping                               0x200000cc   Data           4  judge.o(.data)
    Shoot_Speed_Now                          0x200000d0   Data           4  judge.o(.data)
    Shoot_Speed_Last                         0x200000d4   Data           4  judge.o(.data)
    M3508_PID_KP                             0x200000e4   Data           4  chassis.o(.data)
    M3508_PID_KI                             0x200000e8   Data           4  chassis.o(.data)
    M3508_PID_KD                             0x200000ec   Data           4  chassis.o(.data)
    M3508_PID_MAX_OUT                        0x200000f0   Data           4  chassis.o(.data)
    M3508_PID_MAX_IOUT                       0x200000f4   Data           4  chassis.o(.data)
    chassisRotationProportion                0x200000f8   Data           4  chassis.o(.data)
    chassisRotateSpeed                       0x200000fc   Data           2  chassis.o(.data)
    setW_S_A_Dspeed                          0x200000fe   Data           2  chassis.o(.data)
    set_mouse_speed                          0x20000100   Data           2  chassis.o(.data)
    inputVxData                              0x20000102   Data           2  chassis.o(.data)
    inputVyData                              0x20000104   Data           2  chassis.o(.data)
    inputWzData                              0x20000106   Data           2  chassis.o(.data)
    Yaw_flag                                 0x20000108   Data           2  chassis.o(.data)
    setVx                                    0x2000010a   Data           2  chassis.o(.data)
    setVy                                    0x2000010c   Data           2  chassis.o(.data)
    setWz                                    0x2000010e   Data           2  chassis.o(.data)
    addVx                                    0x20000110   Data           2  chassis.o(.data)
    addVy                                    0x20000112   Data           2  chassis.o(.data)
    addWz                                    0x20000114   Data           2  chassis.o(.data)
    nowM1Speed                               0x20000116   Data           2  chassis.o(.data)
    nowM2Speed                               0x20000118   Data           2  chassis.o(.data)
    nowM3Speed                               0x2000011a   Data           2  chassis.o(.data)
    nowM4Speed                               0x2000011c   Data           2  chassis.o(.data)
    setM1Speed                               0x2000011e   Data           2  chassis.o(.data)
    setM2Speed                               0x20000120   Data           2  chassis.o(.data)
    setM3Speed                               0x20000122   Data           2  chassis.o(.data)
    setM4Speed                               0x20000124   Data           2  chassis.o(.data)
    A_D_speed                                0x20000126   Data           2  chassis.o(.data)
    W_S_speed                                0x20000128   Data           2  chassis.o(.data)
    speedControl                             0x2000012c   Data           4  chassis.o(.data)
    gears_flag                               0x20000130   Data           4  chassis.o(.data)
    Chassis_flag                             0x20000134   Data           4  chassis.o(.data)
    M3508_1                                  0x20000138   Data           8  feedback.o(.data)
    M3508_2                                  0x20000140   Data           8  feedback.o(.data)
    M3508_3                                  0x20000148   Data           8  feedback.o(.data)
    M3508_4                                  0x20000150   Data           8  feedback.o(.data)
    M3508_5                                  0x20000158   Data           8  feedback.o(.data)
    M3508_6                                  0x20000160   Data           8  feedback.o(.data)
    M3508_7                                  0x20000168   Data           8  feedback.o(.data)
    GM6020_Yaw                               0x20000170   Data           8  feedback.o(.data)
    GM6020_Pitch                             0x20000178   Data           8  feedback.o(.data)
    GM6020_Roll                              0x20000180   Data           8  feedback.o(.data)
    M2006_1                                  0x20000188   Data           8  feedback.o(.data)
    M2006_2                                  0x20000190   Data           8  feedback.o(.data)
    GM6020_give                              0x20000198   Data           8  feedback.o(.data)
    GM6020_Pitch2                            0x200001a0   Data           8  feedback.o(.data)
    power_data                               0x200001a8   Data           8  feedback.o(.data)
    YAW_PID_KP                               0x200001b0   Data           4  gimbal.o(.data)
    YAW_PID_KI                               0x200001b4   Data           4  gimbal.o(.data)
    YAW_PID_KD                               0x200001b8   Data           4  gimbal.o(.data)
    YAW_PID_MAX_OUT                          0x200001bc   Data           4  gimbal.o(.data)
    YAW_PID_MAX_IOUT                         0x200001c0   Data           4  gimbal.o(.data)
    PITCH_PID_KP                             0x200001c4   Data           4  gimbal.o(.data)
    PITCH_PID_KI                             0x200001c8   Data           4  gimbal.o(.data)
    PITCH_PID_KD                             0x200001cc   Data           4  gimbal.o(.data)
    PITCH_PID_MAX_OUT                        0x200001d0   Data           4  gimbal.o(.data)
    PITCH_PID_MAX_IOUT                       0x200001d4   Data           4  gimbal.o(.data)
    ANflag                                   0x200001d8   Data           2  gimbal.o(.data)
    inputYawData                             0x200001da   Data           2  gimbal.o(.data)
    gyroYawData                              0x200001dc   Data           2  gimbal.o(.data)
    inputPitchData                           0x200001de   Data           2  gimbal.o(.data)
    setYaw                                   0x200001e0   Data           2  gimbal.o(.data)
    setPitch                                 0x200001e2   Data           2  gimbal.o(.data)
    addYaw                                   0x200001e4   Data           2  gimbal.o(.data)
    addPitch                                 0x200001e6   Data           2  gimbal.o(.data)
    leftLimit                                0x200001e8   Data           2  gimbal.o(.data)
    rightLimit                               0x200001ea   Data           2  gimbal.o(.data)
    upLimit                                  0x200001ec   Data           2  gimbal.o(.data)
    downLimit                                0x200001ee   Data           2  gimbal.o(.data)
    nowYaw                                   0x200001f0   Data           2  gimbal.o(.data)
    nowRoll                                  0x200001f2   Data           2  gimbal.o(.data)
    oldYaw                                   0x200001f4   Data           2  gimbal.o(.data)
    yawSpeed                                 0x200001f6   Data           2  gimbal.o(.data)
    pitchSpeed                               0x200001f8   Data           2  gimbal.o(.data)
    rollSpeed                                0x200001fa   Data           2  gimbal.o(.data)
    gimbal_speed                             0x200001fc   Data           2  gimbal.o(.data)
    yaw_direction                            0x20000200   Data           4  gimbal.o(.data)
    yaw_direction_flag                       0x20000204   Data           2  gimbal.o(.data)
    multiple                                 0x20000210   Data           4  gimbal.o(.data)
    current_level                            0x20000214   Data           4  gimbal.o(.data)
    setShootSpeed                            0x20000218   Data           2  shoot.o(.data)
    shootMotor2006_1                         0x2000021a   Data           2  shoot.o(.data)
    shootM4Speed                             0x2000021c   Data           2  shoot.o(.data)
    dErr_M3                                  0x2000021e   Data           6  shoot.o(.data)
    nowM5Speed                               0x20000224   Data           2  shoot.o(.data)
    nowM6Speed                               0x20000226   Data           2  shoot.o(.data)
    nowM7Speed                               0x20000228   Data           2  shoot.o(.data)
    setM5Speed                               0x2000022a   Data           2  shoot.o(.data)
    setM6Speed                               0x2000022c   Data           2  shoot.o(.data)
    setM7Speed                               0x2000022e   Data           2  shoot.o(.data)
    nowangle                                 0x20000230   Data           2  shoot.o(.data)
    setGM4Speed                              0x20000232   Data           2  shoot.o(.data)
    flag_shoot                               0x20000234   Data           4  shoot.o(.data)
    nowPitch                                 0x20000238   Data           2  shoot.o(.data)
    oldpitch                                 0x2000023a   Data           2  shoot.o(.data)
    linear                                   0x20000240   Data           8  shoot.o(.data)
    StartTask_Handler                        0x20000250   Data           4  start_task.o(.data)
    ChassisTask_Handler                      0x20000254   Data           4  start_task.o(.data)
    GIMBALTask_Handler                       0x20000258   Data           4  start_task.o(.data)
    SHOOTTask_Handler                        0x2000025c   Data           4  start_task.o(.data)
    SuperTTask_Handler                       0x20000260   Data           4  start_task.o(.data)
    Usart6_Clean_IDLE_Flag                   0x20000264   Data           4  usart.o(.data)
    __stdout                                 0x20000268   Data           4  usart.o(.data)
    FreeRTOSRunTimeTicks                     0x20000278   Data           8  freertos_middleware.o(.data)
    Usart7_Clean_IDLE_Flag                   0x20000280   Data           4  usart7.o(.data)
    count                                    0x20000284   Data           1  updata_vsion.o(.data)
    flag                                     0x20000285   Data           1  updata_vsion.o(.data)
    Buff_Color                               0x20000286   Data           1  updata_vsion.o(.data)
    xQueueRegistry                           0x200002c0   Data          64  queue.o(.bss)
    GameRobotStat                            0x2002060c   Data          15  judge.o(.bss)
    PowerHeatData                            0x2002061b   Data          14  judge.o(.bss)
    GameRobotPos                             0x20020629   Data          16  judge.o(.bss)
    ShowData                                 0x20020639   Data          28  judge.o(.bss)
    CommuData                                0x20020655   Data          25  judge.o(.bss)
    CliendTxBuffer                           0x2002066e   Data         200  judge.o(.bss)
    TeammateTxBuffer                         0x20020736   Data         200  judge.o(.bss)
    chassisPid                               0x20020800   Data          48  chassis.o(.bss)
    gimbalPid_yaw                            0x20020844   Data          48  gimbal.o(.bss)
    gimbalPid_pitch                          0x20020874   Data          48  gimbal.o(.bss)
    gimbalPid_roll                           0x200208a4   Data          48  gimbal.o(.bss)
    send_bytes                               0x200208d4   Data          16  gimbal.o(.bss)
    rec_data                                 0x200208e4   Data          12  gimbal.o(.bss)
    shootPid_5_6                             0x200208f0   Data          48  shoot.o(.bss)
    shootPid_7                               0x20020920   Data          48  shoot.o(.bss)
    TxMessage                                0x20020950   Data          20  can.o(.bss)
    angle_imu                                0x20020964   Data          12  imu.o(.bss)
    sbus_rx_buffer                           0x2002097c   Data          25  usart.o(.bss)
    RC_Ctl                                   0x20020995   Data          32  usart.o(.bss)
    referee_Buffer                           0x200209b5   Data         200  usart.o(.bss)
    Com4_Vision_Buffer                       0x20020a80   Data         100  usart7.o(.bss)
    xCom4DMAInit                             0x20020ae4   Data          60  usart7.o(.bss)
    s                                        0x20020b20   Data          12  updata_vsion.o(.bss)
    rex                                      0x20020b2c   Data         100  updata_vsion.o(.bss)
    rex_tx                                   0x20020b90   Data         100  updata_vsion.o(.bss)
    __libspace_start                         0x20020c04   Data          96  libspace.o(.bss)
    __temporary_stack_top$libspace           0x20020c64   Data           0  libspace.o(.bss)



==============================================================================

Memory Map of the image

  Image Entry point : 0x080001ad

  Load Region LR_IROM1 (Base: 0x08000000, Size: 0x0000c418, Max: 0x00200000, ABSOLUTE, COMPRESSED[0x0000c1c0])

    Execution Region ER_IROM1 (Exec base: 0x08000000, Load base: 0x08000000, Size: 0x0000c158, Max: 0x00200000, ABSOLUTE)

    Exec Addr    Load Addr    Size         Type   Attr      Idx    E Section Name        Object

    0x08000000   0x08000000   0x000001ac   Data   RO            3    RESET               startup_stm32f427xx.o
    0x080001ac   0x080001ac   0x00000008   Code   RO         6154  * !!!main             c_w.l(__main.o)
    0x080001b4   0x080001b4   0x00000034   Code   RO         6546    !!!scatter          c_w.l(__scatter.o)
    0x080001e8   0x080001e8   0x0000005a   Code   RO         6544    !!dczerorl2         c_w.l(__dczerorl2.o)
    0x08000242   0x08000242   0x00000002   PAD
    0x08000244   0x08000244   0x0000001c   Code   RO         6548    !!handler_zi        c_w.l(__scatter_zi.o)
    0x08000260   0x08000260   0x00000000   Code   RO         6137    .ARM.Collect$$_printf_percent$$00000000  c_w.l(_printf_percent.o)
    0x08000260   0x08000260   0x00000006   Code   RO         6135    .ARM.Collect$$_printf_percent$$00000009  c_w.l(_printf_d.o)
    0x08000266   0x08000266   0x00000004   Code   RO         6285    .ARM.Collect$$_printf_percent$$00000017  c_w.l(_printf_percent_end.o)
    0x0800026a   0x0800026a   0x00000002   Code   RO         6415    .ARM.Collect$$libinit$$00000000  c_w.l(libinit.o)
    0x0800026c   0x0800026c   0x00000004   Code   RO         6424    .ARM.Collect$$libinit$$00000001  c_w.l(libinit2.o)
    0x08000270   0x08000270   0x00000000   Code   RO         6427    .ARM.Collect$$libinit$$00000004  c_w.l(libinit2.o)
    0x08000270   0x08000270   0x00000000   Code   RO         6430    .ARM.Collect$$libinit$$0000000A  c_w.l(libinit2.o)
    0x08000270   0x08000270   0x00000000   Code   RO         6432    .ARM.Collect$$libinit$$0000000C  c_w.l(libinit2.o)
    0x08000270   0x08000270   0x00000000   Code   RO         6434    .ARM.Collect$$libinit$$0000000E  c_w.l(libinit2.o)
    0x08000270   0x08000270   0x00000000   Code   RO         6437    .ARM.Collect$$libinit$$00000011  c_w.l(libinit2.o)
    0x08000270   0x08000270   0x00000000   Code   RO         6439    .ARM.Collect$$libinit$$00000013  c_w.l(libinit2.o)
    0x08000270   0x08000270   0x00000000   Code   RO         6441    .ARM.Collect$$libinit$$00000015  c_w.l(libinit2.o)
    0x08000270   0x08000270   0x00000000   Code   RO         6443    .ARM.Collect$$libinit$$00000017  c_w.l(libinit2.o)
    0x08000270   0x08000270   0x00000000   Code   RO         6445    .ARM.Collect$$libinit$$00000019  c_w.l(libinit2.o)
    0x08000270   0x08000270   0x00000000   Code   RO         6447    .ARM.Collect$$libinit$$0000001B  c_w.l(libinit2.o)
    0x08000270   0x08000270   0x00000000   Code   RO         6449    .ARM.Collect$$libinit$$0000001D  c_w.l(libinit2.o)
    0x08000270   0x08000270   0x00000000   Code   RO         6451    .ARM.Collect$$libinit$$0000001F  c_w.l(libinit2.o)
    0x08000270   0x08000270   0x00000000   Code   RO         6453    .ARM.Collect$$libinit$$00000021  c_w.l(libinit2.o)
    0x08000270   0x08000270   0x00000000   Code   RO         6455    .ARM.Collect$$libinit$$00000023  c_w.l(libinit2.o)
    0x08000270   0x08000270   0x00000000   Code   RO         6457    .ARM.Collect$$libinit$$00000025  c_w.l(libinit2.o)
    0x08000270   0x08000270   0x00000000   Code   RO         6461    .ARM.Collect$$libinit$$0000002C  c_w.l(libinit2.o)
    0x08000270   0x08000270   0x00000000   Code   RO         6463    .ARM.Collect$$libinit$$0000002E  c_w.l(libinit2.o)
    0x08000270   0x08000270   0x00000000   Code   RO         6465    .ARM.Collect$$libinit$$00000030  c_w.l(libinit2.o)
    0x08000270   0x08000270   0x00000000   Code   RO         6467    .ARM.Collect$$libinit$$00000032  c_w.l(libinit2.o)
    0x08000270   0x08000270   0x00000002   Code   RO         6468    .ARM.Collect$$libinit$$00000033  c_w.l(libinit2.o)
    0x08000272   0x08000272   0x00000002   Code   RO         6496    .ARM.Collect$$libshutdown$$00000000  c_w.l(libshutdown.o)
    0x08000274   0x08000274   0x00000000   Code   RO         6510    .ARM.Collect$$libshutdown$$00000002  c_w.l(libshutdown2.o)
    0x08000274   0x08000274   0x00000000   Code   RO         6512    .ARM.Collect$$libshutdown$$00000004  c_w.l(libshutdown2.o)
    0x08000274   0x08000274   0x00000000   Code   RO         6515    .ARM.Collect$$libshutdown$$00000007  c_w.l(libshutdown2.o)
    0x08000274   0x08000274   0x00000000   Code   RO         6518    .ARM.Collect$$libshutdown$$0000000A  c_w.l(libshutdown2.o)
    0x08000274   0x08000274   0x00000000   Code   RO         6520    .ARM.Collect$$libshutdown$$0000000C  c_w.l(libshutdown2.o)
    0x08000274   0x08000274   0x00000000   Code   RO         6523    .ARM.Collect$$libshutdown$$0000000F  c_w.l(libshutdown2.o)
    0x08000274   0x08000274   0x00000002   Code   RO         6524    .ARM.Collect$$libshutdown$$00000010  c_w.l(libshutdown2.o)
    0x08000276   0x08000276   0x00000000   Code   RO         6270    .ARM.Collect$$rtentry$$00000000  c_w.l(__rtentry.o)
    0x08000276   0x08000276   0x00000000   Code   RO         6366    .ARM.Collect$$rtentry$$00000002  c_w.l(__rtentry2.o)
    0x08000276   0x08000276   0x00000006   Code   RO         6378    .ARM.Collect$$rtentry$$00000004  c_w.l(__rtentry4.o)
    0x0800027c   0x0800027c   0x00000000   Code   RO         6368    .ARM.Collect$$rtentry$$00000009  c_w.l(__rtentry2.o)
    0x0800027c   0x0800027c   0x00000004   Code   RO         6369    .ARM.Collect$$rtentry$$0000000A  c_w.l(__rtentry2.o)
    0x08000280   0x08000280   0x00000000   Code   RO         6371    .ARM.Collect$$rtentry$$0000000C  c_w.l(__rtentry2.o)
    0x08000280   0x08000280   0x00000008   Code   RO         6372    .ARM.Collect$$rtentry$$0000000D  c_w.l(__rtentry2.o)
    0x08000288   0x08000288   0x00000002   Code   RO         6418    .ARM.Collect$$rtexit$$00000000  c_w.l(rtexit.o)
    0x0800028a   0x0800028a   0x00000000   Code   RO         6470    .ARM.Collect$$rtexit$$00000002  c_w.l(rtexit2.o)
    0x0800028a   0x0800028a   0x00000004   Code   RO         6471    .ARM.Collect$$rtexit$$00000003  c_w.l(rtexit2.o)
    0x0800028e   0x0800028e   0x00000006   Code   RO         6472    .ARM.Collect$$rtexit$$00000004  c_w.l(rtexit2.o)
    0x08000294   0x08000294   0x000000b6   Code   RO         3965    .emb_text           port.o
    0x0800034a   0x0800034a   0x00000002   PAD
    0x0800034c   0x0800034c   0x0000004c   Code   RO            4    .text               startup_stm32f427xx.o
    0x08000398   0x08000398   0x00000002   Code   RO         6096    .text               c_w.l(use_no_semi_2.o)
    0x0800039a   0x0800039a   0x00000048   Code   RO         6098    .text               c_w.l(llsdiv.o)
    0x080003e2   0x080003e2   0x00000002   PAD
    0x080003e4   0x080003e4   0x00000018   Code   RO         6104    .text               c_w.l(noretval__2printf.o)
    0x080003fc   0x080003fc   0x00000068   Code   RO         6108    .text               c_w.l(__printf.o)
    0x08000464   0x08000464   0x00000078   Code   RO         6112    .text               c_w.l(_printf_dec.o)
    0x080004dc   0x080004dc   0x00000058   Code   RO         6138    .text               c_w.l(memcmp.o)
    0x08000534   0x08000534   0x0000008a   Code   RO         6144    .text               c_w.l(rt_memcpy_v6.o)
    0x080005be   0x080005be   0x00000064   Code   RO         6146    .text               c_w.l(rt_memcpy_w.o)
    0x08000622   0x08000622   0x00000010   Code   RO         6148    .text               c_w.l(aeabi_memset.o)
    0x08000632   0x08000632   0x00000044   Code   RO         6150    .text               c_w.l(rt_memclr.o)
    0x08000676   0x08000676   0x00000006   Code   RO         6152    .text               c_w.l(heapauxi.o)
    0x0800067c   0x0800067c   0x00000002   Code   RO         6268    .text               c_w.l(use_no_semi.o)
    0x0800067e   0x0800067e   0x000000ee   Code   RO         6271    .text               c_w.l(lludivv7m.o)
    0x0800076c   0x0800076c   0x00000016   Code   RO         6273    .text               c_w.l(_rserrno.o)
    0x08000782   0x08000782   0x000000b2   Code   RO         6275    .text               c_w.l(_printf_intcommon.o)
    0x08000834   0x08000834   0x00000030   Code   RO         6277    .text               c_w.l(_printf_char_common.o)
    0x08000864   0x08000864   0x00000024   Code   RO         6283    .text               c_w.l(_printf_char_file.o)
    0x08000888   0x08000888   0x0000004e   Code   RO         6286    .text               c_w.l(rt_memclr_w.o)
    0x080008d6   0x080008d6   0x00000002   PAD
    0x080008d8   0x080008d8   0x00000008   Code   RO         6387    .text               c_w.l(rt_errno_addr_intlibspace.o)
    0x080008e0   0x080008e0   0x00000008   Code   RO         6391    .text               c_w.l(ferror.o)
    0x080008e8   0x080008e8   0x00000008   Code   RO         6401    .text               c_w.l(libspace.o)
    0x080008f0   0x080008f0   0x0000004a   Code   RO         6404    .text               c_w.l(sys_stackheap_outer.o)
    0x0800093a   0x0800093a   0x00000012   Code   RO         6408    .text               c_w.l(exit.o)
    0x0800094c   0x0800094c   0x00000068   Code   RO         4267    i.BSP_init          main_1.o
    0x080009b4   0x080009b4   0x00000004   Code   RO           13    i.BusFault_Handler  stm32f4xx_it.o
    0x080009b8   0x080009b8   0x000002bc   Code   RO         4416    i.CAN1_RX0_IRQHandler  feedback.o
    0x08000c74   0x08000c74   0x00000070   Code   RO         4787    i.CAN1_Send_Msg     can.o
    0x08000ce4   0x08000ce4   0x00000110   Code   RO         4788    i.CAN1_mode_init    can.o
    0x08000df4   0x08000df4   0x00000078   Code   RO         4417    i.CAN2_RX0_IRQHandler  feedback.o
    0x08000e6c   0x08000e6c   0x00000070   Code   RO         4789    i.CAN2_Send_Msg     can.o
    0x08000edc   0x08000edc   0x00000114   Code   RO         4790    i.CAN2_mode_init    can.o
    0x08000ff0   0x08000ff0   0x00000108   Code   RO          363    i.CAN_FilterInit    stm32f4xx_can.o
    0x080010f8   0x080010f8   0x00000012   Code   RO          369    i.CAN_ITConfig      stm32f4xx_can.o
    0x0800110a   0x0800110a   0x00000114   Code   RO          370    i.CAN_Init          stm32f4xx_can.o
    0x0800121e   0x0800121e   0x0000001e   Code   RO          371    i.CAN_MessagePending  stm32f4xx_can.o
    0x0800123c   0x0800123c   0x000000f0   Code   RO          373    i.CAN_Receive       stm32f4xx_can.o
    0x0800132c   0x0800132c   0x00000126   Code   RO          378    i.CAN_Transmit      stm32f4xx_can.o
    0x08001452   0x08001452   0x00000002   PAD
    0x08001454   0x08001454   0x000000a0   Code   RO          379    i.CAN_TransmitStatus  stm32f4xx_can.o
    0x080014f4   0x080014f4   0x00000084   Code   RO         4747    i.CAP_Ctrl          super_cap.o
    0x08001578   0x08001578   0x00000020   Code   RO         4748    i.CAP_Send          super_cap.o
    0x08001598   0x08001598   0x00000054   Code   RO         5042    i.DMA2_Stream2_IRQHandler  usart.o
    0x080015ec   0x080015ec   0x00000144   Code   RO         5043    i.DMA2_Stream5_IRQHandler  usart.o
    0x08001730   0x08001730   0x00000034   Code   RO         2724    i.DMA_ClearFlag     stm32f4xx_dma.o
    0x08001764   0x08001764   0x00000034   Code   RO         2725    i.DMA_ClearITPendingBit  stm32f4xx_dma.o
    0x08001798   0x08001798   0x00000016   Code   RO         2726    i.DMA_Cmd           stm32f4xx_dma.o
    0x080017ae   0x080017ae   0x00000002   PAD
    0x080017b0   0x080017b0   0x00000158   Code   RO         2727    i.DMA_DeInit        stm32f4xx_dma.o
    0x08001908   0x08001908   0x00000064   Code   RO         2736    i.DMA_GetITStatus   stm32f4xx_dma.o
    0x0800196c   0x0800196c   0x0000003a   Code   RO         2737    i.DMA_ITConfig      stm32f4xx_dma.o
    0x080019a6   0x080019a6   0x00000002   PAD
    0x080019a8   0x080019a8   0x00000058   Code   RO         2738    i.DMA_Init          stm32f4xx_dma.o
    0x08001a00   0x08001a00   0x00000002   Code   RO           14    i.DebugMon_Handler  stm32f4xx_it.o
    0x08001a02   0x08001a02   0x00000090   Code   RO          591    i.GPIO_Init         stm32f4xx_gpio.o
    0x08001a92   0x08001a92   0x00000046   Code   RO          592    i.GPIO_PinAFConfig  stm32f4xx_gpio.o
    0x08001ad8   0x08001ad8   0x00000004   Code   RO          598    i.GPIO_ResetBits    stm32f4xx_gpio.o
    0x08001adc   0x08001adc   0x00000004   Code   RO          599    i.GPIO_SetBits      stm32f4xx_gpio.o
    0x08001ae0   0x08001ae0   0x00000034   Code   RO         4050    i.Get_CRC16_Check_Sum  crc.o
    0x08001b14   0x08001b14   0x00000024   Code   RO         4051    i.Get_CRC8_Check_Sum  crc.o
    0x08001b38   0x08001b38   0x00000004   Code   RO           15    i.HardFault_Handler  stm32f4xx_it.o
    0x08001b3c   0x08001b3c   0x0000000c   Code   RO         4970    i.IMU_Init          imu.o
    0x08001b48   0x08001b48   0x00000058   Code   RO         4972    i.IMU_Updata        imu.o
    0x08001ba0   0x08001ba0   0x00000058   Code   RO         4107    i.JUDGE_ShootNumCount  judge.o
    0x08001bf8   0x08001bf8   0x0000000c   Code   RO         4113    i.JUDGE_ucGetRobotLevel  judge.o
    0x08001c04   0x08001c04   0x000001cc   Code   RO         4120    i.Judge_Read_Data   judge.o
    0x08001dd0   0x08001dd0   0x0000005e   Code   RO         5981    i.MPU_Init          mpu6500.o
    0x08001e2e   0x08001e2e   0x00000038   Code   RO         5985    i.MPU_Read_Len      mpu6500.o
    0x08001e66   0x08001e66   0x00000002   PAD
    0x08001e68   0x08001e68   0x00000010   Code   RO         5987    i.MPU_SPI_CS_H      mpu6500.o
    0x08001e78   0x08001e78   0x00000010   Code   RO         5988    i.MPU_SPI_CS_L      mpu6500.o
    0x08001e88   0x08001e88   0x00000054   Code   RO         5989    i.MPU_SPI_read_write_byte  mpu6500.o
    0x08001edc   0x08001edc   0x0000000e   Code   RO         5990    i.MPU_Set_Accel_Fsr  mpu6500.o
    0x08001eea   0x08001eea   0x0000000e   Code   RO         5991    i.MPU_Set_FIFO      mpu6500.o
    0x08001ef8   0x08001ef8   0x0000000e   Code   RO         5992    i.MPU_Set_Gyro_Fsr  mpu6500.o
    0x08001f06   0x08001f06   0x0000000e   Code   RO         5993    i.MPU_Set_LPF       mpu6500.o
    0x08001f14   0x08001f14   0x0000000e   Code   RO         5994    i.MPU_Set_Rate      mpu6500.o
    0x08001f22   0x08001f22   0x0000001c   Code   RO         5995    i.MPU_Write_Byte    mpu6500.o
    0x08001f3e   0x08001f3e   0x00000034   Code   RO         5996    i.MPU_Write_Len     mpu6500.o
    0x08001f72   0x08001f72   0x00000004   Code   RO           16    i.MemManage_Handler  stm32f4xx_it.o
    0x08001f76   0x08001f76   0x00000002   Code   RO           17    i.NMI_Handler       stm32f4xx_it.o
    0x08001f78   0x08001f78   0x00000078   Code   RO          309    i.NVIC_Init         misc.o
    0x08001ff0   0x08001ff0   0x00000014   Code   RO          310    i.NVIC_PriorityGroupConfig  misc.o
    0x08002004   0x08002004   0x0000020c   Code   RO         4910    i.PWM_Init          pwm.o
    0x08002210   0x08002210   0x00000020   Code   RO          692    i.RCC_AHB1PeriphClockCmd  stm32f4xx_rcc.o
    0x08002230   0x08002230   0x00000020   Code   RO          701    i.RCC_APB1PeriphClockCmd  stm32f4xx_rcc.o
    0x08002250   0x08002250   0x00000020   Code   RO          703    i.RCC_APB1PeriphResetCmd  stm32f4xx_rcc.o
    0x08002270   0x08002270   0x00000020   Code   RO          704    i.RCC_APB2PeriphClockCmd  stm32f4xx_rcc.o
    0x08002290   0x08002290   0x00000020   Code   RO          706    i.RCC_APB2PeriphResetCmd  stm32f4xx_rcc.o
    0x080022b0   0x080022b0   0x000000e8   Code   RO          713    i.RCC_GetClocksFreq  stm32f4xx_rcc.o
    0x08002398   0x08002398   0x000001ac   Code   RO         4562    i.Rate_of_fire_adaptive  shoot.o
    0x08002544   0x08002544   0x0000011c   Code   RO         5125    i.SPI5_Init         spi.o
    0x08002660   0x08002660   0x00000028   Code   RO         5127    i.SPI5_SetSpeed     spi.o
    0x08002688   0x08002688   0x00000018   Code   RO         2238    i.SPI_Cmd           stm32f4xx_spi.o
    0x080026a0   0x080026a0   0x00000012   Code   RO         2246    i.SPI_I2S_GetFlagStatus  stm32f4xx_spi.o
    0x080026b2   0x080026b2   0x00000006   Code   RO         2249    i.SPI_I2S_ReceiveData  stm32f4xx_spi.o
    0x080026b8   0x080026b8   0x00000004   Code   RO         2250    i.SPI_I2S_SendData  stm32f4xx_spi.o
    0x080026bc   0x080026bc   0x0000003c   Code   RO         2251    i.SPI_Init          stm32f4xx_spi.o
    0x080026f8   0x080026f8   0x00000120   Code   RO          268    i.SetSysClock       system_stm32f4xx.o
    0x08002818   0x08002818   0x00000028   Code   RO          313    i.SysTick_CLKSourceConfig  misc.o
    0x08002840   0x08002840   0x00000010   Code   RO         5200    i.SysTick_Handler   freertos_middleware.o
    0x08002850   0x08002850   0x00000068   Code   RO          270    i.SystemInit        system_stm32f4xx.o
    0x080028b8   0x080028b8   0x00000040   Code   RO         5384    i.TIM2_Int_Init     time.o
    0x080028f8   0x080028f8   0x00000030   Code   RO         5201    i.TIM3_IRQHandler   freertos_middleware.o
    0x08002928   0x08002928   0x00000020   Code   RO         5385    i.TIM5_IRQHandler   time.o
    0x08002948   0x08002948   0x00000018   Code   RO         1232    i.TIM_ARRPreloadConfig  stm32f4xx_tim.o
    0x08002960   0x08002960   0x00000006   Code   RO         1238    i.TIM_ClearFlag     stm32f4xx_tim.o
    0x08002966   0x08002966   0x00000006   Code   RO         1239    i.TIM_ClearITPendingBit  stm32f4xx_tim.o
    0x0800296c   0x0800296c   0x00000018   Code   RO         1244    i.TIM_Cmd           stm32f4xx_tim.o
    0x08002984   0x08002984   0x0000001e   Code   RO         1246    i.TIM_CtrlPWMOutputs  stm32f4xx_tim.o
    0x080029a2   0x080029a2   0x00000022   Code   RO         1265    i.TIM_GetITStatus   stm32f4xx_tim.o
    0x080029c4   0x080029c4   0x00000012   Code   RO         1269    i.TIM_ITConfig      stm32f4xx_tim.o
    0x080029d6   0x080029d6   0x00000002   PAD
    0x080029d8   0x080029d8   0x0000007c   Code   RO         1273    i.TIM_OC1Init       stm32f4xx_tim.o
    0x08002a54   0x08002a54   0x00000012   Code   RO         1276    i.TIM_OC1PreloadConfig  stm32f4xx_tim.o
    0x08002a66   0x08002a66   0x00000002   PAD
    0x08002a68   0x08002a68   0x00000078   Code   RO         1288    i.TIM_OC4Init       stm32f4xx_tim.o
    0x08002ae0   0x08002ae0   0x0000001a   Code   RO         1290    i.TIM_OC4PreloadConfig  stm32f4xx_tim.o
    0x08002afa   0x08002afa   0x00000004   Code   RO         1306    i.TIM_SetCompare1   stm32f4xx_tim.o
    0x08002afe   0x08002afe   0x00000004   Code   RO         1309    i.TIM_SetCompare4   stm32f4xx_tim.o
    0x08002b02   0x08002b02   0x00000002   PAD
    0x08002b04   0x08002b04   0x00000084   Code   RO         1316    i.TIM_TimeBaseInit  stm32f4xx_tim.o
    0x08002b88   0x08002b88   0x0000005c   Code   RO         5386    i.Tick_TIM5_Init    time.o
    0x08002be4   0x08002be4   0x00000070   Code   RO         5247    i.UART7_DMA_Init    usart7.o
    0x08002c54   0x08002c54   0x00000044   Code   RO         5248    i.UART7_IRQHandler  usart7.o
    0x08002c98   0x08002c98   0x000000d8   Code   RO         5249    i.UART7_Init        usart7.o
    0x08002d70   0x08002d70   0x00000020   Code   RO         5250    i.UART7_SendChar    usart7.o
    0x08002d90   0x08002d90   0x000000a0   Code   RO         5300    i.UART8_IRQHandler  usart8.o
    0x08002e30   0x08002e30   0x000000d0   Code   RO         5301    i.UART8_Init        usart8.o
    0x08002f00   0x08002f00   0x00000140   Code   RO         5044    i.USART1_Configuration  usart.o
    0x08003040   0x08003040   0x00000020   Code   RO         5045    i.USART1_IRQHandler  usart.o
    0x08003060   0x08003060   0x00000140   Code   RO         5046    i.USART6_Configuration  usart.o
    0x080031a0   0x080031a0   0x0000001c   Code   RO         5047    i.USART6_IRQHandler  usart.o
    0x080031bc   0x080031bc   0x00000012   Code   RO         1794    i.USART_ClearFlag   stm32f4xx_usart.o
    0x080031ce   0x080031ce   0x0000001e   Code   RO         1795    i.USART_ClearITPendingBit  stm32f4xx_usart.o
    0x080031ec   0x080031ec   0x00000018   Code   RO         1798    i.USART_Cmd         stm32f4xx_usart.o
    0x08003204   0x08003204   0x00000012   Code   RO         1799    i.USART_DMACmd      stm32f4xx_usart.o
    0x08003216   0x08003216   0x00000002   PAD
    0x08003218   0x08003218   0x000000f0   Code   RO         1800    i.USART_DeInit      stm32f4xx_usart.o
    0x08003308   0x08003308   0x0000001a   Code   RO         1801    i.USART_GetFlagStatus  stm32f4xx_usart.o
    0x08003322   0x08003322   0x00000054   Code   RO         1802    i.USART_GetITStatus  stm32f4xx_usart.o
    0x08003376   0x08003376   0x0000004a   Code   RO         1804    i.USART_ITConfig    stm32f4xx_usart.o
    0x080033c0   0x080033c0   0x000000d4   Code   RO         1805    i.USART_Init        stm32f4xx_usart.o
    0x08003494   0x08003494   0x0000000a   Code   RO         1812    i.USART_ReceiveData  stm32f4xx_usart.o
    0x0800349e   0x0800349e   0x00000008   Code   RO         1815    i.USART_SendData    stm32f4xx_usart.o
    0x080034a6   0x080034a6   0x00000004   Code   RO           18    i.UsageFault_Handler  stm32f4xx_it.o
    0x080034aa   0x080034aa   0x00000002   PAD
    0x080034ac   0x080034ac   0x00000040   Code   RO         4052    i.Verify_CRC16_Check_Sum  crc.o
    0x080034ec   0x080034ec   0x00000030   Code   RO         4053    i.Verify_CRC8_Check_Sum  crc.o
    0x0800351c   0x0800351c   0x00000030   Code   RO         6329    i.__ARM_fpclassify  m_wm.l(fpclassify.o)
    0x0800354c   0x0800354c   0x00000026   Code   RO         6331    i.__ARM_fpclassifyf  m_wm.l(fpclassifyf.o)
    0x08003572   0x08003572   0x0000000e   Code   RO         4307    i.__ARM_isnanf      chassis.o
    0x08003580   0x08003580   0x00000360   Code   RO         6184    i.__hardfp_asin     m_wm.l(asin.o)
    0x080038e0   0x080038e0   0x000002d8   Code   RO         6301    i.__hardfp_atan     m_wm.l(atan.o)
    0x08003bb8   0x08003bb8   0x000001f0   Code   RO         6198    i.__hardfp_atan2    m_wm.l(atan2.o)
    0x08003da8   0x08003da8   0x00000250   Code   RO         6210    i.__hardfp_atan2f   m_wm.l(atan2f.o)
    0x08003ff8   0x08003ff8   0x00000150   Code   RO         6222    i.__hardfp_cosf     m_wm.l(cosf.o)
    0x08004148   0x08004148   0x00000048   Code   RO         6264    i.__hardfp_fmaxf    m_wm.l(fmaxf.o)
    0x08004190   0x08004190   0x00000190   Code   RO         6240    i.__hardfp_sinf     m_wm.l(sinf.o)
    0x08004320   0x08004320   0x0000003a   Code   RO         6252    i.__hardfp_sqrtf    m_wm.l(sqrtf.o)
    0x0800435a   0x0800435a   0x000000f8   Code   RO         6347    i.__kernel_poly     m_wm.l(poly.o)
    0x08004452   0x08004452   0x00000014   Code   RO         6316    i.__mathlib_dbl_infnan  m_wm.l(dunder.o)
    0x08004466   0x08004466   0x00000014   Code   RO         6317    i.__mathlib_dbl_infnan2  m_wm.l(dunder.o)
    0x0800447a   0x0800447a   0x00000006   PAD
    0x08004480   0x08004480   0x00000020   Code   RO         6318    i.__mathlib_dbl_invalid  m_wm.l(dunder.o)
    0x080044a0   0x080044a0   0x00000020   Code   RO         6321    i.__mathlib_dbl_underflow  m_wm.l(dunder.o)
    0x080044c0   0x080044c0   0x00000006   Code   RO         6334    i.__mathlib_flt_infnan  m_wm.l(funder.o)
    0x080044c6   0x080044c6   0x00000006   Code   RO         6335    i.__mathlib_flt_infnan2  m_wm.l(funder.o)
    0x080044cc   0x080044cc   0x00000010   Code   RO         6336    i.__mathlib_flt_invalid  m_wm.l(funder.o)
    0x080044dc   0x080044dc   0x00000010   Code   RO         6339    i.__mathlib_flt_underflow  m_wm.l(funder.o)
    0x080044ec   0x080044ec   0x00000154   Code   RO         6350    i.__mathlib_rredf2  m_wm.l(rredf.o)
    0x08004640   0x08004640   0x00000004   Code   RO         5049    i._sys_exit         usart.o
    0x08004644   0x08004644   0x000002dc   Code   RO         4453    i.angleConversion   gimbal.o
    0x08004920   0x08004920   0x00000034   Code   RO         4454    i.angleFeedback     gimbal.o
    0x08004954   0x08004954   0x00000010   Code   RO         6303    i.atan              m_wm.l(atan.o)
    0x08004964   0x08004964   0x00000694   Code   RO         4308    i.chassisConversion  chassis.o
    0x08004ff8   0x08004ff8   0x00000044   Code   RO         4309    i.chassisFeedback   chassis.o
    0x0800503c   0x0800503c   0x00000040   Code   RO         4310    i.chassisInit       chassis.o
    0x0800507c   0x0800507c   0x00000110   Code   RO         4311    i.chassisPidContr0l  chassis.o
    0x0800518c   0x0800518c   0x00000030   Code   RO         4312    i.chassisPidInit    chassis.o
    0x080051bc   0x080051bc   0x0000004a   Code   RO         4313    i.chassisSend       chassis.o
    0x08005206   0x08005206   0x00000002   PAD
    0x08005208   0x08005208   0x0000010c   Code   RO         4314    i.chassisSpeedSet   chassis.o
    0x08005314   0x08005314   0x00000010   Code   RO         4315    i.chassisTask       chassis.o
    0x08005324   0x08005324   0x000000e8   Code   RO         4316    i.chassis_ctrl      chassis.o
    0x0800540c   0x0800540c   0x00000012   Code   RO         4317    i.chassis_task      chassis.o
    0x0800541e   0x0800541e   0x00000002   PAD
    0x08005420   0x08005420   0x00000064   Code   RO         5787    i.decode_gesture    inv_mpu_dmp_motion_driver.o
    0x08005484   0x08005484   0x0000006c   Code   RO         5161    i.delay_init        delay.o
    0x080054f0   0x080054f0   0x00000050   Code   RO         5162    i.delay_ms          delay.o
    0x08005540   0x08005540   0x0000003c   Code   RO         5788    i.dmp_enable_6x_lp_quat  inv_mpu_dmp_motion_driver.o
    0x0800557c   0x0800557c   0x0000021c   Code   RO         5789    i.dmp_enable_feature  inv_mpu_dmp_motion_driver.o
    0x08005798   0x08005798   0x00000058   Code   RO         5790    i.dmp_enable_gyro_cal  inv_mpu_dmp_motion_driver.o
    0x080057f0   0x080057f0   0x0000003c   Code   RO         5791    i.dmp_enable_lp_quat  inv_mpu_dmp_motion_driver.o
    0x0800582c   0x0800582c   0x00000018   Code   RO         5796    i.dmp_load_motion_driver_firmware  inv_mpu_dmp_motion_driver.o
    0x08005844   0x08005844   0x000001cc   Code   RO         5797    i.dmp_read_fifo     inv_mpu_dmp_motion_driver.o
    0x08005a10   0x08005a10   0x00000130   Code   RO         5800    i.dmp_set_accel_bias  inv_mpu_dmp_motion_driver.o
    0x08005b40   0x08005b40   0x00000070   Code   RO         5801    i.dmp_set_fifo_rate  inv_mpu_dmp_motion_driver.o
    0x08005bb0   0x08005bb0   0x00000130   Code   RO         5802    i.dmp_set_gyro_bias  inv_mpu_dmp_motion_driver.o
    0x08005ce0   0x08005ce0   0x00000138   Code   RO         5804    i.dmp_set_orientation  inv_mpu_dmp_motion_driver.o
    0x08005e18   0x08005e18   0x00000038   Code   RO         5807    i.dmp_set_shake_reject_thresh  inv_mpu_dmp_motion_driver.o
    0x08005e50   0x08005e50   0x00000026   Code   RO         5808    i.dmp_set_shake_reject_time  inv_mpu_dmp_motion_driver.o
    0x08005e76   0x08005e76   0x00000026   Code   RO         5809    i.dmp_set_shake_reject_timeout  inv_mpu_dmp_motion_driver.o
    0x08005e9c   0x08005e9c   0x00000046   Code   RO         5810    i.dmp_set_tap_axes  inv_mpu_dmp_motion_driver.o
    0x08005ee2   0x08005ee2   0x00000026   Code   RO         5811    i.dmp_set_tap_count  inv_mpu_dmp_motion_driver.o
    0x08005f08   0x08005f08   0x000001c0   Code   RO         5812    i.dmp_set_tap_thresh  inv_mpu_dmp_motion_driver.o
    0x080060c8   0x080060c8   0x00000026   Code   RO         5813    i.dmp_set_tap_time  inv_mpu_dmp_motion_driver.o
    0x080060ee   0x080060ee   0x00000026   Code   RO         5814    i.dmp_set_tap_time_multi  inv_mpu_dmp_motion_driver.o
    0x08006114   0x08006114   0x00000018   Code   RO         6236    i.fabs              m_wm.l(fabs.o)
    0x0800612c   0x0800612c   0x00000068   Code   RO         4318    i.fix_speed         chassis.o
    0x08006194   0x08006194   0x00000018   Code   RO         4832    i.flow_led_off      led.o
    0x080061ac   0x080061ac   0x0000001c   Code   RO         5050    i.fputc             usart.o
    0x080061c8   0x080061c8   0x000000ac   Code   RO         4319    i.gears_speed       chassis.o
    0x08006274   0x08006274   0x00000470   Code   RO         5455    i.get_st_biases     inv_mpu.o
    0x080066e4   0x080066e4   0x0000007c   Code   RO         4455    i.gimbalInit        gimbal.o
    0x08006760   0x08006760   0x000000fc   Code   RO         4456    i.gimbalPidContr0l  gimbal.o
    0x0800685c   0x0800685c   0x00000030   Code   RO         4457    i.gimbalPidInit     gimbal.o
    0x0800688c   0x0800688c   0x0000003a   Code   RO         4458    i.gimbalSend        gimbal.o
    0x080068c6   0x080068c6   0x00000014   Code   RO         4459    i.gimbalTask        gimbal.o
    0x080068da   0x080068da   0x00000012   Code   RO         4460    i.gimbal_Task       gimbal.o
    0x080068ec   0x080068ec   0x0000001c   Code   RO         5456    i.i2c_read          inv_mpu.o
    0x08006908   0x08006908   0x0000001c   Code   RO         5457    i.i2c_write         inv_mpu.o
    0x08006924   0x08006924   0x00000028   Code   RO         5458    i.inv_orientation_matrix_to_scalar  inv_mpu.o
    0x0800694c   0x0800694c   0x0000004e   Code   RO         5459    i.inv_row_2_scale   inv_mpu.o
    0x0800699a   0x0800699a   0x00000002   PAD
    0x0800699c   0x0800699c   0x0000006c   Code   RO         4835    i.led_configuration  led.o
    0x08006a08   0x08006a08   0x00000014   Code   RO         4836    i.led_green_off     led.o
    0x08006a1c   0x08006a1c   0x00000014   Code   RO         4839    i.led_red_off       led.o
    0x08006a30   0x08006a30   0x00000034   Code   RO         4461    i.limitSet          gimbal.o
    0x08006a64   0x08006a64   0x00000010   Code   RO         4268    i.main              main_1.o
    0x08006a74   0x08006a74   0x00000002   Code   RO         5460    i.mget_ms           inv_mpu.o
    0x08006a76   0x08006a76   0x00000002   PAD
    0x08006a78   0x08006a78   0x00000070   Code   RO         5461    i.mpu_configure_fifo  inv_mpu.o
    0x08006ae8   0x08006ae8   0x00000218   Code   RO         5462    i.mpu_dmp_get_data  inv_mpu.o
    0x08006d00   0x08006d00   0x000000a4   Code   RO         5463    i.mpu_dmp_init      inv_mpu.o
    0x08006da4   0x08006da4   0x0000004c   Code   RO         5464    i.mpu_get_accel_fsr  inv_mpu.o
    0x08006df0   0x08006df0   0x00000054   Code   RO         5466    i.mpu_get_accel_sens  inv_mpu.o
    0x08006e44   0x08006e44   0x00000010   Code   RO         5471    i.mpu_get_fifo_config  inv_mpu.o
    0x08006e54   0x08006e54   0x00000044   Code   RO         5472    i.mpu_get_gyro_fsr  inv_mpu.o
    0x08006e98   0x08006e98   0x00000060   Code   RO         5474    i.mpu_get_gyro_sens  inv_mpu.o
    0x08006ef8   0x08006ef8   0x00000050   Code   RO         5476    i.mpu_get_lpf       inv_mpu.o
    0x08006f48   0x08006f48   0x00000020   Code   RO         5478    i.mpu_get_sample_rate  inv_mpu.o
    0x08006f68   0x08006f68   0x00000148   Code   RO         5480    i.mpu_init          inv_mpu.o
    0x080070b0   0x080070b0   0x000000c8   Code   RO         5481    i.mpu_load_firmware  inv_mpu.o
    0x08007178   0x08007178   0x0000011c   Code   RO         5482    i.mpu_lp_accel_mode  inv_mpu.o
    0x08007294   0x08007294   0x000000c0   Code   RO         5485    i.mpu_read_fifo_stream  inv_mpu.o
    0x08007354   0x08007354   0x00000080   Code   RO         5486    i.mpu_read_mem      inv_mpu.o
    0x080073d4   0x080073d4   0x000001c8   Code   RO         5489    i.mpu_reset_fifo    inv_mpu.o
    0x0800759c   0x0800759c   0x000000ac   Code   RO         5490    i.mpu_run_self_test  inv_mpu.o
    0x08007648   0x08007648   0x00000084   Code   RO         5492    i.mpu_set_accel_fsr  inv_mpu.o
    0x080076cc   0x080076cc   0x0000014c   Code   RO         5493    i.mpu_set_bypass    inv_mpu.o
    0x08007818   0x08007818   0x00000090   Code   RO         5495    i.mpu_set_dmp_state  inv_mpu.o
    0x080078a8   0x080078a8   0x00000088   Code   RO         5496    i.mpu_set_gyro_fsr  inv_mpu.o
    0x08007930   0x08007930   0x0000006c   Code   RO         5497    i.mpu_set_int_latched  inv_mpu.o
    0x0800799c   0x0800799c   0x00000084   Code   RO         5499    i.mpu_set_lpf       inv_mpu.o
    0x08007a20   0x08007a20   0x0000009c   Code   RO         5500    i.mpu_set_sample_rate  inv_mpu.o
    0x08007abc   0x08007abc   0x000000d0   Code   RO         5501    i.mpu_set_sensors   inv_mpu.o
    0x08007b8c   0x08007b8c   0x00000080   Code   RO         5502    i.mpu_write_mem     inv_mpu.o
    0x08007c0c   0x08007c0c   0x000000f4   Code   RO         4462    i.pid_ctrl          gimbal.o
    0x08007d00   0x08007d00   0x00000098   Code   RO         5018    i.powerInit         power.o
    0x08007d98   0x08007d98   0x00000098   Code   RO         3385    i.prvAddCurrentTaskToDelayedList  tasks.o
    0x08007e30   0x08007e30   0x000000b8   Code   RO         3386    i.prvAddNewTaskToReadyList  tasks.o
    0x08007ee8   0x08007ee8   0x00000064   Code   RO         3762    i.prvCheckForValidListAndQueue  timers.o
    0x08007f4c   0x08007f4c   0x00000064   Code   RO         3387    i.prvCheckTasksWaitingTermination  tasks.o
    0x08007fb0   0x08007fb0   0x0000002a   Code   RO         3140    i.prvCopyDataFromQueue  queue.o
    0x08007fda   0x08007fda   0x0000007c   Code   RO         3141    i.prvCopyDataToQueue  queue.o
    0x08008056   0x08008056   0x00000012   Code   RO         3388    i.prvDeleteTCB      tasks.o
    0x08008068   0x08008068   0x00000028   Code   RO         3763    i.prvGetNextExpireTime  timers.o
    0x08008090   0x08008090   0x0000007c   Code   RO         3904    i.prvHeapInit       heap_4.o
    0x0800810c   0x0800810c   0x00000028   Code   RO         3389    i.prvIdleTask       tasks.o
    0x08008134   0x08008134   0x0000002e   Code   RO         3143    i.prvInitialiseNewQueue  queue.o
    0x08008162   0x08008162   0x000000b4   Code   RO         3390    i.prvInitialiseNewTask  tasks.o
    0x08008216   0x08008216   0x00000002   PAD
    0x08008218   0x08008218   0x00000068   Code   RO         3391    i.prvInitialiseTaskLists  tasks.o
    0x08008280   0x08008280   0x00000068   Code   RO         3905    i.prvInsertBlockIntoFreeList  heap_4.o
    0x080082e8   0x080082e8   0x00000058   Code   RO         3765    i.prvInsertTimerInActiveList  timers.o
    0x08008340   0x08008340   0x0000001a   Code   RO         3144    i.prvIsQueueEmpty   queue.o
    0x0800835a   0x0800835a   0x0000001e   Code   RO         3145    i.prvIsQueueFull    queue.o
    0x08008378   0x08008378   0x00000090   Code   RO         3146    i.prvNotifyQueueSetContainer  queue.o
    0x08008408   0x08008408   0x00000064   Code   RO         3766    i.prvProcessExpiredTimer  timers.o
    0x0800846c   0x0800846c   0x000000f8   Code   RO         3767    i.prvProcessReceivedCommands  timers.o
    0x08008564   0x08008564   0x00000074   Code   RO         3768    i.prvProcessTimerOrBlockTask  timers.o
    0x080085d8   0x080085d8   0x00000034   Code   RO         3393    i.prvResetNextTaskUnblockTime  tasks.o
    0x0800860c   0x0800860c   0x0000002c   Code   RO         3769    i.prvSampleTimeNow  timers.o
    0x08008638   0x08008638   0x000000a0   Code   RO         3770    i.prvSwitchTimerLists  timers.o
    0x080086d8   0x080086d8   0x00000040   Code   RO         3966    i.prvTaskExitError  port.o
    0x08008718   0x08008718   0x0000001a   Code   RO         3771    i.prvTimerTask      timers.o
    0x08008732   0x08008732   0x00000092   Code   RO         3147    i.prvUnlockQueue    queue.o
    0x080087c4   0x080087c4   0x0000013c   Code   RO         3906    i.pvPortMalloc      heap_4.o
    0x08008900   0x08008900   0x00000020   Code   RO         3398    i.pvTaskIncrementMutexHeldCount  tasks.o
    0x08008920   0x08008920   0x0000002c   Code   RO         3967    i.pxPortInitialiseStack  port.o
    0x0800894c   0x0800894c   0x0000009a   Code   RO         5503    i.run_self_test     inv_mpu.o
    0x080089e6   0x080089e6   0x00000002   PAD
    0x080089e8   0x080089e8   0x00000014   Code   RO         4913    i.set_TIM8_fric1    pwm.o
    0x080089fc   0x080089fc   0x0000001c   Code   RO         4915    i.set_fric          pwm.o
    0x08008a18   0x08008a18   0x00000090   Code   RO         5504    i.set_int_enable    inv_mpu.o
    0x08008aa8   0x08008aa8   0x000000fc   Code   RO         4563    i.shootConversion   shoot.o
    0x08008ba4   0x08008ba4   0x00000040   Code   RO         4564    i.shootFeedback     shoot.o
    0x08008be4   0x08008be4   0x00000058   Code   RO         4565    i.shootInit         shoot.o
    0x08008c3c   0x08008c3c   0x00000118   Code   RO         4566    i.shootPidControl   shoot.o
    0x08008d54   0x08008d54   0x00000030   Code   RO         4567    i.shootPidInit      shoot.o
    0x08008d84   0x08008d84   0x0000003a   Code   RO         4568    i.shootSend         shoot.o
    0x08008dbe   0x08008dbe   0x00000002   PAD
    0x08008dc0   0x08008dc0   0x000000d0   Code   RO         4569    i.shootSpeedSet     shoot.o
    0x08008e90   0x08008e90   0x00000010   Code   RO         4570    i.shootTask         shoot.o
    0x08008ea0   0x08008ea0   0x00000012   Code   RO         4571    i.shoot_task        shoot.o
    0x08008eb2   0x08008eb2   0x00000002   PAD
    0x08008eb4   0x08008eb4   0x0000011c   Code   RO         4464    i.speedSet          gimbal.o
    0x08008fd0   0x08008fd0   0x0000006e   Code   RO         6355    i.sqrt              m_wm.l(sqrt.o)
    0x0800903e   0x0800903e   0x00000002   PAD
    0x08009040   0x08009040   0x000000b8   Code   RO         4642    i.start_rob_task    start_task.o
    0x080090f8   0x080090f8   0x00000030   Code   RO         4643    i.start_task        start_task.o
    0x08009128   0x08009128   0x0000000e   Code   RO         4749    i.super_task        super_cap.o
    0x08009136   0x08009136   0x00000002   PAD
    0x08009138   0x08009138   0x0000003c   Code   RO         4465    i.test_keybord      gimbal.o
    0x08009174   0x08009174   0x00000038   Code   RO         4466    i.top_speed         gimbal.o
    0x080091ac   0x080091ac   0x00000028   Code   RO         3091    i.uxListRemove      list.o
    0x080091d4   0x080091d4   0x0000001a   Code   RO         3092    i.vListInitialise   list.o
    0x080091ee   0x080091ee   0x00000006   Code   RO         3093    i.vListInitialiseItem  list.o
    0x080091f4   0x080091f4   0x00000034   Code   RO         3094    i.vListInsert       list.o
    0x08009228   0x08009228   0x00000018   Code   RO         3095    i.vListInsertEnd    list.o
    0x08009240   0x08009240   0x00000054   Code   RO         3969    i.vPortEnterCritical  port.o
    0x08009294   0x08009294   0x0000003c   Code   RO         3970    i.vPortExitCritical  port.o
    0x080092d0   0x080092d0   0x00000094   Code   RO         3907    i.vPortFree         heap_4.o
    0x08009364   0x08009364   0x00000002   Code   RO         5202    i.vPortSetupTimerInterrupt  freertos_middleware.o
    0x08009366   0x08009366   0x00000002   PAD
    0x08009368   0x08009368   0x00000078   Code   RO         3971    i.vPortValidateInterruptPriority  port.o
    0x080093e0   0x080093e0   0x0000002c   Code   RO         3153    i.vQueueAddToRegistry  queue.o
    0x0800940c   0x0800940c   0x0000004a   Code   RO         3157    i.vQueueWaitForMessageRestricted  queue.o
    0x08009456   0x08009456   0x00000002   PAD
    0x08009458   0x08009458   0x0000005c   Code   RO         3407    i.vTaskDelay        tasks.o
    0x080094b4   0x080094b4   0x000000f4   Code   RO         3409    i.vTaskDelete       tasks.o
    0x080095a8   0x080095a8   0x0000000c   Code   RO         3413    i.vTaskMissedYield  tasks.o
    0x080095b4   0x080095b4   0x00000038   Code   RO         3415    i.vTaskPlaceOnEventList  tasks.o
    0x080095ec   0x080095ec   0x00000040   Code   RO         3416    i.vTaskPlaceOnEventListRestricted  tasks.o
    0x0800962c   0x0800962c   0x000000b0   Code   RO         3418    i.vTaskPriorityInherit  tasks.o
    0x080096dc   0x080096dc   0x00000030   Code   RO         3422    i.vTaskSetTimeOutState  tasks.o
    0x0800970c   0x0800970c   0x00000094   Code   RO         3423    i.vTaskStartScheduler  tasks.o
    0x080097a0   0x080097a0   0x00000010   Code   RO         3425    i.vTaskSuspendAll   tasks.o
    0x080097b0   0x080097b0   0x0000008c   Code   RO         3426    i.vTaskSwitchContext  tasks.o
    0x0800983c   0x0800983c   0x0000013c   Code   RO         3972    i.xPortStartScheduler  port.o
    0x08009978   0x08009978   0x00000034   Code   RO         3973    i.xPortSysTickHandler  port.o
    0x080099ac   0x080099ac   0x00000058   Code   RO         3162    i.xQueueGenericCreate  queue.o
    0x08009a04   0x08009a04   0x000001c4   Code   RO         3163    i.xQueueGenericReceive  queue.o
    0x08009bc8   0x08009bc8   0x00000098   Code   RO         3164    i.xQueueGenericReset  queue.o
    0x08009c60   0x08009c60   0x000001c8   Code   RO         3165    i.xQueueGenericSend  queue.o
    0x08009e28   0x08009e28   0x00000108   Code   RO         3166    i.xQueueGenericSendFromISR  queue.o
    0x08009f30   0x08009f30   0x0000008c   Code   RO         3427    i.xTaskCheckForTimeOut  tasks.o
    0x08009fbc   0x08009fbc   0x00000060   Code   RO         3428    i.xTaskCreate       tasks.o
    0x0800a01c   0x0800a01c   0x00000020   Code   RO         3433    i.xTaskGetSchedulerState  tasks.o
    0x0800a03c   0x0800a03c   0x0000000c   Code   RO         3434    i.xTaskGetTickCount  tasks.o
    0x0800a048   0x0800a048   0x00000148   Code   RO         3436    i.xTaskIncrementTick  tasks.o
    0x0800a190   0x0800a190   0x000000c8   Code   RO         3439    i.xTaskPriorityDisinherit  tasks.o
    0x0800a258   0x0800a258   0x00000098   Code   RO         3440    i.xTaskRemoveFromEventList  tasks.o
    0x0800a2f0   0x0800a2f0   0x00000104   Code   RO         3442    i.xTaskResumeAll    tasks.o
    0x0800a3f4   0x0800a3f4   0x00000054   Code   RO         3775    i.xTimerCreateTimerTask  timers.o
    0x0800a448   0x0800a448   0x00000084   Code   RO         3776    i.xTimerGenericCommand  timers.o
    0x0800a4cc   0x0800a4cc   0x00000018   Code   RO         6156    x$fpl$basic         fz_wm.l(basic.o)
    0x0800a4e4   0x0800a4e4   0x00000062   Code   RO         6158    x$fpl$d2f           fz_wm.l(d2f.o)
    0x0800a546   0x0800a546   0x00000002   PAD
    0x0800a548   0x0800a548   0x00000150   Code   RO         6160    x$fpl$dadd          fz_wm.l(daddsub_clz.o)
    0x0800a698   0x0800a698   0x000002b0   Code   RO         6167    x$fpl$ddiv          fz_wm.l(ddiv.o)
    0x0800a948   0x0800a948   0x0000005e   Code   RO         6170    x$fpl$dfix          fz_wm.l(dfix.o)
    0x0800a9a6   0x0800a9a6   0x0000002e   Code   RO         6175    x$fpl$dflt          fz_wm.l(dflt_clz.o)
    0x0800a9d4   0x0800a9d4   0x00000154   Code   RO         6180    x$fpl$dmul          fz_wm.l(dmul.o)
    0x0800ab28   0x0800ab28   0x0000009c   Code   RO         6288    x$fpl$dnaninf       fz_wm.l(dnaninf.o)
    0x0800abc4   0x0800abc4   0x0000000c   Code   RO         6290    x$fpl$dretinf       fz_wm.l(dretinf.o)
    0x0800abd0   0x0800abd0   0x00000016   Code   RO         6161    x$fpl$drsb          fz_wm.l(daddsub_clz.o)
    0x0800abe6   0x0800abe6   0x00000002   PAD
    0x0800abe8   0x0800abe8   0x00000198   Code   RO         6397    x$fpl$dsqrt         fz_wm.l(dsqrt_umaal.o)
    0x0800ad80   0x0800ad80   0x000001d4   Code   RO         6162    x$fpl$dsub          fz_wm.l(daddsub_clz.o)
    0x0800af54   0x0800af54   0x00000056   Code   RO         6182    x$fpl$f2d           fz_wm.l(f2d.o)
    0x0800afaa   0x0800afaa   0x00000002   PAD
    0x0800afac   0x0800afac   0x00000052   Code   RO         6292    x$fpl$fcmp4         fz_wm.l(fcmp4.o)
    0x0800affe   0x0800affe   0x00000018   Code   RO         6399    x$fpl$fcmpinf       fz_wm.l(fcmpi.o)
    0x0800b016   0x0800b016   0x0000008c   Code   RO         6296    x$fpl$fnaninf       fz_wm.l(fnaninf.o)
    0x0800b0a2   0x0800b0a2   0x0000000a   Code   RO         6484    x$fpl$fpinit        fz_wm.l(fpinit.o)
    0x0800b0ac   0x0800b0ac   0x0000000a   Code   RO         6298    x$fpl$fretinf       fz_wm.l(fretinf.o)
    0x0800b0b6   0x0800b0b6   0x00000000   Code   RO         6300    x$fpl$usenofp       fz_wm.l(usenofp.o)
    0x0800b0b6   0x0800b0b6   0x00000302   Data   RO         4054    .constdata          crc.o
    0x0800b3b8   0x0800b3b8   0x00000020   Data   RO         4321    .constdata          chassis.o
    0x0800b3d8   0x0800b3d8   0x00000054   Data   RO         5506    .constdata          inv_mpu.o
    0x0800b42c   0x0800b42c   0x00000bf6   Data   RO         5816    .constdata          inv_mpu_dmp_motion_driver.o
    0x0800c022   0x0800c022   0x00000006   PAD
    0x0800c028   0x0800c028   0x00000050   Data   RO         6187    .constdata          m_wm.l(asin.o)
    0x0800c078   0x0800c078   0x00000098   Data   RO         6304    .constdata          m_wm.l(atan.o)
    0x0800c110   0x0800c110   0x00000008   Data   RO         6349    .constdata          m_wm.l(qnan.o)
    0x0800c118   0x0800c118   0x00000020   Data   RO         6351    .constdata          m_wm.l(rredf.o)
    0x0800c138   0x0800c138   0x00000020   Data   RO         6542    Region$$Table       anon$$obj.o


    Execution Region RW_IRAM1 (Exec base: 0x20000000, Load base: 0x0800c158, Size: 0x00021068, Max: 0x00030000, ABSOLUTE, COMPRESSED[0x00000068])

    Exec Addr    Load Addr    Size         Type   Attr      Idx    E Section Name        Object

    0x20000000   COMPRESSED   0x00000014   Data   RW          271    .data               system_stm32f4xx.o
    0x20000014   COMPRESSED   0x00000010   Data   RW          745    .data               stm32f4xx_rcc.o
    0x20000024   COMPRESSED   0x0000003c   Data   RW         3445    .data               tasks.o
    0x20000060   COMPRESSED   0x00000014   Data   RW         3782    .data               timers.o
    0x20000074   COMPRESSED   0x00000018   Data   RW         3912    .data               heap_4.o
    0x2000008c   COMPRESSED   0x0000000c   Data   RW         3974    .data               port.o
    0x20000098   COMPRESSED   0x00000002   Data   RW         4055    .data               crc.o
    0x2000009a   COMPRESSED   0x00000002   PAD
    0x2000009c   COMPRESSED   0x00000045   Data   RW         4125    .data               judge.o
    0x200000e1   COMPRESSED   0x00000003   PAD
    0x200000e4   COMPRESSED   0x00000054   Data   RW         4322    .data               chassis.o
    0x20000138   COMPRESSED   0x00000078   Data   RW         4418    .data               feedback.o
    0x200001b0   COMPRESSED   0x00000068   Data   RW         4468    .data               gimbal.o
    0x20000218   COMPRESSED   0x00000038   Data   RW         4573    .data               shoot.o
    0x20000250   COMPRESSED   0x00000014   Data   RW         4644    .data               start_task.o
    0x20000264   COMPRESSED   0x00000008   Data   RW         5052    .data               usart.o
    0x2000026c   COMPRESSED   0x00000008   Data   RW         5164    .data               delay.o
    0x20000274   COMPRESSED   0x00000004   PAD
    0x20000278   COMPRESSED   0x00000008   Data   RW         5203    .data               freertos_middleware.o
    0x20000280   COMPRESSED   0x00000004   Data   RW         5253    .data               usart7.o
    0x20000284   COMPRESSED   0x00000003   Data   RW         5349    .data               updata_vsion.o
    0x20000287   COMPRESSED   0x00000001   PAD
    0x20000288   COMPRESSED   0x00000035   Data   RW         5507    .data               inv_mpu.o
    0x200002bd   COMPRESSED   0x00000003   PAD
    0x200002c0        -       0x00000040   Zero   RW         3177    .bss                queue.o
    0x20000300        -       0x000002e4   Zero   RW         3444    .bss                tasks.o
    0x200005e4        -       0x00000028   Zero   RW         3781    .bss                timers.o
    0x2000060c        -       0x00020000   Zero   RW         3911    .bss                heap_4.o
    0x2002060c        -       0x000001f2   Zero   RW         4124    .bss                judge.o
    0x200207fe   COMPRESSED   0x00000002   PAD
    0x20020800        -       0x00000044   Zero   RW         4320    .bss                chassis.o
    0x20020844        -       0x000000ac   Zero   RW         4467    .bss                gimbal.o
    0x200208f0        -       0x00000060   Zero   RW         4572    .bss                shoot.o
    0x20020950        -       0x00000014   Zero   RW         4791    .bss                can.o
    0x20020964        -       0x00000018   Zero   RW         4973    .bss                imu.o
    0x2002097c        -       0x00000101   Zero   RW         5051    .bss                usart.o
    0x20020a7d   COMPRESSED   0x00000003   PAD
    0x20020a80        -       0x000000a0   Zero   RW         5252    .bss                usart7.o
    0x20020b20        -       0x000000d4   Zero   RW         5348    .bss                updata_vsion.o
    0x20020bf4        -       0x00000010   Zero   RW         5815    .bss                inv_mpu_dmp_motion_driver.o
    0x20020c04        -       0x00000060   Zero   RW         6402    .bss                c_w.l(libspace.o)
    0x20020c64   COMPRESSED   0x00000004   PAD
    0x20020c68        -       0x00000000   Zero   RW            2    HEAP                startup_stm32f427xx.o
    0x20020c68        -       0x00000400   Zero   RW            1    STACK               startup_stm32f427xx.o


==============================================================================

Image component sizes


      Code (inc. data)   RO Data    RW Data    ZI Data      Debug   Object Name

       772         28          0          0         20       4598   can.o
      3034        384         32         84         68      16412   chassis.o
       200         14        770          2          0       3785   crc.o
         0          0          0          0          0       7368   croutine.o
       188         22          0          8          0       1656   delay.o
         0          0          0          0          0      12052   event_groups.o
       820         68          0        120          0       2985   feedback.o
        66          8          0          8          0       2466   freertos_middleware.o
      2000        306          0        104        172      10518   gimbal.o
       692         62          0         24     131072       4751   heap_4.o
       100          8          0          0         24       1820   imu.o
      6110        196         84         53          0      32135   inv_mpu.o
      3128        138       3062          0         16      22034   inv_mpu_dmp_motion_driver.o
       560        100          0         69        498       9875   judge.o
       172         30          0          0          0       2277   led.o
       148          0          0          0          0       3570   list.o
       120          0          0          0          0       1102   main_1.o
       180         24          0          0          0       2257   misc.o
       416         14          0          0          0       7920   mpu6500.o
       922         86          0         12          0      11650   port.o
       152          8          0          0          0        656   power.o
       572         34          0          0          0       2015   pwm.o
      2088         22          0          0         64      17997   queue.o
      1460        194          0         56         96       7944   shoot.o
       324         16          0          0          0       1384   spi.o
       232         98          0         20          0       1694   start_task.o
        76         28        428          0       1024        920   startup_stm32f427xx.o
      1282         28          0          0          0       6178   stm32f4xx_can.o
       716         72          0          0          0       6171   stm32f4xx_dma.o
       222          0          0          0          0       3107   stm32f4xx_gpio.o
        20          0          0          0          0     335926   stm32f4xx_it.o
       392         48          0         16          0       6213   stm32f4xx_rcc.o
       112          0          0          0          0       3774   stm32f4xx_spi.o
       570         46          0          0          0       9852   stm32f4xx_tim.o
       744         42          0          0          0       8555   stm32f4xx_usart.o
       178         10          0          0          0       1819   super_cap.o
       392         32          0         20          0       2057   system_stm32f4xx.o
      3078        410          0         60        740      24887   tasks.o
       188          8          0          0          0       1851   time.o
      1138        116          0         20         40      18211   timers.o
         0          0          0          3        212       1944   updata_vsion.o
      1140         92          0          8        257       9060   usart.o
       428         44          0          4        160       3627   usart7.o
       368         28          0          0          0       1400   usart8.o

    ----------------------------------------------------------------------
     35542       2864       4414        704     134468     638473   Object Totals
         0          0         32          0          0          0   (incl. Generated)
        42          0          6         13          5          0   (incl. Padding)

    ----------------------------------------------------------------------

      Code (inc. data)   RO Data    RW Data    ZI Data      Debug   Library Member Name

        90          0          0          0          0          0   __dczerorl2.o
         8          0          0          0          0         68   __main.o
       104          0          0          0          0         84   __printf.o
         0          0          0          0          0          0   __rtentry.o
        12          0          0          0          0          0   __rtentry2.o
         6          0          0          0          0          0   __rtentry4.o
        52          8          0          0          0          0   __scatter.o
        28          0          0          0          0          0   __scatter_zi.o
        48          6          0          0          0         96   _printf_char_common.o
        36          4          0          0          0         80   _printf_char_file.o
         6          0          0          0          0          0   _printf_d.o
       120         16          0          0          0         92   _printf_dec.o
       178          0          0          0          0         88   _printf_intcommon.o
         0          0          0          0          0          0   _printf_percent.o
         4          0          0          0          0          0   _printf_percent_end.o
        22          0          0          0          0        100   _rserrno.o
        16          0          0          0          0         68   aeabi_memset.o
        18          0          0          0          0         80   exit.o
         8          0          0          0          0         68   ferror.o
         6          0          0          0          0        152   heapauxi.o
         2          0          0          0          0          0   libinit.o
         6          0          0          0          0          0   libinit2.o
         2          0          0          0          0          0   libshutdown.o
         2          0          0          0          0          0   libshutdown2.o
         8          4          0          0         96         68   libspace.o
        72          0          0          0          0         76   llsdiv.o
       238          0          0          0          0        100   lludivv7m.o
        88          0          0          0          0         76   memcmp.o
        24          4          0          0          0         84   noretval__2printf.o
         8          4          0          0          0         68   rt_errno_addr_intlibspace.o
        68          0          0          0          0         68   rt_memclr.o
        78          0          0          0          0         80   rt_memclr_w.o
       138          0          0          0          0         68   rt_memcpy_v6.o
       100          0          0          0          0         80   rt_memcpy_w.o
         2          0          0          0          0          0   rtexit.o
        10          0          0          0          0          0   rtexit2.o
        74          0          0          0          0         80   sys_stackheap_outer.o
         2          0          0          0          0         68   use_no_semi.o
         2          0          0          0          0         68   use_no_semi_2.o
        24          0          0          0          0        164   basic.o
        98          4          0          0          0        140   d2f.o
       826         16          0          0          0        492   daddsub_clz.o
       688        140          0          0          0        256   ddiv.o
        94          4          0          0          0        140   dfix.o
        46          0          0          0          0        116   dflt_clz.o
       340         12          0          0          0        152   dmul.o
       156          4          0          0          0        140   dnaninf.o
        12          0          0          0          0        116   dretinf.o
       408         56          0          0          0        168   dsqrt_umaal.o
        86          4          0          0          0        132   f2d.o
        82          4          0          0          0        160   fcmp4.o
        24          0          0          0          0        116   fcmpi.o
       140          4          0          0          0        132   fnaninf.o
        10          0          0          0          0        116   fpinit.o
        10          0          0          0          0        116   fretinf.o
         0          0          0          0          0          0   usenofp.o
       864         94         80          0          0        280   asin.o
       744        106        152          0          0        352   atan.o
       496         64          0          0          0        192   atan2.o
       592         90          0          0          0        184   atan2f.o
       336         56          0          0          0        136   cosf.o
       104         16          0          0          0        496   dunder.o
        24          0          0          0          0        124   fabs.o
        72          0          0          0          0        148   fmaxf.o
        48          0          0          0          0        124   fpclassify.o
        38          0          0          0          0        116   fpclassifyf.o
        44         12          0          0          0        464   funder.o
       248          0          0          0          0        152   poly.o
         0          0          8          0          0          0   qnan.o
       340         24         32          0          0        160   rredf.o
       400         56          0          0          0        212   sinf.o
       110          0          0          0          0        148   sqrt.o
        58          0          0          0          0        136   sqrtf.o

    ----------------------------------------------------------------------
      9268        812        272          0        100       8040   Library Totals
        20          0          0          0          4          0   (incl. Padding)

    ----------------------------------------------------------------------

      Code (inc. data)   RO Data    RW Data    ZI Data      Debug   Library Name

      1686         46          0          0         96       1960   c_w.l
      3044        248          0          0          0       2656   fz_wm.l
      4518        518        272          0          0       3424   m_wm.l

    ----------------------------------------------------------------------
      9268        812        272          0        100       8040   Library Totals

    ----------------------------------------------------------------------

==============================================================================


      Code (inc. data)   RO Data    RW Data    ZI Data      Debug   

     44810       3676       4686        704     134568     613373   Grand Totals
     44810       3676       4686        104     134568     613373   ELF Image Totals (compressed)
     44810       3676       4686        104          0          0   ROM Totals

==============================================================================

    Total RO  Size (Code + RO Data)                49496 (  48.34kB)
    Total RW  Size (RW Data + ZI Data)            135272 ( 132.10kB)
    Total ROM Size (Code + RO Data + RW Data)      49600 (  48.44kB)

==============================================================================

